Starting a Gradle Daemon, 43 busy and 1 incompatible and 7 stopped Daemons could not be reused, use --status for details
> Task :common-lib:compileJava UP-TO-DATE
> Task :common-lib:processResources NO-SOURCE
> Task :common-lib:classes UP-TO-DATE
> Task :common-lib:jar UP-TO-DATE
> Task :auth-service:compileJava UP-TO-DATE
> Task :auth-service:processResources UP-TO-DATE
> Task :auth-service:classes UP-TO-DATE
> Task :auth-service:resolveMainClassName UP-TO-DATE

> Task :auth-service:bootRun

  .   ____          _            __ _ _
 /\\ / ___'_ __ _ _(_)_ __  __ _ \ \ \ \
( ( )\___ | '_ | '_| | '_ \/ _` | \ \ \ \
 \\/  ___)| |_)| | | | | || (_| |  ) ) ) )
  '  |____| .__|_| |_|_| |_\__, | / / / /
 =========|_|==============|___/=/_/_/_/

 :: Spring Boot ::                (v3.4.4)

2026-08-06T09:12:54.256+07:00  INFO 27588 --- [auth-service] [           main] c.ecommerce.auth.AuthServiceApplication  : Starting AuthServiceApplication using Java 17.0.20 with PID 27588 (C:\My Project\e-commerce\backend-microservice\auth-service\build\classes\java\main started by duoc.nguyen1 in C:\My Project\e-commerce\backend-microservice\auth-service)
2026-08-06T09:12:54.260+07:00  INFO 27588 --- [auth-service] [           main] c.ecommerce.auth.AuthServiceApplication  : No active profile set, falling back to 1 default profile: "default"
2026-08-06T09:12:55.864+07:00  INFO 27588 --- [auth-service] [           main] .s.d.r.c.RepositoryConfigurationDelegate : Bootstrapping Spring Data JPA repositories in DEFAULT mode.
2026-08-06T09:12:56.268+07:00  INFO 27588 --- [auth-service] [           main] .s.d.r.c.RepositoryConfigurationDelegate : Finished Spring Data repository scanning in 353 ms. Found 2 JPA repository interfaces.
2026-08-06T09:12:57.193+07:00  INFO 27588 --- [auth-service] [           main] o.s.cloud.context.scope.GenericScope     : BeanFactory id=bd43de7c-3222-31c4-990d-7e554528cbfd
2026-08-06T09:12:57.789+07:00  INFO 27588 --- [auth-service] [           main] o.s.b.w.embedded.tomcat.TomcatWebServer  : Tomcat initialized with port 8081 (http)
2026-08-06T09:12:57.813+07:00  INFO 27588 --- [auth-service] [           main] o.apache.catalina.core.StandardService   : Starting service [Tomcat]
2026-08-06T09:12:57.815+07:00  INFO 27588 --- [auth-service] [           main] o.apache.catalina.core.StandardEngine    : Starting Servlet engine: [Apache Tomcat/10.1.39]
2026-08-06T09:12:57.928+07:00  INFO 27588 --- [auth-service] [           main] o.a.c.c.C.[Tomcat].[localhost].[/]       : Initializing Spring embedded WebApplicationContext
2026-08-06T09:12:57.930+07:00  INFO 27588 --- [auth-service] [           main] w.s.c.ServletWebServerApplicationContext : Root WebApplicationContext: initialization completed in 3600 ms
2026-08-06T09:12:58.180+07:00  INFO 27588 --- [auth-service] [           main] o.hibernate.jpa.internal.util.LogHelper  : HHH000204: Processing PersistenceUnitInfo [name: default]
2026-08-06T09:12:58.265+07:00  INFO 27588 --- [auth-service] [           main] org.hibernate.Version                    : HHH000412: Hibernate ORM core version 6.6.11.Final
2026-08-06T09:12:58.317+07:00  INFO 27588 --- [auth-service] [           main] o.h.c.internal.RegionFactoryInitiator    : HHH000026: Second-level cache disabled
2026-08-06T09:12:58.760+07:00  INFO 27588 --- [auth-service] [           main] o.s.o.j.p.SpringPersistenceUnitInfo      : No LoadTimeWeaver setup: ignoring JPA class transformer
2026-08-06T09:12:58.798+07:00  INFO 27588 --- [auth-service] [           main] com.zaxxer.hikari.HikariDataSource       : HikariPool-1 - Starting...
2026-08-06T09:12:59.131+07:00  INFO 27588 --- [auth-service] [           main] com.zaxxer.hikari.pool.HikariPool        : HikariPool-1 - Added connection com.mysql.cj.jdbc.ConnectionImpl@2890e479
2026-08-06T09:12:59.134+07:00  INFO 27588 --- [auth-service] [           main] com.zaxxer.hikari.HikariDataSource       : HikariPool-1 - Start completed.
2026-08-06T09:12:59.247+07:00  INFO 27588 --- [auth-service] [           main] org.hibernate.orm.connections.pooling    : HHH10001005: Database info:
	Database JDBC URL [Connecting through datasource 'HikariDataSource (HikariPool-1)']
	Database driver: undefined/unknown
	Database version: 8.4.11
	Autocommit mode: undefined/unknown
	Isolation level: undefined/unknown
	Minimum pool size: undefined/unknown
	Maximum pool size: undefined/unknown
2026-08-06T09:13:01.678+07:00  INFO 27588 --- [auth-service] [           main] o.h.e.t.j.p.i.JtaPlatformInitiator       : HHH000489: No JTA platform available (set 'hibernate.transaction.jta.platform' to enable JTA platform integration)
2026-08-06T09:13:01.745+07:00  INFO 27588 --- [auth-service] [           main] j.LocalContainerEntityManagerFactoryBean : Initialized JPA EntityManagerFactory for persistence unit 'default'
2026-08-06T09:13:02.249+07:00  WARN 27588 --- [auth-service] [           main] JpaBaseConfiguration$JpaWebConfiguration : spring.jpa.open-in-view is enabled by default. Therefore, database queries may be performed during view rendering. Explicitly configure spring.jpa.open-in-view to disable this warning
2026-08-06T09:13:02.326+07:00  INFO 27588 --- [auth-service] [           main] r$InitializeUserDetailsManagerConfigurer : Global AuthenticationManager configured with UserDetailsService bean with name customUserDetailsService
2026-08-06T09:13:03.362+07:00  INFO 27588 --- [auth-service] [           main] DiscoveryClientOptionalArgsConfiguration : Eureka HTTP Client uses RestTemplate.
2026-08-06T09:13:03.418+07:00  WARN 27588 --- [auth-service] [           main] iguration$LoadBalancerCaffeineWarnLogger : Spring Cloud LoadBalancer is currently working with the default cache. While this cache implementation is useful for development and tests, it's recommended to use Caffeine cache in production.You can switch to using Caffeine cache, by adding it and org.springframework.cache.caffeine.CaffeineCacheManager to the classpath.
2026-08-06T09:13:03.513+07:00  INFO 27588 --- [auth-service] [           main] o.s.c.n.eureka.InstanceInfoFactory       : Setting initial instance status as: STARTING
2026-08-06T09:13:03.538+07:00  INFO 27588 --- [auth-service] [           main] com.netflix.discovery.DiscoveryClient    : Initializing Eureka in region us-east-1
2026-08-06T09:13:03.542+07:00  INFO 27588 --- [auth-service] [           main] c.n.d.s.r.aws.ConfigClusterResolver      : Resolving eureka endpoints via configuration
2026-08-06T09:13:03.552+07:00  INFO 27588 --- [auth-service] [           main] com.netflix.discovery.DiscoveryClient    : Disable delta property : false
2026-08-06T09:13:03.552+07:00  INFO 27588 --- [auth-service] [           main] com.netflix.discovery.DiscoveryClient    : Single vip registry refresh property : null
2026-08-06T09:13:03.552+07:00  INFO 27588 --- [auth-service] [           main] com.netflix.discovery.DiscoveryClient    : Force full registry fetch : false
2026-08-06T09:13:03.552+07:00  INFO 27588 --- [auth-service] [           main] com.netflix.discovery.DiscoveryClient    : Application is null : false
2026-08-06T09:13:03.552+07:00  INFO 27588 --- [auth-service] [           main] com.netflix.discovery.DiscoveryClient    : Registered Applications size is zero : true
2026-08-06T09:13:03.553+07:00  INFO 27588 --- [auth-service] [           main] com.netflix.discovery.DiscoveryClient    : Application version is -1: true
2026-08-06T09:13:03.553+07:00  INFO 27588 --- [auth-service] [           main] com.netflix.discovery.DiscoveryClient    : Getting all instance registry info from the eureka server
2026-08-06T09:13:04.059+07:00  INFO 27588 --- [auth-service] [           main] com.netflix.discovery.DiscoveryClient    : The response status is 200
2026-08-06T09:13:04.062+07:00  INFO 27588 --- [auth-service] [           main] com.netflix.discovery.DiscoveryClient    : Starting heartbeat executor: renew interval is: 30
2026-08-06T09:13:04.064+07:00  INFO 27588 --- [auth-service] [           main] c.n.discovery.InstanceInfoReplicator     : InstanceInfoReplicator onDemand update allowed rate per min is 4
2026-08-06T09:13:04.066+07:00  INFO 27588 --- [auth-service] [           main] com.netflix.discovery.DiscoveryClient    : Discovery Client initialized at timestamp 1785982384064 with initial instances count: 3
2026-08-06T09:13:04.069+07:00  INFO 27588 --- [auth-service] [           main] o.s.c.n.e.s.EurekaServiceRegistry        : Registering application AUTH-SERVICE with eureka with status UP
2026-08-06T09:13:04.070+07:00  INFO 27588 --- [auth-service] [           main] com.netflix.discovery.DiscoveryClient    : Saw local status change event StatusChangeEvent [timestamp=1785982384070, current=UP, previous=STARTING]
2026-08-06T09:13:04.073+07:00  INFO 27588 --- [auth-service] [foReplicator-%d] com.netflix.discovery.DiscoveryClient    : DiscoveryClient_AUTH-SERVICE/D-DU11-DUOCNH1.ntq-solution.com.vn:auth-service:8081: registering service...
2026-08-06T09:13:04.151+07:00  INFO 27588 --- [auth-service] [           main] o.s.b.w.embedded.tomcat.TomcatWebServer  : Tomcat started on port 8081 (http) with context path '/'
2026-08-06T09:13:04.153+07:00  INFO 27588 --- [auth-service] [           main] .s.c.n.e.s.EurekaAutoServiceRegistration : Updating port to 8081
2026-08-06T09:13:04.176+07:00  INFO 27588 --- [auth-service] [foReplicator-%d] com.netflix.discovery.DiscoveryClient    : DiscoveryClient_AUTH-SERVICE/D-DU11-DUOCNH1.ntq-solution.com.vn:auth-service:8081 - registration status: 204
2026-08-06T09:13:04.262+07:00  INFO 27588 --- [auth-service] [           main] c.ecommerce.auth.AuthServiceApplication  : Started AuthServiceApplication in 11.423 seconds (process running for 12.181)
2026-08-06T09:14:14.094+07:00  INFO 27588 --- [auth-service] [nio-8081-exec-1] o.a.c.c.C.[Tomcat].[localhost].[/]       : Initializing Spring DispatcherServlet 'dispatcherServlet'
2026-08-06T09:14:14.095+07:00  INFO 27588 --- [auth-service] [nio-8081-exec-1] o.s.web.servlet.DispatcherServlet        : Initializing Servlet 'dispatcherServlet'
2026-08-06T09:14:14.096+07:00  INFO 27588 --- [auth-service] [nio-8081-exec-1] o.s.web.servlet.DispatcherServlet        : Completed initialization in 1 ms
2026-08-06T09:18:03.564+07:00  INFO 27588 --- [auth-service] [rap-executor-%d] c.n.d.s.r.aws.ConfigClusterResolver      : Resolving eureka endpoints via configuration
