> Task :discovery-server:compileJava
> Task :discovery-server:processResources
> Task :discovery-server:classes
> Task :discovery-server:resolveMainClassName

> Task :discovery-server:bootRun

  .   ____          _            __ _ _
 /\\ / ___'_ __ _ _(_)_ __  __ _ \ \ \ \
( ( )\___ | '_ | '_| | '_ \/ _` | \ \ \ \
 \\/  ___)| |_)| | | | | || (_| |  ) ) ) )
  '  |____| .__|_| |_|_| |_\__, | / / / /
 =========|_|==============|___/=/_/_/_/

 :: Spring Boot ::                (v3.4.4)

2026-08-03T16:48:12.468+07:00  INFO 16484 --- [discovery-server] [           main] c.e.d.DiscoveryServerApplication         : Starting DiscoveryServerApplication using Java 17.0.20 with PID 16484 (C:\My Project\e-commerce\backend-microservice\discovery-server\build\classes\java\main started by duoc.nguyen1 in C:\My Project\e-commerce\backend-microservice\discovery-server)
2026-08-03T16:48:12.471+07:00  INFO 16484 --- [discovery-server] [           main] c.e.d.DiscoveryServerApplication         : No active profile set, falling back to 1 default profile: "default"
2026-08-03T16:48:13.257+07:00  INFO 16484 --- [discovery-server] [           main] o.s.cloud.context.scope.GenericScope     : BeanFactory id=19031fda-b599-3214-bfc7-f268a1f68818
2026-08-03T16:48:34.801+07:00  INFO 16484 --- [discovery-server] [           main] o.s.b.w.embedded.tomcat.TomcatWebServer  : Tomcat initialized with port 8761 (http)
2026-08-03T16:48:34.861+07:00  INFO 16484 --- [discovery-server] [           main] o.apache.catalina.core.StandardService   : Starting service [Tomcat]
2026-08-03T16:48:34.862+07:00  INFO 16484 --- [discovery-server] [           main] o.apache.catalina.core.StandardEngine    : Starting Servlet engine: [Apache Tomcat/10.1.39]
2026-08-03T16:48:37.385+07:00  INFO 16484 --- [discovery-server] [           main] o.a.c.c.C.[Tomcat].[localhost].[/]       : Initializing Spring embedded WebApplicationContext
2026-08-03T16:48:37.387+07:00  INFO 16484 --- [discovery-server] [           main] w.s.c.ServletWebServerApplicationContext : Root WebApplicationContext: initialization completed in 24872 ms
2026-08-03T16:48:41.392+07:00  INFO 16484 --- [discovery-server] [           main] c.n.d.provider.DiscoveryJerseyProvider   : Using JSON encoding codec LegacyJacksonJson
2026-08-03T16:48:41.394+07:00  INFO 16484 --- [discovery-server] [           main] c.n.d.provider.DiscoveryJerseyProvider   : Using JSON decoding codec LegacyJacksonJson
2026-08-03T16:48:41.632+07:00  INFO 16484 --- [discovery-server] [           main] c.n.d.provider.DiscoveryJerseyProvider   : Using XML encoding codec XStreamXml
2026-08-03T16:48:41.632+07:00  INFO 16484 --- [discovery-server] [           main] c.n.d.provider.DiscoveryJerseyProvider   : Using XML decoding codec XStreamXml
2026-08-03T16:48:41.827+07:00  INFO 16484 --- [discovery-server] [           main] o.s.v.b.OptionalValidatorFactoryBean     : Failed to set up a Bean Validation provider: jakarta.validation.NoProviderFoundException: Unable to create a Configuration, because no Jakarta Bean Validation provider could be found. Add a provider like Hibernate Validator (RI) to your classpath.
2026-08-03T16:48:44.771+07:00  WARN 16484 --- [discovery-server] [           main] iguration$LoadBalancerCaffeineWarnLogger : Spring Cloud LoadBalancer is currently working with the default cache. While this cache implementation is useful for development and tests, it's recommended to use Caffeine cache in production.You can switch to using Caffeine cache, by adding it and org.springframework.cache.caffeine.CaffeineCacheManager to the classpath.
2026-08-03T16:48:44.796+07:00  INFO 16484 --- [discovery-server] [           main] o.s.c.n.eureka.InstanceInfoFactory       : Setting initial instance status as: STARTING
2026-08-03T16:48:44.853+07:00  INFO 16484 --- [discovery-server] [           main] com.netflix.discovery.DiscoveryClient    : Initializing Eureka in region us-east-1
2026-08-03T16:48:44.853+07:00  INFO 16484 --- [discovery-server] [           main] com.netflix.discovery.DiscoveryClient    : Client configured to neither register nor query for data.
2026-08-03T16:48:44.854+07:00  INFO 16484 --- [discovery-server] [           main] com.netflix.discovery.DiscoveryClient    : Discovery Client initialized at timestamp 1785750524854 with initial instances count: 0
2026-08-03T16:48:44.896+07:00  INFO 16484 --- [discovery-server] [           main] c.n.eureka.DefaultEurekaServerContext    : Initializing ...
2026-08-03T16:48:44.898+07:00  WARN 16484 --- [discovery-server] [           main] c.n.eureka.cluster.PeerEurekaNodes       : The replica size seems to be empty. Check the route 53 DNS Registry
2026-08-03T16:48:44.908+07:00  INFO 16484 --- [discovery-server] [           main] c.n.e.registry.AbstractInstanceRegistry  : Finished initializing remote region registries. All known remote regions: []
2026-08-03T16:48:44.908+07:00  INFO 16484 --- [discovery-server] [           main] c.n.eureka.DefaultEurekaServerContext    : Initialized
2026-08-03T16:48:44.917+07:00  INFO 16484 --- [discovery-server] [           main] o.s.b.a.e.web.EndpointLinksResolver      : Exposing 2 endpoints beneath base path '/actuator'
2026-08-03T16:48:44.976+07:00  INFO 16484 --- [discovery-server] [           main] o.s.c.n.e.s.EurekaServiceRegistry        : Registering application DISCOVERY-SERVER with eureka with status UP
2026-08-03T16:48:44.993+07:00  INFO 16484 --- [discovery-server] [       Thread-9] o.s.c.n.e.server.EurekaServerBootstrap   : isAws returned false
2026-08-03T16:48:44.994+07:00  INFO 16484 --- [discovery-server] [       Thread-9] o.s.c.n.e.server.EurekaServerBootstrap   : Initialized server context
2026-08-03T16:48:44.994+07:00  INFO 16484 --- [discovery-server] [       Thread-9] c.n.e.r.PeerAwareInstanceRegistryImpl    : Got 1 instances from neighboring DS node
2026-08-03T16:48:44.994+07:00  INFO 16484 --- [discovery-server] [       Thread-9] c.n.e.r.PeerAwareInstanceRegistryImpl    : Renew threshold is: 1
2026-08-03T16:48:44.994+07:00  INFO 16484 --- [discovery-server] [       Thread-9] c.n.e.r.PeerAwareInstanceRegistryImpl    : Changing status to UP
2026-08-03T16:48:44.998+07:00  INFO 16484 --- [discovery-server] [       Thread-9] e.s.EurekaServerInitializerConfiguration : Started Eureka Server
2026-08-03T16:48:45.154+07:00  INFO 16484 --- [discovery-server] [           main] o.s.b.w.embedded.tomcat.TomcatWebServer  : Tomcat started on port 8761 (http) with context path '/'
2026-08-03T16:48:45.155+07:00  INFO 16484 --- [discovery-server] [           main] .s.c.n.e.s.EurekaAutoServiceRegistration : Updating port to 8761
2026-08-03T16:48:45.247+07:00  INFO 16484 --- [discovery-server] [           main] c.e.d.DiscoveryServerApplication         : Started DiscoveryServerApplication in 33.34 seconds (process running for 33.871)
2026-08-03T16:49:45.110+07:00  INFO 16484 --- [discovery-server] [a-EvictionTimer] c.n.e.registry.AbstractInstanceRegistry  : Running the evict task with compensationTime 0ms
2026-08-03T16:50:45.108+07:00  INFO 16484 --- [discovery-server] [a-EvictionTimer] c.n.e.registry.AbstractInstanceRegistry  : Running the evict task with compensationTime 2ms
2026-08-03T16:51:11.149+07:00  INFO 16484 --- [discovery-server] [nio-8761-exec-1] o.a.c.c.C.[Tomcat].[localhost].[/]       : Initializing Spring DispatcherServlet 'dispatcherServlet'
2026-08-03T16:51:11.150+07:00  INFO 16484 --- [discovery-server] [nio-8761-exec-1] o.s.web.servlet.DispatcherServlet        : Initializing Servlet 'dispatcherServlet'
2026-08-03T16:51:11.155+07:00  INFO 16484 --- [discovery-server] [nio-8761-exec-1] o.s.web.servlet.DispatcherServlet        : Completed initialization in 3 ms
2026-08-03T16:51:11.902+07:00  INFO 16484 --- [discovery-server] [nio-8761-exec-2] c.n.e.registry.AbstractInstanceRegistry  : Registered instance API-GATEWAY/D-DU11-DUOCNH1.ntq-solution.com.vn:api-gateway:8080 with status UP (replication=false)
2026-08-03T16:51:45.115+07:00  INFO 16484 --- [discovery-server] [a-EvictionTimer] c.n.e.registry.AbstractInstanceRegistry  : Running the evict task with compensationTime 8ms
2026-08-03T16:52:45.115+07:00  INFO 16484 --- [discovery-server] [a-EvictionTimer] c.n.e.registry.AbstractInstanceRegistry  : Running the evict task with compensationTime 1ms
2026-08-03T16:53:45.130+07:00  INFO 16484 --- [discovery-server] [a-EvictionTimer] c.n.e.registry.AbstractInstanceRegistry  : Running the evict task with compensationTime 15ms
2026-08-03T16:54:45.145+07:00  INFO 16484 --- [discovery-server] [a-EvictionTimer] c.n.e.registry.AbstractInstanceRegistry  : Running the evict task with compensationTime 16ms
2026-08-03T16:55:45.158+07:00  INFO 16484 --- [discovery-server] [a-EvictionTimer] c.n.e.registry.AbstractInstanceRegistry  : Running the evict task with compensationTime 14ms
2026-08-03T16:56:45.159+07:00  INFO 16484 --- [discovery-server] [a-EvictionTimer] c.n.e.registry.AbstractInstanceRegistry  : Running the evict task with compensationTime 2ms
2026-08-03T16:57:45.174+07:00  INFO 16484 --- [discovery-server] [a-EvictionTimer] c.n.e.registry.AbstractInstanceRegistry  : Running the evict task with compensationTime 15ms

The message received from the daemon indicates that the daemon has disappeared.
Build request sent: Build{id=0b726002-f3ef-4fed-838b-3e5fac85456b, currentDir=C:\My Project\e-commerce}
Attempting to read last messages from the daemon log...
Daemon pid: 11452
  log file: C:\Users\CodexSandboxOffline\.gradle\daemon\8.13\daemon-11452.out.log
----- Last 20 lines from daemon log file - daemon-11452.out.log -----
2026-08-03T16:48:44.994+07:00  INFO 16484 --- [discovery-server] [       Thread-9] c.n.e.r.PeerAwareInstanceRegistryImpl    : Got 1 instances from neighboring DS node
2026-08-03T16:48:44.994+07:00  INFO 16484 --- [discovery-server] [       Thread-9] c.n.e.r.PeerAwareInstanceRegistryImpl    : Renew threshold is: 1
2026-08-03T16:48:44.994+07:00  INFO 16484 --- [discovery-server] [       Thread-9] c.n.e.r.PeerAwareInstanceRegistryImpl    : Changing status to UP
2026-08-03T16:48:44.998+07:00  INFO 16484 --- [discovery-server] [       Thread-9] e.s.EurekaServerInitializerConfiguration : Started Eureka Server
2026-08-03T16:48:45.154+07:00  INFO 16484 --- [discovery-server] [           main] o.s.b.w.embedded.tomcat.TomcatWebServer  : Tomcat started on port 8761 (http) with context path '/'
2026-08-03T16:48:45.155+07:00  INFO 16484 --- [discovery-server] [           main] .s.c.n.e.s.EurekaAutoServiceRegistration : Updating port to 8761
2026-08-03T16:48:45.247+07:00  INFO 16484 --- [discovery-server] [           main] c.e.d.DiscoveryServerApplication         : Started DiscoveryServerApplication in 33.34 seconds (process running for 33.871)
2026-08-03T16:49:45.110+07:00  INFO 16484 --- [discovery-server] [a-EvictionTimer] c.n.e.registry.AbstractInstanceRegistry  : Running the evict task with compensationTime 0ms
2026-08-03T16:50:45.108+07:00  INFO 16484 --- [discovery-server] [a-EvictionTimer] c.n.e.registry.AbstractInstanceRegistry  : Running the evict task with compensationTime 2ms
2026-08-03T16:51:11.149+07:00  INFO 16484 --- [discovery-server] [nio-8761-exec-1] o.a.c.c.C.[Tomcat].[localhost].[/]       : Initializing Spring DispatcherServlet 'dispatcherServlet'
2026-08-03T16:51:11.150+07:00  INFO 16484 --- [discovery-server] [nio-8761-exec-1] o.s.web.servlet.DispatcherServlet        : Initializing Servlet 'dispatcherServlet'
2026-08-03T16:51:11.155+07:00  INFO 16484 --- [discovery-server] [nio-8761-exec-1] o.s.web.servlet.DispatcherServlet        : Completed initialization in 3 ms
2026-08-03T16:51:11.902+07:00  INFO 16484 --- [discovery-server] [nio-8761-exec-2] c.n.e.registry.AbstractInstanceRegistry  : Registered instance API-GATEWAY/D-DU11-DUOCNH1.ntq-solution.com.vn:api-gateway:8080 with status UP (replication=false)
2026-08-03T16:51:45.115+07:00  INFO 16484 --- [discovery-server] [a-EvictionTimer] c.n.e.registry.AbstractInstanceRegistry  : Running the evict task with compensationTime 8ms
2026-08-03T16:52:45.115+07:00  INFO 16484 --- [discovery-server] [a-EvictionTimer] c.n.e.registry.AbstractInstanceRegistry  : Running the evict task with compensationTime 1ms
2026-08-03T16:53:45.130+07:00  INFO 16484 --- [discovery-server] [a-EvictionTimer] c.n.e.registry.AbstractInstanceRegistry  : Running the evict task with compensationTime 15ms
2026-08-03T16:54:45.145+07:00  INFO 16484 --- [discovery-server] [a-EvictionTimer] c.n.e.registry.AbstractInstanceRegistry  : Running the evict task with compensationTime 16ms
2026-08-03T16:55:45.158+07:00  INFO 16484 --- [discovery-server] [a-EvictionTimer] c.n.e.registry.AbstractInstanceRegistry  : Running the evict task with compensationTime 14ms
2026-08-03T16:56:45.159+07:00  INFO 16484 --- [discovery-server] [a-EvictionTimer] c.n.e.registry.AbstractInstanceRegistry  : Running the evict task with compensationTime 2ms
2026-08-03T16:57:45.174+07:00  INFO 16484 --- [discovery-server] [a-EvictionTimer] c.n.e.registry.AbstractInstanceRegistry  : Running the evict task with compensationTime 15ms----- End of the daemon log -----


FAILURE: Build failed with an exception.

* What went wrong:
Gradle build daemon disappeared unexpectedly (it may have been killed or may have crashed)

* Try:
> Run with --stacktrace option to get the stack trace.
> Run with --info or --debug option to get more log output.
> Run with --scan to get full insights.
> Get more help at https://help.gradle.org.
