#
# There is insufficient memory for the Java Runtime Environment to continue.
# Native memory allocation (malloc) failed to allocate 1142016 bytes. Error detail: Chunk::new
# Possible reasons:
#   The system is out of physical RAM or swap space
#   This process is running with CompressedOops enabled, and the Java Heap may be blocking the growth of the native heap
# Possible solutions:
#   Reduce memory load on the system
#   Increase physical memory or swap space
#   Check if swap backing store is full
#   Decrease Java heap size (-Xmx/-Xms)
#   Decrease number of Java threads
#   Decrease Java thread stack sizes (-Xss)
#   Set larger code cache with -XX:ReservedCodeCacheSize=
#   JVM is running with Unscaled Compressed Oops mode in which the Java heap is
#     placed in the first 4GB address space. The Java Heap base address is the
#     maximum limit for the native heap growth. Please use -XX:HeapBaseMinAddress
#     to set the Java Heap base and to place the Java Heap above 4GB virtual address.
# This output file may be truncated or incomplete.
#
#  Out of Memory Error (arena.cpp:191), pid=20492, tid=20684
#
# JRE version: OpenJDK Runtime Environment Microsoft-14653939 (17.0.20+8) (build 17.0.20+8-LTS)
# Java VM: OpenJDK 64-Bit Server VM Microsoft-14653939 (17.0.20+8-LTS, mixed mode, sharing, tiered, compressed oops, compressed class ptrs, g1 gc, windows-amd64)
# No core dump will be written. Minidumps are not enabled by default on client versions of Windows
#

---------------  S U M M A R Y ------------

Command Line: --add-opens=java.base/java.lang=ALL-UNNAMED --add-opens=java.base/java.lang.invoke=ALL-UNNAMED --add-opens=java.base/java.util=ALL-UNNAMED --add-opens=java.prefs/java.util.prefs=ALL-UNNAMED --add-exports=jdk.compiler/com.sun.tools.javac.api=ALL-UNNAMED --add-exports=jdk.compiler/com.sun.tools.javac.util=ALL-UNNAMED --add-opens=java.base/java.util=ALL-UNNAMED --add-opens=java.prefs/java.util.prefs=ALL-UNNAMED --add-opens=java.base/java.nio.charset=ALL-UNNAMED --add-opens=java.base/java.net=ALL-UNNAMED --add-opens=java.base/java.util.concurrent.atomic=ALL-UNNAMED --add-opens=java.xml/javax.xml.namespace=ALL-UNNAMED -XX:MaxMetaspaceSize=384m -XX:+HeapDumpOnOutOfMemoryError -Xms256m -Xmx512m -Dfile.encoding=windows-1252 -Duser.country=US -Duser.language=en -Duser.variant -javaagent:C:\Users\duoc.nguyen1\.gradle\wrapper\dists\gradle-8.13-bin\5xuhj0ry160q40clulazy9h7d\gradle-8.13\lib\agents\gradle-instrumentation-agent-8.13.jar org.gradle.launcher.daemon.bootstrap.GradleDaemon 8.13

Host: Intel(R) Core(TM) i3-14100, 8 cores, 15G,  Windows 11 , 64 bit Build 26100 (10.0.26100.8521)
Time: Thu Aug  6 09:05:08 2026 SE Asia Standard Time elapsed time: 40.261811 seconds (0d 0h 0m 40s)

---------------  T H R E A D  ---------------

Current thread (0x00000140d8671510):  JavaThread "C2 CompilerThread0" daemon [_thread_in_native, id=20684, stack(0x0000003345500000,0x0000003345600000)]


Current CompileTask:
C2:40261 7367       4       java.beans.Introspector::addMethod (241 bytes)

Stack: [0x0000003345500000,0x0000003345600000]
Native frames: (J=compiled Java code, j=interpreted, Vv=VM code, C=native code)
V  [jvm.dll+0x68d159]  (no source info available)
V  [jvm.dll+0x8462c9]  (no source info available)
V  [jvm.dll+0x84803b]  (no source info available)
V  [jvm.dll+0x8486c3]  (no source info available)
V  [jvm.dll+0x24d12f]  (no source info available)
V  [jvm.dll+0xaed56]  (no source info available)
V  [jvm.dll+0xaf3fc]  (no source info available)
V  [jvm.dll+0x2b4d4f]  (no source info available)
V  [jvm.dll+0x594c24]  (no source info available)
V  [jvm.dll+0x226f44]  (no source info available)
V  [jvm.dll+0x22734d]  (no source info available)
V  [jvm.dll+0x2202a3]  (no source info available)
V  [jvm.dll+0x21d375]  (no source info available)
V  [jvm.dll+0x1a8db6]  (no source info available)
V  [jvm.dll+0x22dcdb]  (no source info available)
V  [jvm.dll+0x22be66]  (no source info available)
V  [jvm.dll+0x7fc40b]  (no source info available)
V  [jvm.dll+0x7f67dc]  (no source info available)
V  [jvm.dll+0x68e6f7]  (no source info available)
C  [ucrtbase.dll+0x2cd30]  (no source info available)
C  [KERNEL32.DLL+0x2e957]  (no source info available)
C  [ntdll.dll+0x87c1c]  (no source info available)


---------------  P R O C E S S  ---------------

Threads class SMR info:
_java_thread_list=0x00000140f49935d0, length=65, elements={
0x00000140bda3b7a0, 0x00000140d86500a0, 0x00000140d86515e0, 0x00000140d8663480,
0x00000140d8667d70, 0x00000140d866c9b0, 0x00000140d866b060, 0x00000140d8671510,
0x00000140d8674340, 0x00000140d8677f50, 0x00000140d866ba80, 0x00000140d8669200,
0x00000140d8669710, 0x00000140d866a130, 0x00000140d8669c20, 0x00000140d866ab50,
0x00000140d866b570, 0x00000140d866c4a0, 0x00000140f4269aa0, 0x00000140f4269fb0,
0x00000140f426a4c0, 0x00000140f4269080, 0x00000140f426a9d0, 0x00000140f426be10,
0x00000140f426c830, 0x00000140f426aee0, 0x00000140f4269590, 0x00000140f426dc70,
0x00000140f426d760, 0x00000140f426d250, 0x00000140f426e180, 0x00000140f426cd40,
0x00000140f426e690, 0x00000140f426f5c0, 0x00000140f426fad0, 0x00000140f426ffe0,
0x00000140f42704f0, 0x00000140d866a640, 0x00000140f514c540, 0x00000140f514abf0,
0x00000140f5149cc0, 0x00000140f514c030, 0x00000140f5148d90, 0x00000140f514a6e0,
0x00000140f514b100, 0x00000140f514bb20, 0x00000140f514ca50, 0x00000140f51492a0,
0x00000140f51497b0, 0x00000140f514cf60, 0x00000140f514d470, 0x00000140f514d980,
0x00000140f514a1d0, 0x00000140f514de90, 0x00000140f514e8b0, 0x00000140f514e3a0,
0x00000140f514edc0, 0x00000140f514b610, 0x00000140f5150200, 0x00000140f514fcf0,
0x00000140f514f2d0, 0x00000140f514f7e0, 0x00000140f5150710, 0x00000140f4b63ec0,
0x00000140f4f34820
}

Java Threads: ( => current thread )
  0x00000140bda3b7a0 JavaThread "main" [_thread_blocked, id=21784, stack(0x0000003344800000,0x0000003344900000)]
  0x00000140d86500a0 JavaThread "Reference Handler" daemon [_thread_blocked, id=18704, stack(0x0000003344f00000,0x0000003345000000)]
  0x00000140d86515e0 JavaThread "Finalizer" daemon [_thread_blocked, id=24832, stack(0x0000003345000000,0x0000003345100000)]
  0x00000140d8663480 JavaThread "Signal Dispatcher" daemon [_thread_blocked, id=25036, stack(0x0000003345100000,0x0000003345200000)]
  0x00000140d8667d70 JavaThread "Attach Listener" daemon [_thread_blocked, id=24300, stack(0x0000003345200000,0x0000003345300000)]
  0x00000140d866c9b0 JavaThread "Service Thread" daemon [_thread_blocked, id=2124, stack(0x0000003345300000,0x0000003345400000)]
  0x00000140d866b060 JavaThread "Monitor Deflation Thread" daemon [_thread_blocked, id=23688, stack(0x0000003345400000,0x0000003345500000)]
=>0x00000140d8671510 JavaThread "C2 CompilerThread0" daemon [_thread_in_native, id=20684, stack(0x0000003345500000,0x0000003345600000)]
  0x00000140d8674340 JavaThread "C1 CompilerThread0" daemon [_thread_blocked, id=9048, stack(0x0000003345600000,0x0000003345700000)]
  0x00000140d8677f50 JavaThread "Sweeper thread" daemon [_thread_blocked, id=24360, stack(0x0000003345700000,0x0000003345800000)]
  0x00000140d866ba80 JavaThread "Common-Cleaner" daemon [_thread_blocked, id=25532, stack(0x0000003345800000,0x0000003345900000)]
  0x00000140d8669200 JavaThread "Notification Thread" daemon [_thread_blocked, id=4920, stack(0x0000003345900000,0x0000003345a00000)]
  0x00000140d8669710 JavaThread "Daemon health stats" [_thread_blocked, id=9292, stack(0x0000003345b00000,0x0000003345c00000)]
  0x00000140d866a130 JavaThread "Incoming local TCP Connector on port 54109" [_thread_in_native, id=4812, stack(0x0000003345c00000,0x0000003345d00000)]
  0x00000140d8669c20 JavaThread "Daemon periodic checks" [_thread_blocked, id=11904, stack(0x0000003346200000,0x0000003346300000)]
  0x00000140d866ab50 JavaThread "Daemon" [_thread_blocked, id=17328, stack(0x0000003346300000,0x0000003346400000)]
  0x00000140d866b570 JavaThread "Handler for socket connection from /127.0.0.1:54109 to /127.0.0.1:54112" [_thread_in_native, id=29292, stack(0x0000003346400000,0x0000003346500000)]
  0x00000140d866c4a0 JavaThread "Cancel handler" [_thread_blocked, id=24944, stack(0x0000003346500000,0x0000003346600000)]
  0x00000140f4269aa0 JavaThread "Daemon worker" [_thread_blocked, id=29288, stack(0x0000003346600000,0x0000003346700000)]
  0x00000140f4269fb0 JavaThread "Asynchronous log dispatcher for DefaultDaemonConnection: socket connection from /127.0.0.1:54109 to /127.0.0.1:54112" [_thread_blocked, id=29048, stack(0x0000003346700000,0x0000003346800000)]
  0x00000140f426a4c0 JavaThread "Stdin handler" [_thread_blocked, id=23860, stack(0x0000003346800000,0x0000003346900000)]
  0x00000140f4269080 JavaThread "Daemon client event forwarder" [_thread_blocked, id=19980, stack(0x0000003346900000,0x0000003346a00000)]
  0x00000140f426a9d0 JavaThread "Cache worker for journal cache (C:\Users\duoc.nguyen1\.gradle\caches\journal-1)" [_thread_blocked, id=21420, stack(0x0000003346a00000,0x0000003346b00000)]
  0x00000140f426be10 JavaThread "File lock request listener" [_thread_in_native, id=21544, stack(0x0000003346b00000,0x0000003346c00000)]
  0x00000140f426c830 JavaThread "File lock release action executor" [_thread_blocked, id=11572, stack(0x0000003346c00000,0x0000003346d00000)]
  0x00000140f426aee0 JavaThread "Cache worker for file hash cache (C:\Users\duoc.nguyen1\.gradle\caches\8.13\fileHashes)" [_thread_blocked, id=2632, stack(0x0000003346d00000,0x0000003346e00000)]
  0x00000140f4269590 JavaThread "Cache worker for file hash cache (C:\My Project\e-commerce\backend-microservice\.gradle\8.13\fileHashes)" [_thread_blocked, id=27040, stack(0x0000003346f00000,0x0000003347000000)]
  0x00000140f426dc70 JavaThread "Cache worker for Build Output Cleanup Cache (C:\My Project\e-commerce\backend-microservice\.gradle\buildOutputCleanup)" [_thread_blocked, id=20456, stack(0x0000003347000000,0x0000003347100000)]
  0x00000140f426d760 JavaThread "File watcher server" daemon [_thread_in_native, id=14620, stack(0x0000003347400000,0x0000003347500000)]
  0x00000140f426d250 JavaThread "File watcher consumer" daemon [_thread_blocked, id=2960, stack(0x0000003347500000,0x0000003347600000)]
  0x00000140f426e180 JavaThread "jar transforms" [_thread_blocked, id=8008, stack(0x0000003347600000,0x0000003347700000)]
  0x00000140f426cd40 JavaThread "Cache worker for checksums cache (C:\My Project\e-commerce\backend-microservice\.gradle\8.13\checksums)" [_thread_blocked, id=27876, stack(0x0000003346e00000,0x0000003346f00000)]
  0x00000140f426e690 JavaThread "Cache worker for file content cache (C:\Users\duoc.nguyen1\.gradle\caches\8.13\fileContent)" [_thread_blocked, id=12148, stack(0x0000003347700000,0x0000003347800000)]
  0x00000140f426f5c0 JavaThread "Cache worker for cache directory md-supplier (C:\Users\duoc.nguyen1\.gradle\caches\8.13\md-supplier)" [_thread_blocked, id=28644, stack(0x0000003347800000,0x0000003347900000)]
  0x00000140f426fad0 JavaThread "Cache worker for cache directory md-rule (C:\Users\duoc.nguyen1\.gradle\caches\8.13\md-rule)" [_thread_blocked, id=29200, stack(0x0000003347900000,0x0000003347a00000)]
  0x00000140f426ffe0 JavaThread "jar transforms Thread 2" [_thread_blocked, id=23816, stack(0x0000003347a00000,0x0000003347b00000)]
  0x00000140f42704f0 JavaThread "jar transforms Thread 3" [_thread_blocked, id=27904, stack(0x0000003347b00000,0x0000003347c00000)]
  0x00000140d866a640 JavaThread "Unconstrained build operations" [_thread_blocked, id=5924, stack(0x0000003347c00000,0x0000003347d00000)]
  0x00000140f514c540 JavaThread "Unconstrained build operations Thread 2" [_thread_blocked, id=19900, stack(0x0000003347d00000,0x0000003347e00000)]
  0x00000140f514abf0 JavaThread "Unconstrained build operations Thread 3" [_thread_blocked, id=19304, stack(0x0000003347e00000,0x0000003347f00000)]
  0x00000140f5149cc0 JavaThread "Unconstrained build operations Thread 4" [_thread_blocked, id=21156, stack(0x0000003347f00000,0x0000003348000000)]
  0x00000140f514c030 JavaThread "Unconstrained build operations Thread 5" [_thread_blocked, id=24860, stack(0x0000003348000000,0x0000003348100000)]
  0x00000140f5148d90 JavaThread "Unconstrained build operations Thread 6" [_thread_blocked, id=29484, stack(0x0000003348100000,0x0000003348200000)]
  0x00000140f514a6e0 JavaThread "Unconstrained build operations Thread 7" [_thread_blocked, id=29480, stack(0x0000003348200000,0x0000003348300000)]
  0x00000140f514b100 JavaThread "Unconstrained build operations Thread 8" [_thread_blocked, id=20796, stack(0x0000003348300000,0x0000003348400000)]
  0x00000140f514bb20 JavaThread "Unconstrained build operations Thread 9" [_thread_blocked, id=24308, stack(0x0000003348400000,0x0000003348500000)]
  0x00000140f514ca50 JavaThread "Unconstrained build operations Thread 10" [_thread_blocked, id=29936, stack(0x0000003348500000,0x0000003348600000)]
  0x00000140f51492a0 JavaThread "Unconstrained build operations Thread 11" [_thread_blocked, id=30316, stack(0x0000003348600000,0x0000003348700000)]
  0x00000140f51497b0 JavaThread "Unconstrained build operations Thread 12" [_thread_blocked, id=14340, stack(0x0000003348700000,0x0000003348800000)]
  0x00000140f514cf60 JavaThread "Unconstrained build operations Thread 13" [_thread_blocked, id=27980, stack(0x0000003348800000,0x0000003348900000)]
  0x00000140f514d470 JavaThread "Unconstrained build operations Thread 14" [_thread_blocked, id=29364, stack(0x0000003348900000,0x0000003348a00000)]
  0x00000140f514d980 JavaThread "Unconstrained build operations Thread 15" [_thread_blocked, id=21328, stack(0x0000003348a00000,0x0000003348b00000)]
  0x00000140f514a1d0 JavaThread "Unconstrained build operations Thread 16" [_thread_blocked, id=24548, stack(0x0000003348b00000,0x0000003348c00000)]
  0x00000140f514de90 JavaThread "Unconstrained build operations Thread 17" [_thread_blocked, id=23548, stack(0x0000003348c00000,0x0000003348d00000)]
  0x00000140f514e8b0 JavaThread "Unconstrained build operations Thread 18" [_thread_blocked, id=23544, stack(0x0000003348d00000,0x0000003348e00000)]
  0x00000140f514e3a0 JavaThread "Unconstrained build operations Thread 19" [_thread_blocked, id=23456, stack(0x0000003348e00000,0x0000003348f00000)]
  0x00000140f514edc0 JavaThread "Unconstrained build operations Thread 20" [_thread_blocked, id=21452, stack(0x0000003348f00000,0x0000003349000000)]
  0x00000140f514b610 JavaThread "Unconstrained build operations Thread 21" [_thread_blocked, id=23440, stack(0x0000003349000000,0x0000003349100000)]
  0x00000140f5150200 JavaThread "Memory manager" [_thread_blocked, id=12004, stack(0x0000003349200000,0x0000003349300000)]
  0x00000140f514fcf0 JavaThread "jar transforms Thread 4" [_thread_blocked, id=25244, stack(0x0000003344600000,0x0000003344700000)]
  0x00000140f514f2d0 JavaThread "jar transforms Thread 5" [_thread_blocked, id=864, stack(0x0000003349300000,0x0000003349400000)]
  0x00000140f514f7e0 JavaThread "jar transforms Thread 6" [_thread_blocked, id=2836, stack(0x0000003349400000,0x0000003349500000)]
  0x00000140f5150710 JavaThread "jar transforms Thread 7" [_thread_blocked, id=3136, stack(0x0000003349500000,0x0000003349600000)]
  0x00000140f4b63ec0 JavaThread "jar transforms Thread 8" [_thread_blocked, id=9032, stack(0x0000003349600000,0x0000003349700000)]
  0x00000140f4f34820 JavaThread "C2 CompilerThread1" daemon [_thread_blocked, id=11232, stack(0x0000003349700000,0x0000003349800000)]

Other Threads:
  0x00000140d86485c0 VMThread "VM Thread" [stack: 0x0000003344e00000,0x0000003344f00000] [id=23764] _threads_hazard_ptr=0x00000140f49935d0
  0x00000140d880e210 WatcherThread [stack: 0x0000003345a00000,0x0000003345b00000] [id=21204]
  0x00000140bda69b90 GCTaskThread "GC Thread#0" [stack: 0x0000003344900000,0x0000003344a00000] [id=8096]
  0x00000140f2261440 GCTaskThread "GC Thread#1" [stack: 0x0000003345d00000,0x0000003345e00000] [id=14624]
  0x00000140f254cd10 GCTaskThread "GC Thread#2" [stack: 0x0000003345e00000,0x0000003345f00000] [id=21288]
  0x00000140f2052aa0 GCTaskThread "GC Thread#3" [stack: 0x0000003345f00000,0x0000003346000000] [id=25524]
  0x00000140f254b4f0 GCTaskThread "GC Thread#4" [stack: 0x0000003346000000,0x0000003346100000] [id=13200]
  0x00000140f2256eb0 GCTaskThread "GC Thread#5" [stack: 0x0000003346100000,0x0000003346200000] [id=24872]
  0x00000140f2760770 GCTaskThread "GC Thread#6" [stack: 0x0000003347100000,0x0000003347200000] [id=24928]
  0x00000140f2760fe0 GCTaskThread "GC Thread#7" [stack: 0x0000003347200000,0x0000003347300000] [id=11028]
  0x00000140bda7e6d0 ConcurrentGCThread "G1 Main Marker" [stack: 0x0000003344a00000,0x0000003344b00000] [id=21868]
  0x00000140bda81850 ConcurrentGCThread "G1 Conc#0" [stack: 0x0000003344b00000,0x0000003344c00000] [id=7152]
  0x00000140f27612b0 ConcurrentGCThread "G1 Conc#1" [stack: 0x0000003347300000,0x0000003347400000] [id=27400]
  0x00000140bdaddbe0 ConcurrentGCThread "G1 Refine#0" [stack: 0x0000003344c00000,0x0000003344d00000] [id=3308]
  0x00000140f36943c0 ConcurrentGCThread "G1 Refine#1" [stack: 0x0000003344500000,0x0000003344600000] [id=23924]
  0x00000140bdade530 ConcurrentGCThread "G1 Service" [stack: 0x0000003344d00000,0x0000003344e00000] [id=7740]

Threads with active compile tasks:
C2 CompilerThread0  40276 7367       4       java.beans.Introspector::addMethod (241 bytes)
C1 CompilerThread0  40276 7427       3       java.io.FileInputStream::<init> (107 bytes)

VM state: not at safepoint (normal execution)

VM Mutex/Monitor currently owned by a thread:  ([mutex/lock_event])
[0x00000140bb819c20] SystemDictionary_lock - owner thread: 0x0000000000000000

Heap address: 0x00000000e0000000, size: 512 MB, Compressed Oops mode: 32-bit

CDS archive(s) mapped at: [0x00000140d9000000-0x00000140d9bb0000-0x00000140d9bb0000), size 12255232, SharedBaseAddress: 0x00000140d9000000, ArchiveRelocationMode: 1.
Compressed class space mapped at: 0x00000140da000000-0x00000140ee000000, reserved size: 335544320
Narrow klass base: 0x00000140d9000000, Narrow klass shift: 0, Narrow klass range: 0x100000000

GC Precious Log:
 CPUs: 8 total, 8 available
 Memory: 16125M
 Large Page Support: Disabled
 NUMA Support: Disabled
 Compressed Oops: Enabled (32-bit)
 Heap Region Size: 1M
 Heap Min Capacity: 256M
 Heap Initial Capacity: 256M
 Heap Max Capacity: 512M
 Pre-touch: Disabled
 Parallel Workers: 8
 Concurrent Workers: 2
 Concurrent Refinement Workers: 8
 Periodic GC: Disabled

Heap:
 garbage-first heap   total 262144K, used 109344K [0x00000000e0000000, 0x0000000100000000)
  region size 1024K, 85 young (87040K), 16 survivors (16384K)
 Metaspace       used 51446K, committed 52096K, reserved 393216K
  class space    used 7242K, committed 7552K, reserved 327680K

Heap Regions: E=young(eden), S=young(survivor), O=old, HS=humongous(starts), HC=humongous(continues), CS=collection set, F=free, OA=open archive, CA=closed archive, TAMS=top-at-mark-start (previous, next)
|   0|0x00000000e0000000, 0x00000000e0100000, 0x00000000e0100000|100%|HS|  |TAMS 0x00000000e0100000, 0x00000000e0000000| Complete 
|   1|0x00000000e0100000, 0x00000000e0200000, 0x00000000e0200000|100%|HC|  |TAMS 0x00000000e0200000, 0x00000000e0100000| Complete 
|   2|0x00000000e0200000, 0x00000000e0300000, 0x00000000e0300000|100%|HC|  |TAMS 0x00000000e0300000, 0x00000000e0200000| Complete 
|   3|0x00000000e0300000, 0x00000000e0400000, 0x00000000e0400000|100%| O|  |TAMS 0x00000000e0400000, 0x00000000e0300000| Untracked 
|   4|0x00000000e0400000, 0x00000000e0500000, 0x00000000e0500000|100%| O|  |TAMS 0x00000000e0500000, 0x00000000e0400000| Untracked 
|   5|0x00000000e0500000, 0x00000000e0600000, 0x00000000e0600000|100%| O|  |TAMS 0x00000000e0600000, 0x00000000e0500000| Untracked 
|   6|0x00000000e0600000, 0x00000000e0700000, 0x00000000e0700000|100%|HS|  |TAMS 0x00000000e0700000, 0x00000000e0600000| Complete 
|   7|0x00000000e0700000, 0x00000000e0700000, 0x00000000e0800000|  0%| F|  |TAMS 0x00000000e0700000, 0x00000000e0700000| Untracked 
|   8|0x00000000e0800000, 0x00000000e0900000, 0x00000000e0900000|100%| O|  |TAMS 0x00000000e0900000, 0x00000000e0800000| Untracked 
|   9|0x00000000e0900000, 0x00000000e0a00000, 0x00000000e0a00000|100%| O|  |TAMS 0x00000000e0a00000, 0x00000000e0900000| Untracked 
|  10|0x00000000e0a00000, 0x00000000e0b00000, 0x00000000e0b00000|100%| O|  |TAMS 0x00000000e0b00000, 0x00000000e0a00000| Untracked 
|  11|0x00000000e0b00000, 0x00000000e0c00000, 0x00000000e0c00000|100%| O|  |TAMS 0x00000000e0c00000, 0x00000000e0b00000| Untracked 
|  12|0x00000000e0c00000, 0x00000000e0d00000, 0x00000000e0d00000|100%| O|  |TAMS 0x00000000e0d00000, 0x00000000e0c00000| Untracked 
|  13|0x00000000e0d00000, 0x00000000e0e00000, 0x00000000e0e00000|100%| O|  |TAMS 0x00000000e0d07000, 0x00000000e0d00000| Untracked 
|  14|0x00000000e0e00000, 0x00000000e0e00000, 0x00000000e0f00000|  0%| F|  |TAMS 0x00000000e0e00000, 0x00000000e0e00000| Untracked 
|  15|0x00000000e0f00000, 0x00000000e1000000, 0x00000000e1000000|100%| O|  |TAMS 0x00000000e0f00000, 0x00000000e0f00000| Untracked 
|  16|0x00000000e1000000, 0x00000000e1100000, 0x00000000e1100000|100%| O|  |TAMS 0x00000000e1000000, 0x00000000e1000000| Untracked 
|  17|0x00000000e1100000, 0x00000000e1200000, 0x00000000e1200000|100%| O|  |TAMS 0x00000000e1100000, 0x00000000e1100000| Untracked 
|  18|0x00000000e1200000, 0x00000000e1300000, 0x00000000e1300000|100%| O|  |TAMS 0x00000000e1200000, 0x00000000e1200000| Untracked 
|  19|0x00000000e1300000, 0x00000000e1400000, 0x00000000e1400000|100%| O|  |TAMS 0x00000000e1300000, 0x00000000e1300000| Untracked 
|  20|0x00000000e1400000, 0x00000000e1500000, 0x00000000e1500000|100%| O|  |TAMS 0x00000000e1400000, 0x00000000e1400000| Untracked 
|  21|0x00000000e1500000, 0x00000000e1600000, 0x00000000e1600000|100%| O|  |TAMS 0x00000000e1500000, 0x00000000e1500000| Untracked 
|  22|0x00000000e1600000, 0x00000000e1700000, 0x00000000e1700000|100%| O|  |TAMS 0x00000000e1600000, 0x00000000e1600000| Untracked 
|  23|0x00000000e1700000, 0x00000000e1800000, 0x00000000e1800000|100%| O|  |TAMS 0x00000000e1700000, 0x00000000e1700000| Untracked 
|  24|0x00000000e1800000, 0x00000000e1900000, 0x00000000e1900000|100%| O|  |TAMS 0x00000000e1800000, 0x00000000e1800000| Untracked 
|  25|0x00000000e1900000, 0x00000000e191fa00, 0x00000000e1a00000| 12%| O|  |TAMS 0x00000000e1900000, 0x00000000e1900000| Untracked 
|  26|0x00000000e1a00000, 0x00000000e1a00000, 0x00000000e1b00000|  0%| F|  |TAMS 0x00000000e1a00000, 0x00000000e1a00000| Untracked 
|  27|0x00000000e1b00000, 0x00000000e1b00000, 0x00000000e1c00000|  0%| F|  |TAMS 0x00000000e1b00000, 0x00000000e1b00000| Untracked 
|  28|0x00000000e1c00000, 0x00000000e1c00000, 0x00000000e1d00000|  0%| F|  |TAMS 0x00000000e1c00000, 0x00000000e1c00000| Untracked 
|  29|0x00000000e1d00000, 0x00000000e1d00000, 0x00000000e1e00000|  0%| F|  |TAMS 0x00000000e1d00000, 0x00000000e1d00000| Untracked 
|  30|0x00000000e1e00000, 0x00000000e1e00000, 0x00000000e1f00000|  0%| F|  |TAMS 0x00000000e1e00000, 0x00000000e1e00000| Untracked 
|  31|0x00000000e1f00000, 0x00000000e1f00000, 0x00000000e2000000|  0%| F|  |TAMS 0x00000000e1f00000, 0x00000000e1f00000| Untracked 
|  32|0x00000000e2000000, 0x00000000e2000000, 0x00000000e2100000|  0%| F|  |TAMS 0x00000000e2000000, 0x00000000e2000000| Untracked 
|  33|0x00000000e2100000, 0x00000000e2100000, 0x00000000e2200000|  0%| F|  |TAMS 0x00000000e2100000, 0x00000000e2100000| Untracked 
|  34|0x00000000e2200000, 0x00000000e2200000, 0x00000000e2300000|  0%| F|  |TAMS 0x00000000e2200000, 0x00000000e2200000| Untracked 
|  35|0x00000000e2300000, 0x00000000e2300000, 0x00000000e2400000|  0%| F|  |TAMS 0x00000000e2300000, 0x00000000e2300000| Untracked 
|  36|0x00000000e2400000, 0x00000000e2400000, 0x00000000e2500000|  0%| F|  |TAMS 0x00000000e2400000, 0x00000000e2400000| Untracked 
|  37|0x00000000e2500000, 0x00000000e2500000, 0x00000000e2600000|  0%| F|  |TAMS 0x00000000e2500000, 0x00000000e2500000| Untracked 
|  38|0x00000000e2600000, 0x00000000e2600000, 0x00000000e2700000|  0%| F|  |TAMS 0x00000000e2600000, 0x00000000e2600000| Untracked 
|  39|0x00000000e2700000, 0x00000000e2700000, 0x00000000e2800000|  0%| F|  |TAMS 0x00000000e2700000, 0x00000000e2700000| Untracked 
|  40|0x00000000e2800000, 0x00000000e2800000, 0x00000000e2900000|  0%| F|  |TAMS 0x00000000e2800000, 0x00000000e2800000| Untracked 
|  41|0x00000000e2900000, 0x00000000e2900000, 0x00000000e2a00000|  0%| F|  |TAMS 0x00000000e2900000, 0x00000000e2900000| Untracked 
|  42|0x00000000e2a00000, 0x00000000e2a00000, 0x00000000e2b00000|  0%| F|  |TAMS 0x00000000e2a00000, 0x00000000e2a00000| Untracked 
|  43|0x00000000e2b00000, 0x00000000e2b00000, 0x00000000e2c00000|  0%| F|  |TAMS 0x00000000e2b00000, 0x00000000e2b00000| Untracked 
|  44|0x00000000e2c00000, 0x00000000e2c00000, 0x00000000e2d00000|  0%| F|  |TAMS 0x00000000e2c00000, 0x00000000e2c00000| Untracked 
|  45|0x00000000e2d00000, 0x00000000e2d00000, 0x00000000e2e00000|  0%| F|  |TAMS 0x00000000e2d00000, 0x00000000e2d00000| Untracked 
|  46|0x00000000e2e00000, 0x00000000e2e00000, 0x00000000e2f00000|  0%| F|  |TAMS 0x00000000e2e00000, 0x00000000e2e00000| Untracked 
|  47|0x00000000e2f00000, 0x00000000e2f00000, 0x00000000e3000000|  0%| F|  |TAMS 0x00000000e2f00000, 0x00000000e2f00000| Untracked 
|  48|0x00000000e3000000, 0x00000000e3000000, 0x00000000e3100000|  0%| F|  |TAMS 0x00000000e3000000, 0x00000000e3000000| Untracked 
|  49|0x00000000e3100000, 0x00000000e3100000, 0x00000000e3200000|  0%| F|  |TAMS 0x00000000e3100000, 0x00000000e3100000| Untracked 
|  50|0x00000000e3200000, 0x00000000e3200000, 0x00000000e3300000|  0%| F|  |TAMS 0x00000000e3200000, 0x00000000e3200000| Untracked 
|  51|0x00000000e3300000, 0x00000000e3300000, 0x00000000e3400000|  0%| F|  |TAMS 0x00000000e3300000, 0x00000000e3300000| Untracked 
|  52|0x00000000e3400000, 0x00000000e3400000, 0x00000000e3500000|  0%| F|  |TAMS 0x00000000e3400000, 0x00000000e3400000| Untracked 
|  53|0x00000000e3500000, 0x00000000e3500000, 0x00000000e3600000|  0%| F|  |TAMS 0x00000000e3500000, 0x00000000e3500000| Untracked 
|  54|0x00000000e3600000, 0x00000000e3600000, 0x00000000e3700000|  0%| F|  |TAMS 0x00000000e3600000, 0x00000000e3600000| Untracked 
|  55|0x00000000e3700000, 0x00000000e3700000, 0x00000000e3800000|  0%| F|  |TAMS 0x00000000e3700000, 0x00000000e3700000| Untracked 
|  56|0x00000000e3800000, 0x00000000e3800000, 0x00000000e3900000|  0%| F|  |TAMS 0x00000000e3800000, 0x00000000e3800000| Untracked 
|  57|0x00000000e3900000, 0x00000000e3900000, 0x00000000e3a00000|  0%| F|  |TAMS 0x00000000e3900000, 0x00000000e3900000| Untracked 
|  58|0x00000000e3a00000, 0x00000000e3a00000, 0x00000000e3b00000|  0%| F|  |TAMS 0x00000000e3a00000, 0x00000000e3a00000| Untracked 
|  59|0x00000000e3b00000, 0x00000000e3b00000, 0x00000000e3c00000|  0%| F|  |TAMS 0x00000000e3b00000, 0x00000000e3b00000| Untracked 
|  60|0x00000000e3c00000, 0x00000000e3c00000, 0x00000000e3d00000|  0%| F|  |TAMS 0x00000000e3c00000, 0x00000000e3c00000| Untracked 
|  61|0x00000000e3d00000, 0x00000000e3d00000, 0x00000000e3e00000|  0%| F|  |TAMS 0x00000000e3d00000, 0x00000000e3d00000| Untracked 
|  62|0x00000000e3e00000, 0x00000000e3e00000, 0x00000000e3f00000|  0%| F|  |TAMS 0x00000000e3e00000, 0x00000000e3e00000| Untracked 
|  63|0x00000000e3f00000, 0x00000000e3f00000, 0x00000000e4000000|  0%| F|  |TAMS 0x00000000e3f00000, 0x00000000e3f00000| Untracked 
|  64|0x00000000e4000000, 0x00000000e4000000, 0x00000000e4100000|  0%| F|  |TAMS 0x00000000e4000000, 0x00000000e4000000| Untracked 
|  65|0x00000000e4100000, 0x00000000e4100000, 0x00000000e4200000|  0%| F|  |TAMS 0x00000000e4100000, 0x00000000e4100000| Untracked 
|  66|0x00000000e4200000, 0x00000000e4200000, 0x00000000e4300000|  0%| F|  |TAMS 0x00000000e4200000, 0x00000000e4200000| Untracked 
|  67|0x00000000e4300000, 0x00000000e4300000, 0x00000000e4400000|  0%| F|  |TAMS 0x00000000e4300000, 0x00000000e4300000| Untracked 
|  68|0x00000000e4400000, 0x00000000e4400000, 0x00000000e4500000|  0%| F|  |TAMS 0x00000000e4400000, 0x00000000e4400000| Untracked 
|  69|0x00000000e4500000, 0x00000000e4500000, 0x00000000e4600000|  0%| F|  |TAMS 0x00000000e4500000, 0x00000000e4500000| Untracked 
|  70|0x00000000e4600000, 0x00000000e4600000, 0x00000000e4700000|  0%| F|  |TAMS 0x00000000e4600000, 0x00000000e4600000| Untracked 
|  71|0x00000000e4700000, 0x00000000e4700000, 0x00000000e4800000|  0%| F|  |TAMS 0x00000000e4700000, 0x00000000e4700000| Untracked 
|  72|0x00000000e4800000, 0x00000000e4800000, 0x00000000e4900000|  0%| F|  |TAMS 0x00000000e4800000, 0x00000000e4800000| Untracked 
|  73|0x00000000e4900000, 0x00000000e4900000, 0x00000000e4a00000|  0%| F|  |TAMS 0x00000000e4900000, 0x00000000e4900000| Untracked 
|  74|0x00000000e4a00000, 0x00000000e4a00000, 0x00000000e4b00000|  0%| F|  |TAMS 0x00000000e4a00000, 0x00000000e4a00000| Untracked 
|  75|0x00000000e4b00000, 0x00000000e4b00000, 0x00000000e4c00000|  0%| F|  |TAMS 0x00000000e4b00000, 0x00000000e4b00000| Untracked 
|  76|0x00000000e4c00000, 0x00000000e4c00000, 0x00000000e4d00000|  0%| F|  |TAMS 0x00000000e4c00000, 0x00000000e4c00000| Untracked 
|  77|0x00000000e4d00000, 0x00000000e4d00000, 0x00000000e4e00000|  0%| F|  |TAMS 0x00000000e4d00000, 0x00000000e4d00000| Untracked 
|  78|0x00000000e4e00000, 0x00000000e4e00000, 0x00000000e4f00000|  0%| F|  |TAMS 0x00000000e4e00000, 0x00000000e4e00000| Untracked 
|  79|0x00000000e4f00000, 0x00000000e4f00000, 0x00000000e5000000|  0%| F|  |TAMS 0x00000000e4f00000, 0x00000000e4f00000| Untracked 
|  80|0x00000000e5000000, 0x00000000e5000000, 0x00000000e5100000|  0%| F|  |TAMS 0x00000000e5000000, 0x00000000e5000000| Untracked 
|  81|0x00000000e5100000, 0x00000000e5100000, 0x00000000e5200000|  0%| F|  |TAMS 0x00000000e5100000, 0x00000000e5100000| Untracked 
|  82|0x00000000e5200000, 0x00000000e5200000, 0x00000000e5300000|  0%| F|  |TAMS 0x00000000e5200000, 0x00000000e5200000| Untracked 
|  83|0x00000000e5300000, 0x00000000e5300000, 0x00000000e5400000|  0%| F|  |TAMS 0x00000000e5300000, 0x00000000e5300000| Untracked 
|  84|0x00000000e5400000, 0x00000000e5400000, 0x00000000e5500000|  0%| F|  |TAMS 0x00000000e5400000, 0x00000000e5400000| Untracked 
|  85|0x00000000e5500000, 0x00000000e5500000, 0x00000000e5600000|  0%| F|  |TAMS 0x00000000e5500000, 0x00000000e5500000| Untracked 
|  86|0x00000000e5600000, 0x00000000e5600000, 0x00000000e5700000|  0%| F|  |TAMS 0x00000000e5600000, 0x00000000e5600000| Untracked 
|  87|0x00000000e5700000, 0x00000000e57a8930, 0x00000000e5800000| 65%| S|CS|TAMS 0x00000000e5700000, 0x00000000e5700000| Complete 
|  88|0x00000000e5800000, 0x00000000e5900000, 0x00000000e5900000|100%| S|CS|TAMS 0x00000000e5800000, 0x00000000e5800000| Complete 
|  89|0x00000000e5900000, 0x00000000e5a00000, 0x00000000e5a00000|100%| S|CS|TAMS 0x00000000e5900000, 0x00000000e5900000| Complete 
|  90|0x00000000e5a00000, 0x00000000e5b00000, 0x00000000e5b00000|100%| S|CS|TAMS 0x00000000e5a00000, 0x00000000e5a00000| Complete 
|  91|0x00000000e5b00000, 0x00000000e5c00000, 0x00000000e5c00000|100%| S|CS|TAMS 0x00000000e5b00000, 0x00000000e5b00000| Complete 
|  92|0x00000000e5c00000, 0x00000000e5d00000, 0x00000000e5d00000|100%| S|CS|TAMS 0x00000000e5c00000, 0x00000000e5c00000| Complete 
|  93|0x00000000e5d00000, 0x00000000e5e00000, 0x00000000e5e00000|100%| S|CS|TAMS 0x00000000e5d00000, 0x00000000e5d00000| Complete 
|  94|0x00000000e5e00000, 0x00000000e5f00000, 0x00000000e5f00000|100%| S|CS|TAMS 0x00000000e5e00000, 0x00000000e5e00000| Complete 
|  95|0x00000000e5f00000, 0x00000000e6000000, 0x00000000e6000000|100%| S|CS|TAMS 0x00000000e5f00000, 0x00000000e5f00000| Complete 
|  96|0x00000000e6000000, 0x00000000e6100000, 0x00000000e6100000|100%| S|CS|TAMS 0x00000000e6000000, 0x00000000e6000000| Complete 
|  97|0x00000000e6100000, 0x00000000e6200000, 0x00000000e6200000|100%| S|CS|TAMS 0x00000000e6100000, 0x00000000e6100000| Complete 
|  98|0x00000000e6200000, 0x00000000e6300000, 0x00000000e6300000|100%| S|CS|TAMS 0x00000000e6200000, 0x00000000e6200000| Complete 
|  99|0x00000000e6300000, 0x00000000e6400000, 0x00000000e6400000|100%| S|CS|TAMS 0x00000000e6300000, 0x00000000e6300000| Complete 
| 100|0x00000000e6400000, 0x00000000e6500000, 0x00000000e6500000|100%| S|CS|TAMS 0x00000000e6400000, 0x00000000e6400000| Complete 
| 101|0x00000000e6500000, 0x00000000e6600000, 0x00000000e6600000|100%| S|CS|TAMS 0x00000000e6500000, 0x00000000e6500000| Complete 
| 102|0x00000000e6600000, 0x00000000e6700000, 0x00000000e6700000|100%| S|CS|TAMS 0x00000000e6600000, 0x00000000e6600000| Complete 
| 103|0x00000000e6700000, 0x00000000e6700000, 0x00000000e6800000|  0%| F|  |TAMS 0x00000000e6700000, 0x00000000e6700000| Untracked 
| 104|0x00000000e6800000, 0x00000000e6800000, 0x00000000e6900000|  0%| F|  |TAMS 0x00000000e6800000, 0x00000000e6800000| Untracked 
| 105|0x00000000e6900000, 0x00000000e6900000, 0x00000000e6a00000|  0%| F|  |TAMS 0x00000000e6900000, 0x00000000e6900000| Untracked 
| 106|0x00000000e6a00000, 0x00000000e6a00000, 0x00000000e6b00000|  0%| F|  |TAMS 0x00000000e6a00000, 0x00000000e6a00000| Untracked 
| 107|0x00000000e6b00000, 0x00000000e6b00000, 0x00000000e6c00000|  0%| F|  |TAMS 0x00000000e6b00000, 0x00000000e6b00000| Untracked 
| 108|0x00000000e6c00000, 0x00000000e6c00000, 0x00000000e6d00000|  0%| F|  |TAMS 0x00000000e6c00000, 0x00000000e6c00000| Untracked 
| 109|0x00000000e6d00000, 0x00000000e6d00000, 0x00000000e6e00000|  0%| F|  |TAMS 0x00000000e6d00000, 0x00000000e6d00000| Untracked 
| 110|0x00000000e6e00000, 0x00000000e6e00000, 0x00000000e6f00000|  0%| F|  |TAMS 0x00000000e6e00000, 0x00000000e6e00000| Untracked 
| 111|0x00000000e6f00000, 0x00000000e6f00000, 0x00000000e7000000|  0%| F|  |TAMS 0x00000000e6f00000, 0x00000000e6f00000| Untracked 
| 112|0x00000000e7000000, 0x00000000e7000000, 0x00000000e7100000|  0%| F|  |TAMS 0x00000000e7000000, 0x00000000e7000000| Untracked 
| 113|0x00000000e7100000, 0x00000000e7100000, 0x00000000e7200000|  0%| F|  |TAMS 0x00000000e7100000, 0x00000000e7100000| Untracked 
| 114|0x00000000e7200000, 0x00000000e7200000, 0x00000000e7300000|  0%| F|  |TAMS 0x00000000e7200000, 0x00000000e7200000| Untracked 
| 115|0x00000000e7300000, 0x00000000e7300000, 0x00000000e7400000|  0%| F|  |TAMS 0x00000000e7300000, 0x00000000e7300000| Untracked 
| 116|0x00000000e7400000, 0x00000000e7400000, 0x00000000e7500000|  0%| F|  |TAMS 0x00000000e7400000, 0x00000000e7400000| Untracked 
| 117|0x00000000e7500000, 0x00000000e7500000, 0x00000000e7600000|  0%| F|  |TAMS 0x00000000e7500000, 0x00000000e7500000| Untracked 
| 118|0x00000000e7600000, 0x00000000e7600000, 0x00000000e7700000|  0%| F|  |TAMS 0x00000000e7600000, 0x00000000e7600000| Untracked 
| 119|0x00000000e7700000, 0x00000000e7700000, 0x00000000e7800000|  0%| F|  |TAMS 0x00000000e7700000, 0x00000000e7700000| Untracked 
| 120|0x00000000e7800000, 0x00000000e7800000, 0x00000000e7900000|  0%| F|  |TAMS 0x00000000e7800000, 0x00000000e7800000| Untracked 
| 121|0x00000000e7900000, 0x00000000e7900000, 0x00000000e7a00000|  0%| F|  |TAMS 0x00000000e7900000, 0x00000000e7900000| Untracked 
| 122|0x00000000e7a00000, 0x00000000e7a00000, 0x00000000e7b00000|  0%| F|  |TAMS 0x00000000e7a00000, 0x00000000e7a00000| Untracked 
| 123|0x00000000e7b00000, 0x00000000e7b00000, 0x00000000e7c00000|  0%| F|  |TAMS 0x00000000e7b00000, 0x00000000e7b00000| Untracked 
| 124|0x00000000e7c00000, 0x00000000e7c00000, 0x00000000e7d00000|  0%| F|  |TAMS 0x00000000e7c00000, 0x00000000e7c00000| Untracked 
| 125|0x00000000e7d00000, 0x00000000e7d00000, 0x00000000e7e00000|  0%| F|  |TAMS 0x00000000e7d00000, 0x00000000e7d00000| Untracked 
| 126|0x00000000e7e00000, 0x00000000e7e00000, 0x00000000e7f00000|  0%| F|  |TAMS 0x00000000e7e00000, 0x00000000e7e00000| Untracked 
| 127|0x00000000e7f00000, 0x00000000e7f00000, 0x00000000e8000000|  0%| F|  |TAMS 0x00000000e7f00000, 0x00000000e7f00000| Untracked 
| 128|0x00000000e8000000, 0x00000000e8000000, 0x00000000e8100000|  0%| F|  |TAMS 0x00000000e8000000, 0x00000000e8000000| Untracked 
| 129|0x00000000e8100000, 0x00000000e8100000, 0x00000000e8200000|  0%| F|  |TAMS 0x00000000e8100000, 0x00000000e8100000| Untracked 
| 130|0x00000000e8200000, 0x00000000e8200000, 0x00000000e8300000|  0%| F|  |TAMS 0x00000000e8200000, 0x00000000e8200000| Untracked 
| 131|0x00000000e8300000, 0x00000000e8300000, 0x00000000e8400000|  0%| F|  |TAMS 0x00000000e8300000, 0x00000000e8300000| Untracked 
| 132|0x00000000e8400000, 0x00000000e8400000, 0x00000000e8500000|  0%| F|  |TAMS 0x00000000e8400000, 0x00000000e8400000| Untracked 
| 133|0x00000000e8500000, 0x00000000e8500000, 0x00000000e8600000|  0%| F|  |TAMS 0x00000000e8500000, 0x00000000e8500000| Untracked 
| 134|0x00000000e8600000, 0x00000000e8600000, 0x00000000e8700000|  0%| F|  |TAMS 0x00000000e8600000, 0x00000000e8600000| Untracked 
| 135|0x00000000e8700000, 0x00000000e8700000, 0x00000000e8800000|  0%| F|  |TAMS 0x00000000e8700000, 0x00000000e8700000| Untracked 
| 136|0x00000000e8800000, 0x00000000e8800000, 0x00000000e8900000|  0%| F|  |TAMS 0x00000000e8800000, 0x00000000e8800000| Untracked 
| 137|0x00000000e8900000, 0x00000000e8900000, 0x00000000e8a00000|  0%| F|  |TAMS 0x00000000e8900000, 0x00000000e8900000| Untracked 
| 138|0x00000000e8a00000, 0x00000000e8a00000, 0x00000000e8b00000|  0%| F|  |TAMS 0x00000000e8a00000, 0x00000000e8a00000| Untracked 
| 139|0x00000000e8b00000, 0x00000000e8b00000, 0x00000000e8c00000|  0%| F|  |TAMS 0x00000000e8b00000, 0x00000000e8b00000| Untracked 
| 140|0x00000000e8c00000, 0x00000000e8c00000, 0x00000000e8d00000|  0%| F|  |TAMS 0x00000000e8c00000, 0x00000000e8c00000| Untracked 
| 141|0x00000000e8d00000, 0x00000000e8d00000, 0x00000000e8e00000|  0%| F|  |TAMS 0x00000000e8d00000, 0x00000000e8d00000| Untracked 
| 142|0x00000000e8e00000, 0x00000000e8e00000, 0x00000000e8f00000|  0%| F|  |TAMS 0x00000000e8e00000, 0x00000000e8e00000| Untracked 
| 143|0x00000000e8f00000, 0x00000000e8f00000, 0x00000000e9000000|  0%| F|  |TAMS 0x00000000e8f00000, 0x00000000e8f00000| Untracked 
| 144|0x00000000e9000000, 0x00000000e9000000, 0x00000000e9100000|  0%| F|  |TAMS 0x00000000e9000000, 0x00000000e9000000| Untracked 
| 145|0x00000000e9100000, 0x00000000e9100000, 0x00000000e9200000|  0%| F|  |TAMS 0x00000000e9100000, 0x00000000e9100000| Untracked 
| 146|0x00000000e9200000, 0x00000000e9200000, 0x00000000e9300000|  0%| F|  |TAMS 0x00000000e9200000, 0x00000000e9200000| Untracked 
| 147|0x00000000e9300000, 0x00000000e9300000, 0x00000000e9400000|  0%| F|  |TAMS 0x00000000e9300000, 0x00000000e9300000| Untracked 
| 148|0x00000000e9400000, 0x00000000e9400000, 0x00000000e9500000|  0%| F|  |TAMS 0x00000000e9400000, 0x00000000e9400000| Untracked 
| 149|0x00000000e9500000, 0x00000000e9500000, 0x00000000e9600000|  0%| F|  |TAMS 0x00000000e9500000, 0x00000000e9500000| Untracked 
| 150|0x00000000e9600000, 0x00000000e9600000, 0x00000000e9700000|  0%| F|  |TAMS 0x00000000e9600000, 0x00000000e9600000| Untracked 
| 151|0x00000000e9700000, 0x00000000e9700000, 0x00000000e9800000|  0%| F|  |TAMS 0x00000000e9700000, 0x00000000e9700000| Untracked 
| 152|0x00000000e9800000, 0x00000000e9800000, 0x00000000e9900000|  0%| F|  |TAMS 0x00000000e9800000, 0x00000000e9800000| Untracked 
| 153|0x00000000e9900000, 0x00000000e9900000, 0x00000000e9a00000|  0%| F|  |TAMS 0x00000000e9900000, 0x00000000e9900000| Untracked 
| 154|0x00000000e9a00000, 0x00000000e9a00000, 0x00000000e9b00000|  0%| F|  |TAMS 0x00000000e9a00000, 0x00000000e9a00000| Untracked 
| 155|0x00000000e9b00000, 0x00000000e9b00000, 0x00000000e9c00000|  0%| F|  |TAMS 0x00000000e9b00000, 0x00000000e9b00000| Untracked 
| 156|0x00000000e9c00000, 0x00000000e9c00000, 0x00000000e9d00000|  0%| F|  |TAMS 0x00000000e9c00000, 0x00000000e9c00000| Untracked 
| 157|0x00000000e9d00000, 0x00000000e9d00000, 0x00000000e9e00000|  0%| F|  |TAMS 0x00000000e9d00000, 0x00000000e9d00000| Untracked 
| 158|0x00000000e9e00000, 0x00000000e9e00000, 0x00000000e9f00000|  0%| F|  |TAMS 0x00000000e9e00000, 0x00000000e9e00000| Untracked 
| 159|0x00000000e9f00000, 0x00000000e9f00000, 0x00000000ea000000|  0%| F|  |TAMS 0x00000000e9f00000, 0x00000000e9f00000| Untracked 
| 160|0x00000000ea000000, 0x00000000ea000000, 0x00000000ea100000|  0%| F|  |TAMS 0x00000000ea000000, 0x00000000ea000000| Untracked 
| 161|0x00000000ea100000, 0x00000000ea100000, 0x00000000ea200000|  0%| F|  |TAMS 0x00000000ea100000, 0x00000000ea100000| Untracked 
| 162|0x00000000ea200000, 0x00000000ea200000, 0x00000000ea300000|  0%| F|  |TAMS 0x00000000ea200000, 0x00000000ea200000| Untracked 
| 163|0x00000000ea300000, 0x00000000ea300000, 0x00000000ea400000|  0%| F|  |TAMS 0x00000000ea300000, 0x00000000ea300000| Untracked 
| 164|0x00000000ea400000, 0x00000000ea400000, 0x00000000ea500000|  0%| F|  |TAMS 0x00000000ea400000, 0x00000000ea400000| Untracked 
| 165|0x00000000ea500000, 0x00000000ea500000, 0x00000000ea600000|  0%| F|  |TAMS 0x00000000ea500000, 0x00000000ea500000| Untracked 
| 166|0x00000000ea600000, 0x00000000ea600000, 0x00000000ea700000|  0%| F|  |TAMS 0x00000000ea600000, 0x00000000ea600000| Untracked 
| 167|0x00000000ea700000, 0x00000000ea700000, 0x00000000ea800000|  0%| F|  |TAMS 0x00000000ea700000, 0x00000000ea700000| Untracked 
| 168|0x00000000ea800000, 0x00000000ea800000, 0x00000000ea900000|  0%| F|  |TAMS 0x00000000ea800000, 0x00000000ea800000| Untracked 
| 169|0x00000000ea900000, 0x00000000ea900000, 0x00000000eaa00000|  0%| F|  |TAMS 0x00000000ea900000, 0x00000000ea900000| Untracked 
| 170|0x00000000eaa00000, 0x00000000eaa00000, 0x00000000eab00000|  0%| F|  |TAMS 0x00000000eaa00000, 0x00000000eaa00000| Untracked 
| 171|0x00000000eab00000, 0x00000000eab00000, 0x00000000eac00000|  0%| F|  |TAMS 0x00000000eab00000, 0x00000000eab00000| Untracked 
| 172|0x00000000eac00000, 0x00000000eac00000, 0x00000000ead00000|  0%| F|  |TAMS 0x00000000eac00000, 0x00000000eac00000| Untracked 
| 173|0x00000000ead00000, 0x00000000ead00000, 0x00000000eae00000|  0%| F|  |TAMS 0x00000000ead00000, 0x00000000ead00000| Untracked 
| 174|0x00000000eae00000, 0x00000000eae00000, 0x00000000eaf00000|  0%| F|  |TAMS 0x00000000eae00000, 0x00000000eae00000| Untracked 
| 175|0x00000000eaf00000, 0x00000000eaf00000, 0x00000000eb000000|  0%| F|  |TAMS 0x00000000eaf00000, 0x00000000eaf00000| Untracked 
| 176|0x00000000eb000000, 0x00000000eb000000, 0x00000000eb100000|  0%| F|  |TAMS 0x00000000eb000000, 0x00000000eb000000| Untracked 
| 177|0x00000000eb100000, 0x00000000eb100000, 0x00000000eb200000|  0%| F|  |TAMS 0x00000000eb100000, 0x00000000eb100000| Untracked 
| 178|0x00000000eb200000, 0x00000000eb200000, 0x00000000eb300000|  0%| F|  |TAMS 0x00000000eb200000, 0x00000000eb200000| Untracked 
| 179|0x00000000eb300000, 0x00000000eb300000, 0x00000000eb400000|  0%| F|  |TAMS 0x00000000eb300000, 0x00000000eb300000| Untracked 
| 180|0x00000000eb400000, 0x00000000eb400000, 0x00000000eb500000|  0%| F|  |TAMS 0x00000000eb400000, 0x00000000eb400000| Untracked 
| 181|0x00000000eb500000, 0x00000000eb500000, 0x00000000eb600000|  0%| F|  |TAMS 0x00000000eb500000, 0x00000000eb500000| Untracked 
| 182|0x00000000eb600000, 0x00000000eb600000, 0x00000000eb700000|  0%| F|  |TAMS 0x00000000eb600000, 0x00000000eb600000| Untracked 
| 183|0x00000000eb700000, 0x00000000eb700000, 0x00000000eb800000|  0%| F|  |TAMS 0x00000000eb700000, 0x00000000eb700000| Untracked 
| 184|0x00000000eb800000, 0x00000000eb800000, 0x00000000eb900000|  0%| F|  |TAMS 0x00000000eb800000, 0x00000000eb800000| Untracked 
| 185|0x00000000eb900000, 0x00000000eb900000, 0x00000000eba00000|  0%| F|  |TAMS 0x00000000eb900000, 0x00000000eb900000| Untracked 
| 186|0x00000000eba00000, 0x00000000eba80020, 0x00000000ebb00000| 50%| E|  |TAMS 0x00000000eba00000, 0x00000000eba00000| Complete 
| 187|0x00000000ebb00000, 0x00000000ebc00000, 0x00000000ebc00000|100%| E|CS|TAMS 0x00000000ebb00000, 0x00000000ebb00000| Complete 
| 188|0x00000000ebc00000, 0x00000000ebd00000, 0x00000000ebd00000|100%| E|CS|TAMS 0x00000000ebc00000, 0x00000000ebc00000| Complete 
| 189|0x00000000ebd00000, 0x00000000ebe00000, 0x00000000ebe00000|100%| E|CS|TAMS 0x00000000ebd00000, 0x00000000ebd00000| Complete 
| 190|0x00000000ebe00000, 0x00000000ebf00000, 0x00000000ebf00000|100%| E|CS|TAMS 0x00000000ebe00000, 0x00000000ebe00000| Complete 
| 191|0x00000000ebf00000, 0x00000000ec000000, 0x00000000ec000000|100%| E|CS|TAMS 0x00000000ebf00000, 0x00000000ebf00000| Complete 
| 192|0x00000000ec000000, 0x00000000ec100000, 0x00000000ec100000|100%| E|CS|TAMS 0x00000000ec000000, 0x00000000ec000000| Complete 
| 193|0x00000000ec100000, 0x00000000ec200000, 0x00000000ec200000|100%| E|CS|TAMS 0x00000000ec100000, 0x00000000ec100000| Complete 
| 194|0x00000000ec200000, 0x00000000ec300000, 0x00000000ec300000|100%| E|CS|TAMS 0x00000000ec200000, 0x00000000ec200000| Complete 
| 195|0x00000000ec300000, 0x00000000ec400000, 0x00000000ec400000|100%| E|CS|TAMS 0x00000000ec300000, 0x00000000ec300000| Complete 
| 196|0x00000000ec400000, 0x00000000ec500000, 0x00000000ec500000|100%| E|CS|TAMS 0x00000000ec400000, 0x00000000ec400000| Complete 
| 197|0x00000000ec500000, 0x00000000ec600000, 0x00000000ec600000|100%| E|CS|TAMS 0x00000000ec500000, 0x00000000ec500000| Complete 
| 198|0x00000000ec600000, 0x00000000ec700000, 0x00000000ec700000|100%| E|CS|TAMS 0x00000000ec600000, 0x00000000ec600000| Complete 
| 199|0x00000000ec700000, 0x00000000ec800000, 0x00000000ec800000|100%| E|CS|TAMS 0x00000000ec700000, 0x00000000ec700000| Complete 
| 200|0x00000000ec800000, 0x00000000ec900000, 0x00000000ec900000|100%| E|CS|TAMS 0x00000000ec800000, 0x00000000ec800000| Complete 
| 201|0x00000000ec900000, 0x00000000eca00000, 0x00000000eca00000|100%| E|CS|TAMS 0x00000000ec900000, 0x00000000ec900000| Complete 
| 202|0x00000000eca00000, 0x00000000ecb00000, 0x00000000ecb00000|100%| E|CS|TAMS 0x00000000eca00000, 0x00000000eca00000| Complete 
| 203|0x00000000ecb00000, 0x00000000ecc00000, 0x00000000ecc00000|100%| E|CS|TAMS 0x00000000ecb00000, 0x00000000ecb00000| Complete 
| 204|0x00000000ecc00000, 0x00000000ecd00000, 0x00000000ecd00000|100%| E|CS|TAMS 0x00000000ecc00000, 0x00000000ecc00000| Complete 
| 205|0x00000000ecd00000, 0x00000000ece00000, 0x00000000ece00000|100%| E|CS|TAMS 0x00000000ecd00000, 0x00000000ecd00000| Complete 
| 206|0x00000000ece00000, 0x00000000ecf00000, 0x00000000ecf00000|100%| E|CS|TAMS 0x00000000ece00000, 0x00000000ece00000| Complete 
| 207|0x00000000ecf00000, 0x00000000ed000000, 0x00000000ed000000|100%| E|CS|TAMS 0x00000000ecf00000, 0x00000000ecf00000| Complete 
| 208|0x00000000ed000000, 0x00000000ed100000, 0x00000000ed100000|100%| E|CS|TAMS 0x00000000ed000000, 0x00000000ed000000| Complete 
| 209|0x00000000ed100000, 0x00000000ed200000, 0x00000000ed200000|100%| E|CS|TAMS 0x00000000ed100000, 0x00000000ed100000| Complete 
| 210|0x00000000ed200000, 0x00000000ed300000, 0x00000000ed300000|100%| E|CS|TAMS 0x00000000ed200000, 0x00000000ed200000| Complete 
| 211|0x00000000ed300000, 0x00000000ed400000, 0x00000000ed400000|100%| E|CS|TAMS 0x00000000ed300000, 0x00000000ed300000| Complete 
| 212|0x00000000ed400000, 0x00000000ed500000, 0x00000000ed500000|100%| E|CS|TAMS 0x00000000ed400000, 0x00000000ed400000| Complete 
| 213|0x00000000ed500000, 0x00000000ed600000, 0x00000000ed600000|100%| E|CS|TAMS 0x00000000ed500000, 0x00000000ed500000| Complete 
| 214|0x00000000ed600000, 0x00000000ed700000, 0x00000000ed700000|100%| E|CS|TAMS 0x00000000ed600000, 0x00000000ed600000| Complete 
| 215|0x00000000ed700000, 0x00000000ed800000, 0x00000000ed800000|100%| E|CS|TAMS 0x00000000ed700000, 0x00000000ed700000| Complete 
| 216|0x00000000ed800000, 0x00000000ed900000, 0x00000000ed900000|100%| E|CS|TAMS 0x00000000ed800000, 0x00000000ed800000| Complete 
| 217|0x00000000ed900000, 0x00000000eda00000, 0x00000000eda00000|100%| E|CS|TAMS 0x00000000ed900000, 0x00000000ed900000| Complete 
| 218|0x00000000eda00000, 0x00000000edb00000, 0x00000000edb00000|100%| E|CS|TAMS 0x00000000eda00000, 0x00000000eda00000| Complete 
| 219|0x00000000edb00000, 0x00000000edc00000, 0x00000000edc00000|100%| E|CS|TAMS 0x00000000edb00000, 0x00000000edb00000| Complete 
| 220|0x00000000edc00000, 0x00000000edd00000, 0x00000000edd00000|100%| E|CS|TAMS 0x00000000edc00000, 0x00000000edc00000| Complete 
| 221|0x00000000edd00000, 0x00000000ede00000, 0x00000000ede00000|100%| E|CS|TAMS 0x00000000edd00000, 0x00000000edd00000| Complete 
| 222|0x00000000ede00000, 0x00000000edf00000, 0x00000000edf00000|100%| E|CS|TAMS 0x00000000ede00000, 0x00000000ede00000| Complete 
| 223|0x00000000edf00000, 0x00000000ee000000, 0x00000000ee000000|100%| E|CS|TAMS 0x00000000edf00000, 0x00000000edf00000| Complete 
| 224|0x00000000ee000000, 0x00000000ee100000, 0x00000000ee100000|100%| E|CS|TAMS 0x00000000ee000000, 0x00000000ee000000| Complete 
| 225|0x00000000ee100000, 0x00000000ee200000, 0x00000000ee200000|100%| E|CS|TAMS 0x00000000ee100000, 0x00000000ee100000| Complete 
| 226|0x00000000ee200000, 0x00000000ee300000, 0x00000000ee300000|100%| E|CS|TAMS 0x00000000ee200000, 0x00000000ee200000| Complete 
| 227|0x00000000ee300000, 0x00000000ee400000, 0x00000000ee400000|100%| E|CS|TAMS 0x00000000ee300000, 0x00000000ee300000| Complete 
| 228|0x00000000ee400000, 0x00000000ee500000, 0x00000000ee500000|100%| E|CS|TAMS 0x00000000ee400000, 0x00000000ee400000| Complete 
| 229|0x00000000ee500000, 0x00000000ee600000, 0x00000000ee600000|100%| E|CS|TAMS 0x00000000ee500000, 0x00000000ee500000| Complete 
| 230|0x00000000ee600000, 0x00000000ee700000, 0x00000000ee700000|100%| E|CS|TAMS 0x00000000ee600000, 0x00000000ee600000| Complete 
| 231|0x00000000ee700000, 0x00000000ee800000, 0x00000000ee800000|100%| E|CS|TAMS 0x00000000ee700000, 0x00000000ee700000| Complete 
| 232|0x00000000ee800000, 0x00000000ee900000, 0x00000000ee900000|100%| E|CS|TAMS 0x00000000ee800000, 0x00000000ee800000| Complete 
| 233|0x00000000ee900000, 0x00000000eea00000, 0x00000000eea00000|100%| E|CS|TAMS 0x00000000ee900000, 0x00000000ee900000| Complete 
| 234|0x00000000eea00000, 0x00000000eeb00000, 0x00000000eeb00000|100%| E|CS|TAMS 0x00000000eea00000, 0x00000000eea00000| Complete 
| 235|0x00000000eeb00000, 0x00000000eec00000, 0x00000000eec00000|100%| E|CS|TAMS 0x00000000eeb00000, 0x00000000eeb00000| Complete 
| 236|0x00000000eec00000, 0x00000000eed00000, 0x00000000eed00000|100%| E|CS|TAMS 0x00000000eec00000, 0x00000000eec00000| Complete 
| 237|0x00000000eed00000, 0x00000000eee00000, 0x00000000eee00000|100%| E|CS|TAMS 0x00000000eed00000, 0x00000000eed00000| Complete 
| 238|0x00000000eee00000, 0x00000000eef00000, 0x00000000eef00000|100%| E|CS|TAMS 0x00000000eee00000, 0x00000000eee00000| Complete 
| 239|0x00000000eef00000, 0x00000000ef000000, 0x00000000ef000000|100%| E|CS|TAMS 0x00000000eef00000, 0x00000000eef00000| Complete 
| 240|0x00000000ef000000, 0x00000000ef100000, 0x00000000ef100000|100%| E|CS|TAMS 0x00000000ef000000, 0x00000000ef000000| Complete 
| 241|0x00000000ef100000, 0x00000000ef200000, 0x00000000ef200000|100%| E|CS|TAMS 0x00000000ef100000, 0x00000000ef100000| Complete 
| 242|0x00000000ef200000, 0x00000000ef300000, 0x00000000ef300000|100%| E|CS|TAMS 0x00000000ef200000, 0x00000000ef200000| Complete 
| 243|0x00000000ef300000, 0x00000000ef400000, 0x00000000ef400000|100%| E|CS|TAMS 0x00000000ef300000, 0x00000000ef300000| Complete 
| 244|0x00000000ef400000, 0x00000000ef500000, 0x00000000ef500000|100%| E|CS|TAMS 0x00000000ef400000, 0x00000000ef400000| Complete 
| 245|0x00000000ef500000, 0x00000000ef600000, 0x00000000ef600000|100%| E|CS|TAMS 0x00000000ef500000, 0x00000000ef500000| Complete 
| 246|0x00000000ef600000, 0x00000000ef700000, 0x00000000ef700000|100%| E|CS|TAMS 0x00000000ef600000, 0x00000000ef600000| Complete 
| 247|0x00000000ef700000, 0x00000000ef800000, 0x00000000ef800000|100%| E|CS|TAMS 0x00000000ef700000, 0x00000000ef700000| Complete 
| 248|0x00000000ef800000, 0x00000000ef900000, 0x00000000ef900000|100%| E|CS|TAMS 0x00000000ef800000, 0x00000000ef800000| Complete 
| 249|0x00000000ef900000, 0x00000000efa00000, 0x00000000efa00000|100%| E|CS|TAMS 0x00000000ef900000, 0x00000000ef900000| Complete 
| 250|0x00000000efa00000, 0x00000000efb00000, 0x00000000efb00000|100%| E|CS|TAMS 0x00000000efa00000, 0x00000000efa00000| Complete 
| 251|0x00000000efb00000, 0x00000000efc00000, 0x00000000efc00000|100%| E|CS|TAMS 0x00000000efb00000, 0x00000000efb00000| Complete 
| 252|0x00000000efc00000, 0x00000000efd00000, 0x00000000efd00000|100%| E|CS|TAMS 0x00000000efc00000, 0x00000000efc00000| Complete 
| 253|0x00000000efd00000, 0x00000000efe00000, 0x00000000efe00000|100%| E|CS|TAMS 0x00000000efd00000, 0x00000000efd00000| Complete 
| 254|0x00000000efe00000, 0x00000000eff00000, 0x00000000eff00000|100%| E|CS|TAMS 0x00000000efe00000, 0x00000000efe00000| Complete 
| 255|0x00000000eff00000, 0x00000000f0000000, 0x00000000f0000000|100%| E|CS|TAMS 0x00000000eff00000, 0x00000000eff00000| Complete 

Card table byte_map: [0x00000140d49f0000,0x00000140d4af0000] _byte_map_base: 0x00000140d42f0000

Marking Bits (Prev, Next): (CMBitMap*) 0x00000140bda6a0d0, (CMBitMap*) 0x00000140bda6a110
 Prev Bits: [0x00000140d4bf0000, 0x00000140d53f0000)
 Next Bits: [0x00000140d53f0000, 0x00000140d5bf0000)

Polling page: 0x00000140bb9a0000

Metaspace:

Usage:
  Non-class:     43.18 MB used.
      Class:      7.07 MB used.
       Both:     50.25 MB used.

Virtual space:
  Non-class space:       64.00 MB reserved,      43.50 MB ( 68%) committed,  1 nodes.
      Class space:      320.00 MB reserved,       7.38 MB (  2%) committed,  1 nodes.
             Both:      384.00 MB reserved,      50.88 MB ( 13%) committed. 

Chunk freelists:
   Non-Class:  3.57 MB
       Class:  8.61 MB
        Both:  12.18 MB

MaxMetaspaceSize: 384.00 MB
CompressedClassSpaceSize: 320.00 MB
Initial GC threshold: 21.00 MB
Current GC threshold: 58.88 MB
CDS: on
MetaspaceReclaimPolicy: balanced
 - commit_granule_bytes: 65536.
 - commit_granule_words: 8192.
 - virtual_space_node_default_size: 8388608.
 - enlarge_chunks_in_place: 1.
 - new_chunks_are_fully_committed: 0.
 - uncommit_free_chunks: 1.
 - use_allocation_guard: 0.
 - handle_deallocations: 1.


Internal statistics:

num_allocs_failed_limit: 6.
num_arena_births: 772.
num_arena_deaths: 0.
num_vsnodes_births: 2.
num_vsnodes_deaths: 0.
num_space_committed: 814.
num_space_uncommitted: 0.
num_chunks_returned_to_freelist: 6.
num_chunks_taken_from_freelist: 2984.
num_chunk_merges: 6.
num_chunk_splits: 1895.
num_chunks_enlarged: 1173.
num_inconsistent_stats: 0.

CodeHeap 'non-profiled nmethods': size=120000Kb used=4052Kb max_used=4052Kb free=115947Kb
 bounds [0x00000140cd090000, 0x00000140cd490000, 0x00000140d45c0000]
CodeHeap 'profiled nmethods': size=120000Kb used=13106Kb max_used=13106Kb free=106893Kb
 bounds [0x00000140c55c0000, 0x00000140c6290000, 0x00000140ccaf0000]
CodeHeap 'non-nmethods': size=5760Kb used=2334Kb max_used=2386Kb free=3425Kb
 bounds [0x00000140ccaf0000, 0x00000140ccd60000, 0x00000140cd090000]
 total_blobs=7516 nmethods=6668 adapters=760
 compilation: enabled
              stopped_count=0, restarted_count=0
 full_count=0

Compilation events (20 events):
Event: 39.240 Thread 0x00000140d8674340 7418       3       org.gradle.internal.event.BroadcastDispatch::add (7 bytes)
Event: 39.240 Thread 0x00000140d8674340 nmethod 7418 0x00000140c627cb10 code [0x00000140c627ccc0, 0x00000140c627ce88]
Event: 39.240 Thread 0x00000140d8674340 7419       3       org.gradle.internal.Describables::memoize (9 bytes)
Event: 39.240 Thread 0x00000140d8674340 nmethod 7419 0x00000140c627cf10 code [0x00000140c627d0c0, 0x00000140c627d3d8]
Event: 39.240 Thread 0x00000140d8674340 7420       3       org.gradle.internal.Describables$MemoizingDescribable::<init> (11 bytes)
Event: 39.240 Thread 0x00000140d8674340 nmethod 7420 0x00000140c627d510 code [0x00000140c627d6c0, 0x00000140c627d938]
Event: 39.241 Thread 0x00000140d8674340 7421       3       org.gradle.internal.event.DefaultListenerManager::createAnonymousBroadcaster (23 bytes)
Event: 39.242 Thread 0x00000140d8674340 nmethod 7421 0x00000140c627da90 code [0x00000140c627dce0, 0x00000140c627e908]
Event: 39.242 Thread 0x00000140d8674340 7422       3       org.gradle.internal.event.AnonymousListenerBroadcast::<init> (16 bytes)
Event: 39.242 Thread 0x00000140d8674340 nmethod 7422 0x00000140c627ed10 code [0x00000140c627ef20, 0x00000140c627f8e8]
Event: 39.242 Thread 0x00000140d8674340 7423       3       org.gradle.internal.event.BroadcastDispatch$SingletonDispatch::add (62 bytes)
Event: 39.242 Thread 0x00000140f4f34820 nmethod 7368 0x00000140cd483710 code [0x00000140cd4838c0, 0x00000140cd483cd8]
Event: 39.242 Thread 0x00000140f4f34820 7375       4       java.util.LinkedHashMap$LinkedValues::size (8 bytes)
Event: 39.243 Thread 0x00000140f4f34820 nmethod 7375 0x00000140cd483f10 code [0x00000140cd4840a0, 0x00000140cd484138]
Event: 39.243 Thread 0x00000140d8674340 nmethod 7423 0x00000140c627fc10 code [0x00000140c627ff00, 0x00000140c6281288]
Event: 39.245 Thread 0x00000140d8674340 7424       3       sun.net.www.protocol.jar.JarURLConnection::getUseCaches (8 bytes)
Event: 39.245 Thread 0x00000140d8674340 nmethod 7424 0x00000140c6281990 code [0x00000140c6281b40, 0x00000140c6281d08]
Event: 39.249 Thread 0x00000140d8674340 7425       3       org.gradle.internal.hash.Hashing$MessageDigestHasher::<init> (25 bytes)
Event: 39.250 Thread 0x00000140d8674340 nmethod 7425 0x00000140c6281e10 code [0x00000140c6281fe0, 0x00000140c6282298]
Event: 39.252 Thread 0x00000140d8674340 7426       3       org.gradle.internal.snapshot.VfsRelativePath::compareToFirstSegment (203 bytes)

GC Heap History (12 events):
Event: 0.437 GC heap before
{Heap before GC invocations=0 (full 0):
 garbage-first heap   total 262144K, used 23552K [0x00000000e0000000, 0x0000000100000000)
  region size 1024K, 23 young (23552K), 0 survivors (0K)
 Metaspace       used 1025K, committed 1152K, reserved 393216K
  class space    used 72K, committed 128K, reserved 327680K
}
Event: 0.444 GC heap after
{Heap after GC invocations=1 (full 0):
 garbage-first heap   total 262144K, used 2149K [0x00000000e0000000, 0x0000000100000000)
  region size 1024K, 3 young (3072K), 3 survivors (3072K)
 Metaspace       used 1025K, committed 1152K, reserved 393216K
  class space    used 72K, committed 128K, reserved 327680K
}
Event: 1.315 GC heap before
{Heap before GC invocations=1 (full 0):
 garbage-first heap   total 262144K, used 40037K [0x00000000e0000000, 0x0000000100000000)
  region size 1024K, 38 young (38912K), 3 survivors (3072K)
 Metaspace       used 4388K, committed 4544K, reserved 393216K
  class space    used 547K, committed 640K, reserved 327680K
}
Event: 1.319 GC heap after
{Heap after GC invocations=2 (full 0):
 garbage-first heap   total 262144K, used 10807K [0x00000000e0000000, 0x0000000100000000)
  region size 1024K, 5 young (5120K), 5 survivors (5120K)
 Metaspace       used 4388K, committed 4544K, reserved 393216K
  class space    used 547K, committed 640K, reserved 327680K
}
Event: 1.874 GC heap before
{Heap before GC invocations=2 (full 0):
 garbage-first heap   total 262144K, used 59959K [0x00000000e0000000, 0x0000000100000000)
  region size 1024K, 51 young (52224K), 5 survivors (5120K)
 Metaspace       used 4856K, committed 5056K, reserved 393216K
  class space    used 623K, committed 704K, reserved 327680K
}
Event: 1.879 GC heap after
{Heap after GC invocations=3 (full 0):
 garbage-first heap   total 262144K, used 16810K [0x00000000e0000000, 0x0000000100000000)
  region size 1024K, 5 young (5120K), 5 survivors (5120K)
 Metaspace       used 4856K, committed 5056K, reserved 393216K
  class space    used 623K, committed 704K, reserved 327680K
}
Event: 10.878 GC heap before
{Heap before GC invocations=3 (full 0):
 garbage-first heap   total 262144K, used 125354K [0x00000000e0000000, 0x0000000100000000)
  region size 1024K, 112 young (114688K), 5 survivors (5120K)
 Metaspace       used 21167K, committed 21504K, reserved 393216K
  class space    used 3070K, committed 3200K, reserved 327680K
}
Event: 10.886 GC heap after
{Heap after GC invocations=4 (full 0):
 garbage-first heap   total 262144K, used 24040K [0x00000000e0000000, 0x0000000100000000)
  region size 1024K, 12 young (12288K), 12 survivors (12288K)
 Metaspace       used 21167K, committed 21504K, reserved 393216K
  class space    used 3070K, committed 3200K, reserved 327680K
}
Event: 17.636 GC heap before
{Heap before GC invocations=5 (full 0):
 garbage-first heap   total 262144K, used 154088K [0x00000000e0000000, 0x0000000100000000)
  region size 1024K, 136 young (139264K), 12 survivors (12288K)
 Metaspace       used 35665K, committed 36096K, reserved 393216K
  class space    used 4970K, committed 5184K, reserved 327680K
}
Event: 17.651 GC heap after
{Heap after GC invocations=6 (full 0):
 garbage-first heap   total 262144K, used 33390K [0x00000000e0000000, 0x0000000100000000)
  region size 1024K, 17 young (17408K), 17 survivors (17408K)
 Metaspace       used 35665K, committed 36096K, reserved 393216K
  class space    used 4970K, committed 5184K, reserved 327680K
}
Event: 31.126 GC heap before
{Heap before GC invocations=7 (full 0):
 garbage-first heap   total 262144K, used 173678K [0x00000000e0000000, 0x0000000100000000)
  region size 1024K, 153 young (156672K), 17 survivors (17408K)
 Metaspace       used 49011K, committed 49536K, reserved 393216K
  class space    used 6934K, committed 7168K, reserved 327680K
}
Event: 31.142 GC heap after
{Heap after GC invocations=8 (full 0):
 garbage-first heap   total 262144K, used 39712K [0x00000000e0000000, 0x0000000100000000)
  region size 1024K, 16 young (16384K), 16 survivors (16384K)
 Metaspace       used 49011K, committed 49536K, reserved 393216K
  class space    used 6934K, committed 7168K, reserved 327680K
}

Dll operation events (15 events):
Event: 0.029 Loaded shared library C:\Users\duoc.nguyen1\.jdks\ms-17.0.20\bin\java.dll
Event: 0.075 Loaded shared library C:\Users\duoc.nguyen1\.jdks\ms-17.0.20\bin\jsvml.dll
Event: 0.130 Loaded shared library C:\Users\duoc.nguyen1\.jdks\ms-17.0.20\bin\zip.dll
Event: 0.136 Loaded shared library C:\Users\duoc.nguyen1\.jdks\ms-17.0.20\bin\instrument.dll
Event: 0.142 Loaded shared library C:\Users\duoc.nguyen1\.jdks\ms-17.0.20\bin\net.dll
Event: 0.146 Loaded shared library C:\Users\duoc.nguyen1\.jdks\ms-17.0.20\bin\nio.dll
Event: 0.149 Loaded shared library C:\Users\duoc.nguyen1\.jdks\ms-17.0.20\bin\zip.dll
Event: 0.390 Loaded shared library C:\Users\duoc.nguyen1\.jdks\ms-17.0.20\bin\jimage.dll
Event: 0.582 Loaded shared library C:\Users\duoc.nguyen1\.jdks\ms-17.0.20\bin\verify.dll
Event: 0.754 Loaded shared library C:\Users\duoc.nguyen1\.gradle\native\1def1411415f61bf3af743bc5b6707747c0891f09f0c88961ee8f79bc544acac\windows-amd64\native-platform.dll
Event: 0.768 Loaded shared library C:\Users\duoc.nguyen1\.gradle\native\0.2.7\x86_64-windows-gnu\gradle-fileevents.dll
Event: 2.068 Loaded shared library C:\Users\duoc.nguyen1\.jdks\ms-17.0.20\bin\management.dll
Event: 2.071 Loaded shared library C:\Users\duoc.nguyen1\.jdks\ms-17.0.20\bin\management_ext.dll
Event: 2.344 Loaded shared library C:\Users\duoc.nguyen1\.jdks\ms-17.0.20\bin\extnet.dll
Event: 2.751 Loaded shared library C:\Users\duoc.nguyen1\.jdks\ms-17.0.20\bin\sunmscapi.dll

Deoptimization events (20 events):
Event: 38.342 Thread 0x00000140f4269aa0 DEOPT PACKING pc=0x00000140c56b66b1 sp=0x00000033466f31a0
Event: 38.342 Thread 0x00000140f4269aa0 DEOPT UNPACKING pc=0x00000140ccb47143 sp=0x00000033466f2698 mode 0
Event: 38.342 Thread 0x00000140f4269aa0 Uncommon trap: trap_request=0xffffffde fr.pc=0x00000140cd3539a0 relative=0x0000000000000d00
Event: 38.342 Thread 0x00000140f4269aa0 Uncommon trap: reason=class_check action=maybe_recompile pc=0x00000140cd3539a0 method=java.lang.ClassLoader.getDefinedPackage(Ljava/lang/String;)Ljava/lang/Package; @ 16 c2
Event: 38.342 Thread 0x00000140f4269aa0 DEOPT PACKING pc=0x00000140cd3539a0 sp=0x00000033466f3510
Event: 38.342 Thread 0x00000140f4269aa0 DEOPT UNPACKING pc=0x00000140ccb469a3 sp=0x00000033466f34d8 mode 2
Event: 38.386 Thread 0x00000140f4269aa0 DEOPT PACKING pc=0x00000140c5734b1b sp=0x00000033466f8190
Event: 38.386 Thread 0x00000140f4269aa0 DEOPT UNPACKING pc=0x00000140ccb47143 sp=0x00000033466f76b0 mode 0
Event: 38.413 Thread 0x00000140f4269aa0 DEOPT PACKING pc=0x00000140c56224fe sp=0x00000033466f9610
Event: 38.413 Thread 0x00000140f4269aa0 DEOPT UNPACKING pc=0x00000140ccb47143 sp=0x00000033466f8bb0 mode 0
Event: 38.432 Thread 0x00000140f4269aa0 Uncommon trap: trap_request=0xffffff45 fr.pc=0x00000140cd456454 relative=0x0000000000000434
Event: 38.432 Thread 0x00000140f4269aa0 Uncommon trap: reason=unstable_if action=reinterpret pc=0x00000140cd456454 method=org.gradle.internal.instantiation.generator.DependencyInjectingInstantiator.verifyParameters(Lorg/gradle/internal/instantiation/generator/ClassGenerator$GeneratedConstructor
Event: 38.432 Thread 0x00000140f4269aa0 DEOPT PACKING pc=0x00000140cd456454 sp=0x00000033466f6e90
Event: 38.432 Thread 0x00000140f4269aa0 DEOPT UNPACKING pc=0x00000140ccb469a3 sp=0x00000033466f6e30 mode 2
Event: 38.976 Thread 0x00000140f4269aa0 DEOPT PACKING pc=0x00000140c60bf0e5 sp=0x00000033466f8e00
Event: 38.976 Thread 0x00000140f4269aa0 DEOPT UNPACKING pc=0x00000140ccb47143 sp=0x00000033466f8260 mode 0
Event: 39.171 Thread 0x00000140f4269aa0 Uncommon trap: trap_request=0xffffff45 fr.pc=0x00000140cd1f7e80 relative=0x0000000000000760
Event: 39.171 Thread 0x00000140f4269aa0 Uncommon trap: reason=unstable_if action=reinterpret pc=0x00000140cd1f7e80 method=org.gradle.internal.snapshot.VfsRelativePath.compareToFirstSegment(Ljava/lang/String;Lorg/gradle/internal/snapshot/CaseSensitivity;)I @ 134 c2
Event: 39.171 Thread 0x00000140f4269aa0 DEOPT PACKING pc=0x00000140cd1f7e80 sp=0x00000033466f8e90
Event: 39.171 Thread 0x00000140f4269aa0 DEOPT UNPACKING pc=0x00000140ccb469a3 sp=0x00000033466f8e10 mode 2

Classes loaded (20 events):
Event: 31.099 Loading class java/lang/Character$Subset done
Event: 31.099 Loading class java/lang/Character$UnicodeBlock done
Event: 31.732 Loading class sun/misc/SharedSecrets
Event: 31.732 Loading class sun/misc/SharedSecrets done
Event: 32.069 Loading class org/xml/sax/Locator
Event: 32.069 Loading class org/xml/sax/Locator done
Event: 32.069 Loading class org/xml/sax/SAXParseException
Event: 32.069 Loading class org/xml/sax/SAXParseException done
Event: 32.082 Loading class org/xml/sax/Attributes
Event: 32.082 Loading class org/xml/sax/Attributes done
Event: 33.273 Loading class jdk/internal/reflect/UnsafeObjectFieldAccessorImpl
Event: 33.275 Loading class jdk/internal/reflect/UnsafeObjectFieldAccessorImpl done
Event: 33.858 Loading class java/util/stream/ReduceOps$5
Event: 33.859 Loading class java/util/stream/ReduceOps$5 done
Event: 33.859 Loading class java/util/stream/ReduceOps$CountingSink$OfRef
Event: 33.859 Loading class java/util/stream/ReduceOps$CountingSink
Event: 33.859 Loading class java/util/stream/ReduceOps$CountingSink done
Event: 33.859 Loading class java/util/stream/ReduceOps$CountingSink$OfRef done
Event: 36.082 Loading class sun/reflect/generics/tree/LongSignature
Event: 36.082 Loading class sun/reflect/generics/tree/LongSignature done

Classes unloaded (0 events):
No events

Classes redefined (0 events):
No events

Internal exceptions (20 events):
Event: 39.079 Thread 0x00000140f4269aa0 Exception <a 'java/lang/ClassNotFoundException'{0x00000000ec0e8df8}: build_3dlu8yx3u2ne0b99mu53spagqCustomizer> (0x00000000ec0e8df8) 
thrown [s\src\hotspot\share\classfile\systemDictionary.cpp, line 257]
Event: 39.128 Thread 0x00000140f4269aa0 Exception <a 'java/lang/ClassNotFoundException'{0x00000000ebf9bf50}: build_1f8jbdkr1pao1bd8muvcgtxccBeanInfo> (0x00000000ebf9bf50) 
thrown [s\src\hotspot\share\classfile\systemDictionary.cpp, line 257]
Event: 39.128 Thread 0x00000140f4269aa0 Exception <a 'java/lang/ClassNotFoundException'{0x00000000ebfa3428}: build_1f8jbdkr1pao1bd8muvcgtxccCustomizer> (0x00000000ebfa3428) 
thrown [s\src\hotspot\share\classfile\systemDictionary.cpp, line 257]
Event: 39.141 Thread 0x00000140f4269aa0 Exception <a 'java/lang/NoClassDefFoundError'{0x00000000ebff22a8}: org/jetbrains/kotlin/gradle/plugin/KotlinPluginWrapper> (0x00000000ebff22a8) 
thrown [s\src\hotspot\share\oops\constantPool.cpp, line 837]
Event: 39.141 Thread 0x00000140f4269aa0 Exception <a 'java/lang/NoClassDefFoundError'{0x00000000ebff43a0}: org/graalvm/buildtools/gradle/NativeImagePlugin> (0x00000000ebff43a0) 
thrown [s\src\hotspot\share\oops\constantPool.cpp, line 837]
Event: 39.141 Thread 0x00000140f4269aa0 Exception <a 'java/lang/NoClassDefFoundError'{0x00000000ebff6488}: org/cyclonedx/gradle/CycloneDxPlugin> (0x00000000ebff6488) 
thrown [s\src\hotspot\share\oops\constantPool.cpp, line 837]
Event: 39.160 Thread 0x00000140f4269aa0 Exception <a 'java/lang/ClassNotFoundException'{0x00000000ebe70d18}: build_1f8jbdkr1pao1bd8muvcgtxccBeanInfo> (0x00000000ebe70d18) 
thrown [s\src\hotspot\share\classfile\systemDictionary.cpp, line 257]
Event: 39.161 Thread 0x00000140f4269aa0 Exception <a 'java/lang/ClassNotFoundException'{0x00000000ebe78180}: build_1f8jbdkr1pao1bd8muvcgtxccCustomizer> (0x00000000ebe78180) 
thrown [s\src\hotspot\share\classfile\systemDictionary.cpp, line 257]
Event: 39.181 Thread 0x00000140f4269aa0 Exception <a 'java/lang/ClassNotFoundException'{0x00000000ebd40a80}: build_dp6o1o802115omrb5lqkxvyiyBeanInfo> (0x00000000ebd40a80) 
thrown [s\src\hotspot\share\classfile\systemDictionary.cpp, line 257]
Event: 39.181 Thread 0x00000140f4269aa0 Exception <a 'java/lang/ClassNotFoundException'{0x00000000ebd47f58}: build_dp6o1o802115omrb5lqkxvyiyCustomizer> (0x00000000ebd47f58) 
thrown [s\src\hotspot\share\classfile\systemDictionary.cpp, line 257]
Event: 39.192 Thread 0x00000140f4269aa0 Exception <a 'java/lang/NoClassDefFoundError'{0x00000000ebd94410}: org/jetbrains/kotlin/gradle/plugin/KotlinPluginWrapper> (0x00000000ebd94410) 
thrown [s\src\hotspot\share\oops\constantPool.cpp, line 837]
Event: 39.192 Thread 0x00000140f4269aa0 Exception <a 'java/lang/NoClassDefFoundError'{0x00000000ebd96508}: org/graalvm/buildtools/gradle/NativeImagePlugin> (0x00000000ebd96508) 
thrown [s\src\hotspot\share\oops\constantPool.cpp, line 837]
Event: 39.192 Thread 0x00000140f4269aa0 Exception <a 'java/lang/NoClassDefFoundError'{0x00000000ebd985f0}: org/cyclonedx/gradle/CycloneDxPlugin> (0x00000000ebd985f0) 
thrown [s\src\hotspot\share\oops\constantPool.cpp, line 837]
Event: 39.203 Thread 0x00000140f4269aa0 Exception <a 'java/lang/ClassNotFoundException'{0x00000000ebc24400}: build_dp6o1o802115omrb5lqkxvyiyBeanInfo> (0x00000000ebc24400) 
thrown [s\src\hotspot\share\classfile\systemDictionary.cpp, line 257]
Event: 39.204 Thread 0x00000140f4269aa0 Exception <a 'java/lang/ClassNotFoundException'{0x00000000ebc2b868}: build_dp6o1o802115omrb5lqkxvyiyCustomizer> (0x00000000ebc2b868) 
thrown [s\src\hotspot\share\classfile\systemDictionary.cpp, line 257]
Event: 39.230 Thread 0x00000140f4269aa0 Exception <a 'java/lang/ClassNotFoundException'{0x00000000ebcdf960}: build_vh5fo4nmtw29bgea4dfkd47BeanInfo> (0x00000000ebcdf960) 
thrown [s\src\hotspot\share\classfile\systemDictionary.cpp, line 257]
Event: 39.230 Thread 0x00000140f4269aa0 Exception <a 'java/lang/ClassNotFoundException'{0x00000000ebce6e18}: build_vh5fo4nmtw29bgea4dfkd47Customizer> (0x00000000ebce6e18) 
thrown [s\src\hotspot\share\classfile\systemDictionary.cpp, line 257]
Event: 39.244 Thread 0x00000140f4269aa0 Exception <a 'java/lang/NoClassDefFoundError'{0x00000000ebb33128}: org/jetbrains/kotlin/gradle/plugin/KotlinPluginWrapper> (0x00000000ebb33128) 
thrown [s\src\hotspot\share\oops\constantPool.cpp, line 837]
Event: 39.244 Thread 0x00000140f4269aa0 Exception <a 'java/lang/NoClassDefFoundError'{0x00000000ebb35220}: org/graalvm/buildtools/gradle/NativeImagePlugin> (0x00000000ebb35220) 
thrown [s\src\hotspot\share\oops\constantPool.cpp, line 837]
Event: 39.244 Thread 0x00000140f4269aa0 Exception <a 'java/lang/NoClassDefFoundError'{0x00000000ebb37308}: org/cyclonedx/gradle/CycloneDxPlugin> (0x00000000ebb37308) 
thrown [s\src\hotspot\share\oops\constantPool.cpp, line 837]

VM Operations (20 events):
Event: 28.387 Executing VM operation: ICBufferFull done
Event: 29.396 Executing VM operation: Cleanup
Event: 29.397 Executing VM operation: Cleanup done
Event: 30.406 Executing VM operation: Cleanup
Event: 30.406 Executing VM operation: Cleanup done
Event: 31.126 Executing VM operation: G1CollectForAllocation
Event: 31.142 Executing VM operation: G1CollectForAllocation done
Event: 32.151 Executing VM operation: Cleanup
Event: 33.250 Executing VM operation: Cleanup done
Event: 34.261 Executing VM operation: Cleanup
Event: 34.589 Executing VM operation: Cleanup done
Event: 35.595 Executing VM operation: Cleanup
Event: 35.626 Executing VM operation: Cleanup done
Event: 36.642 Executing VM operation: Cleanup
Event: 36.642 Executing VM operation: Cleanup done
Event: 37.652 Executing VM operation: Cleanup
Event: 37.653 Executing VM operation: Cleanup done
Event: 38.663 Executing VM operation: Cleanup
Event: 38.663 Executing VM operation: Cleanup done
Event: 39.670 Executing VM operation: Cleanup

Memory protections (0 events):
No events

Nmethod flushes (20 events):
Event: 19.244 Thread 0x00000140d8677f50 flushing  nmethod 0x00000140c5ccfc10
Event: 19.244 Thread 0x00000140d8677f50 flushing  nmethod 0x00000140c5cd0690
Event: 19.244 Thread 0x00000140d8677f50 flushing  nmethod 0x00000140c5cd1b90
Event: 19.244 Thread 0x00000140d8677f50 flushing  nmethod 0x00000140c5cd3790
Event: 19.244 Thread 0x00000140d8677f50 flushing  nmethod 0x00000140c5cde010
Event: 19.244 Thread 0x00000140d8677f50 flushing  nmethod 0x00000140c5ce0c10
Event: 19.244 Thread 0x00000140d8677f50 flushing  nmethod 0x00000140c5ce5310
Event: 19.244 Thread 0x00000140d8677f50 flushing  nmethod 0x00000140c5ce8090
Event: 19.244 Thread 0x00000140d8677f50 flushing  nmethod 0x00000140c5ce9010
Event: 19.244 Thread 0x00000140d8677f50 flushing  nmethod 0x00000140c5cfc610
Event: 19.244 Thread 0x00000140d8677f50 flushing  nmethod 0x00000140c5d24d90
Event: 19.244 Thread 0x00000140d8677f50 flushing  nmethod 0x00000140c5d27110
Event: 19.244 Thread 0x00000140d8677f50 flushing  nmethod 0x00000140c5d28c90
Event: 19.244 Thread 0x00000140d8677f50 flushing  nmethod 0x00000140c5d29710
Event: 19.244 Thread 0x00000140d8677f50 flushing  nmethod 0x00000140c5d2be90
Event: 19.244 Thread 0x00000140d8677f50 flushing  nmethod 0x00000140c5d31e90
Event: 19.244 Thread 0x00000140d8677f50 flushing  nmethod 0x00000140c5d32810
Event: 19.244 Thread 0x00000140d8677f50 flushing  nmethod 0x00000140c5d33210
Event: 19.244 Thread 0x00000140d8677f50 flushing  nmethod 0x00000140c5d33710
Event: 19.244 Thread 0x00000140d8677f50 flushing  nmethod 0x00000140c5d5ea90

Events (20 events):
Event: 27.705 Thread 0x00000140f4269aa0 Thread added: 0x00000140f514d980
Event: 27.709 Thread 0x00000140f4269aa0 Thread added: 0x00000140f514a1d0
Event: 27.710 Thread 0x00000140f4269aa0 Thread added: 0x00000140f514de90
Event: 27.724 Thread 0x00000140f4269aa0 Thread added: 0x00000140f514e8b0
Event: 27.725 Thread 0x00000140f4269aa0 Thread added: 0x00000140f514e3a0
Event: 27.731 Thread 0x00000140f4269aa0 Thread added: 0x00000140f514edc0
Event: 27.733 Thread 0x00000140f4269aa0 Thread added: 0x00000140f514b610
Event: 29.074 Thread 0x00000140d8674340 Thread added: 0x00000140f46398c0
Event: 29.160 Thread 0x00000140f4269aa0 Thread added: 0x00000140f5150200
Event: 29.631 Thread 0x00000140f46398c0 Thread exited: 0x00000140f46398c0
Event: 31.415 Thread 0x00000140f4269aa0 Thread added: 0x00000140f514fcf0
Event: 35.126 Thread 0x00000140d8671510 Thread added: 0x00000140f4d48da0
Event: 36.430 Thread 0x00000140f4d48da0 Thread exited: 0x00000140f4d48da0
Event: 36.807 Thread 0x00000140d8674340 Thread added: 0x00000140f6028850
Event: 36.992 Thread 0x00000140f6028850 Thread exited: 0x00000140f6028850
Event: 38.097 Thread 0x00000140f4269aa0 Thread added: 0x00000140f514f2d0
Event: 38.404 Thread 0x00000140f4269aa0 Thread added: 0x00000140f514f7e0
Event: 38.466 Thread 0x00000140f4269aa0 Thread added: 0x00000140f5150710
Event: 38.563 Thread 0x00000140f4269aa0 Thread added: 0x00000140f4b63ec0
Event: 39.235 Thread 0x00000140d8674340 Thread added: 0x00000140f4f34820


Dynamic libraries:
0x00007ff7582b0000 - 0x00007ff7582be000 	C:\Users\duoc.nguyen1\.jdks\ms-17.0.20\bin\java.exe
0x00007ffe7c3a0000 - 0x00007ffe7c606000 	C:\WINDOWS\SYSTEM32\ntdll.dll
0x00007ffe7a290000 - 0x00007ffe7a359000 	C:\WINDOWS\System32\KERNEL32.DLL
0x00007ffe79d10000 - 0x00007ffe7a10a000 	C:\WINDOWS\System32\KERNELBASE.dll
0x0000000053440000 - 0x00000000534de000 	C:\ProgramData\Symantec\Symantec Endpoint Protection\14.3.10148.8000.105\Data\Sysfer\x64\sysfer.dll
0x00007ffe79710000 - 0x00007ffe7985c000 	C:\WINDOWS\System32\ucrtbase.dll
0x00007ffe5aaf0000 - 0x00007ffe5ab0e000 	C:\Users\duoc.nguyen1\.jdks\ms-17.0.20\bin\VCRUNTIME140.dll
0x00007ffe5ab10000 - 0x00007ffe5ab28000 	C:\Users\duoc.nguyen1\.jdks\ms-17.0.20\bin\jli.dll
0x00007ffe7afe0000 - 0x00007ffe7b1a7000 	C:\WINDOWS\System32\USER32.dll
0x00007ffe796e0000 - 0x00007ffe79707000 	C:\WINDOWS\System32\win32u.dll
0x00007ffe7c320000 - 0x00007ffe7c34b000 	C:\WINDOWS\System32\GDI32.dll
0x00007ffe798f0000 - 0x00007ffe79a1b000 	C:\WINDOWS\System32\gdi32full.dll
0x00007ffe79630000 - 0x00007ffe796d3000 	C:\WINDOWS\System32\msvcp_win.dll
0x00007ffe5e190000 - 0x00007ffe5e422000 	C:\WINDOWS\WinSxS\amd64_microsoft.windows.common-controls_6595b64144ccf1df_6.0.26100.8521_none_3e08b75ce33403b3\COMCTL32.dll
0x00007ffe7a1e0000 - 0x00007ffe7a289000 	C:\WINDOWS\System32\msvcrt.dll
0x00007ffe7b1b0000 - 0x00007ffe7b1e2000 	C:\WINDOWS\System32\IMM32.DLL
0x00007ffe5aae0000 - 0x00007ffe5aaec000 	C:\Users\duoc.nguyen1\.jdks\ms-17.0.20\bin\vcruntime140_1.dll
0x00007ffe5aa50000 - 0x00007ffe5aad9000 	C:\Users\duoc.nguyen1\.jdks\ms-17.0.20\bin\msvcp140.dll
0x00007ffe03d90000 - 0x00007ffe04a0b000 	C:\Users\duoc.nguyen1\.jdks\ms-17.0.20\bin\server\jvm.dll
0x00007ffe7a510000 - 0x00007ffe7a5c6000 	C:\WINDOWS\System32\ADVAPI32.dll
0x00007ffe7af30000 - 0x00007ffe7afda000 	C:\WINDOWS\System32\sechost.dll
0x00007ffe7b870000 - 0x00007ffe7b988000 	C:\WINDOWS\System32\RPCRT4.dll
0x00007ffe7a5d0000 - 0x00007ffe7a650000 	C:\WINDOWS\System32\WS2_32.dll
0x00007ffe79490000 - 0x00007ffe794ee000 	C:\WINDOWS\SYSTEM32\POWRPROF.dll
0x00007ffe6f800000 - 0x00007ffe6f836000 	C:\WINDOWS\SYSTEM32\WINMM.dll
0x00007ffe67e00000 - 0x00007ffe67e0b000 	C:\WINDOWS\SYSTEM32\VERSION.dll
0x00007ffe79470000 - 0x00007ffe79484000 	C:\WINDOWS\SYSTEM32\UMPDC.dll
0x00007ffe78380000 - 0x00007ffe7839b000 	C:\WINDOWS\SYSTEM32\kernel.appcore.dll
0x00007ffe5aa40000 - 0x00007ffe5aa4a000 	C:\Users\duoc.nguyen1\.jdks\ms-17.0.20\bin\jimage.dll
0x00007ffe60e40000 - 0x00007ffe61082000 	C:\WINDOWS\SYSTEM32\DBGHELP.DLL
0x00007ffe7aa10000 - 0x00007ffe7ad93000 	C:\WINDOWS\System32\combase.dll
0x00007ffe7b200000 - 0x00007ffe7b2d9000 	C:\WINDOWS\System32\OLEAUT32.dll
0x00007ffe545e0000 - 0x00007ffe5461b000 	C:\WINDOWS\SYSTEM32\dbgcore.DLL
0x00007ffe79c60000 - 0x00007ffe79d08000 	C:\WINDOWS\System32\bcryptPrimitives.dll
0x00007ffe54670000 - 0x00007ffe5467f000 	C:\Users\duoc.nguyen1\.jdks\ms-17.0.20\bin\instrument.dll
0x00007ffe5aa10000 - 0x00007ffe5aa36000 	C:\Users\duoc.nguyen1\.jdks\ms-17.0.20\bin\java.dll
0x00007ffe45a40000 - 0x00007ffe45b16000 	C:\Users\duoc.nguyen1\.jdks\ms-17.0.20\bin\jsvml.dll
0x00007ffe7bb90000 - 0x00007ffe7c314000 	C:\WINDOWS\System32\SHELL32.dll
0x00007ffe76fc0000 - 0x00007ffe77840000 	C:\WINDOWS\SYSTEM32\windows.storage.dll
0x00007ffe7b770000 - 0x00007ffe7b866000 	C:\WINDOWS\System32\SHCORE.dll
0x00007ffe7ada0000 - 0x00007ffe7ae07000 	C:\WINDOWS\System32\shlwapi.dll
0x00007ffe79550000 - 0x00007ffe79579000 	C:\WINDOWS\SYSTEM32\profapi.dll
0x00007ffe57b60000 - 0x00007ffe57b78000 	C:\Users\duoc.nguyen1\.jdks\ms-17.0.20\bin\zip.dll
0x00007ffe5a9f0000 - 0x00007ffe5aa0b000 	C:\Users\duoc.nguyen1\.jdks\ms-17.0.20\bin\net.dll
0x00007ffe728c0000 - 0x00007ffe729e9000 	C:\WINDOWS\SYSTEM32\WINHTTP.dll
0x00007ffe788d0000 - 0x00007ffe7893c000 	C:\WINDOWS\system32\mswsock.dll
0x00007ffe5a9d0000 - 0x00007ffe5a9e6000 	C:\Users\duoc.nguyen1\.jdks\ms-17.0.20\bin\nio.dll
0x00007ffe5a9c0000 - 0x00007ffe5a9d0000 	C:\Users\duoc.nguyen1\.jdks\ms-17.0.20\bin\verify.dll
0x00007ffe55940000 - 0x00007ffe55967000 	C:\Users\duoc.nguyen1\.gradle\native\1def1411415f61bf3af743bc5b6707747c0891f09f0c88961ee8f79bc544acac\windows-amd64\native-platform.dll
0x00007ffe526a0000 - 0x00007ffe52718000 	C:\Users\duoc.nguyen1\.gradle\native\0.2.7\x86_64-windows-gnu\gradle-fileevents.dll
0x00007ffe56900000 - 0x00007ffe5690a000 	C:\Users\duoc.nguyen1\.jdks\ms-17.0.20\bin\management.dll
0x00007ffe56880000 - 0x00007ffe5688c000 	C:\Users\duoc.nguyen1\.jdks\ms-17.0.20\bin\management_ext.dll
0x00007ffe7c350000 - 0x00007ffe7c358000 	C:\WINDOWS\System32\PSAPI.DLL
0x00007ffe77af0000 - 0x00007ffe77b23000 	C:\WINDOWS\SYSTEM32\IPHLPAPI.DLL
0x00007ffe7bb80000 - 0x00007ffe7bb8a000 	C:\WINDOWS\System32\NSI.dll
0x00007ffe72cc0000 - 0x00007ffe72cdd000 	C:\WINDOWS\SYSTEM32\dhcpcsvc6.DLL
0x00007ffe72c50000 - 0x00007ffe72c75000 	C:\WINDOWS\SYSTEM32\dhcpcsvc.DLL
0x00007ffe77b30000 - 0x00007ffe77c7a000 	C:\WINDOWS\SYSTEM32\DNSAPI.dll
0x00007ffe78710000 - 0x00007ffe7871d000 	C:\WINDOWS\SYSTEM32\DSPARSE.dll
0x00007ffe55d90000 - 0x00007ffe55d99000 	C:\Users\duoc.nguyen1\.jdks\ms-17.0.20\bin\extnet.dll
0x00007ffe78cd0000 - 0x00007ffe78ceb000 	C:\WINDOWS\SYSTEM32\CRYPTSP.dll
0x00007ffe782e0000 - 0x00007ffe78319000 	C:\WINDOWS\system32\rsaenh.dll
0x00007ffe78980000 - 0x00007ffe789b3000 	C:\WINDOWS\SYSTEM32\USERENV.dll
0x00007ffe79520000 - 0x00007ffe7954a000 	C:\WINDOWS\SYSTEM32\bcrypt.dll
0x00007ffe78b30000 - 0x00007ffe78b3c000 	C:\WINDOWS\SYSTEM32\CRYPTBASE.dll
0x00007ffe54660000 - 0x00007ffe5466e000 	C:\Users\duoc.nguyen1\.jdks\ms-17.0.20\bin\sunmscapi.dll
0x00007ffe79ae0000 - 0x00007ffe79c58000 	C:\WINDOWS\System32\CRYPT32.dll
0x00007ffe78e30000 - 0x00007ffe78e60000 	C:\WINDOWS\SYSTEM32\ncrypt.dll
0x00007ffe78de0000 - 0x00007ffe78e1f000 	C:\WINDOWS\SYSTEM32\NTASN1.dll
0x00007ffe559a0000 - 0x00007ffe559a8000 	C:\WINDOWS\system32\wshunix.dll

dbghelp: loaded successfully - version: 4.0.5 - missing functions: none
symbol engine: initialized successfully - sym options: 0x614 - pdb path: .;C:\Users\duoc.nguyen1\.jdks\ms-17.0.20\bin;C:\WINDOWS\SYSTEM32;C:\ProgramData\Symantec\Symantec Endpoint Protection\14.3.10148.8000.105\Data\Sysfer\x64;C:\WINDOWS\WinSxS\amd64_microsoft.windows.common-controls_6595b64144ccf1df_6.0.26100.8521_none_3e08b75ce33403b3;C:\Users\duoc.nguyen1\.jdks\ms-17.0.20\bin\server;C:\Users\duoc.nguyen1\.gradle\native\1def1411415f61bf3af743bc5b6707747c0891f09f0c88961ee8f79bc544acac\windows-amd64;C:\Users\duoc.nguyen1\.gradle\native\0.2.7\x86_64-windows-gnu

VM Arguments:
jvm_args: --add-opens=java.base/java.lang=ALL-UNNAMED --add-opens=java.base/java.lang.invoke=ALL-UNNAMED --add-opens=java.base/java.util=ALL-UNNAMED --add-opens=java.prefs/java.util.prefs=ALL-UNNAMED --add-exports=jdk.compiler/com.sun.tools.javac.api=ALL-UNNAMED --add-exports=jdk.compiler/com.sun.tools.javac.util=ALL-UNNAMED --add-opens=java.base/java.util=ALL-UNNAMED --add-opens=java.prefs/java.util.prefs=ALL-UNNAMED --add-opens=java.base/java.nio.charset=ALL-UNNAMED --add-opens=java.base/java.net=ALL-UNNAMED --add-opens=java.base/java.util.concurrent.atomic=ALL-UNNAMED --add-opens=java.xml/javax.xml.namespace=ALL-UNNAMED -XX:MaxMetaspaceSize=384m -XX:+HeapDumpOnOutOfMemoryError -Xms256m -Xmx512m -Dfile.encoding=windows-1252 -Duser.country=US -Duser.language=en -Duser.variant -javaagent:C:\Users\duoc.nguyen1\.gradle\wrapper\dists\gradle-8.13-bin\5xuhj0ry160q40clulazy9h7d\gradle-8.13\lib\agents\gradle-instrumentation-agent-8.13.jar 
java_command: org.gradle.launcher.daemon.bootstrap.GradleDaemon 8.13
java_class_path (initial): C:\Users\duoc.nguyen1\.gradle\wrapper\dists\gradle-8.13-bin\5xuhj0ry160q40clulazy9h7d\gradle-8.13\lib\gradle-daemon-main-8.13.jar
Launcher Type: SUN_STANDARD

[Global flags]
     intx CICompilerCount                          = 4                                         {product} {ergonomic}
   size_t CompressedClassSpaceSize                 = 335544320                                 {product} {ergonomic}
     uint ConcGCThreads                            = 2                                         {product} {ergonomic}
     uint G1ConcRefinementThreads                  = 8                                         {product} {ergonomic}
   size_t G1HeapRegionSize                         = 1048576                                   {product} {ergonomic}
    uintx GCDrainStackTargetSize                   = 64                                        {product} {ergonomic}
     bool HeapDumpOnOutOfMemoryError               = true                                   {manageable} {command line}
   size_t InitialHeapSize                          = 268435456                                 {product} {command line}
   size_t MarkStackSize                            = 4194304                                   {product} {ergonomic}
   size_t MaxHeapSize                              = 536870912                                 {product} {command line}
   size_t MaxMetaspaceSize                         = 402653184                                 {product} {command line}
   size_t MaxNewSize                               = 321912832                                 {product} {ergonomic}
   size_t MinHeapDeltaBytes                        = 1048576                                   {product} {ergonomic}
   size_t MinHeapSize                              = 268435456                                 {product} {command line}
    uintx NonNMethodCodeHeapSize                   = 5839372                                {pd product} {ergonomic}
    uintx NonProfiledCodeHeapSize                  = 122909434                              {pd product} {ergonomic}
    uintx ProfiledCodeHeapSize                     = 122909434                              {pd product} {ergonomic}
    uintx ReservedCodeCacheSize                    = 251658240                              {pd product} {ergonomic}
     bool SegmentedCodeCache                       = true                                      {product} {ergonomic}
   size_t SoftMaxHeapSize                          = 536870912                              {manageable} {ergonomic}
     bool UseCompressedClassPointers               = true                           {product lp64_product} {ergonomic}
     bool UseCompressedOops                        = true                           {product lp64_product} {ergonomic}
     bool UseG1GC                                  = true                                      {product} {ergonomic}
     bool UseLargePagesIndividualAllocation        = false                                  {pd product} {ergonomic}

Logging:
Log output configuration:
 #0: stdout all=warning uptime,level,tags
 #1: stderr all=off uptime,level,tags

Environment Variables:
JAVA_HOME=C:\Users\duoc.nguyen1\.jdks\ms-17.0.20
CLASSPATH=C:\My Project\e-commerce\BE\\gradle\wrapper\gradle-wrapper.jar
PATH=C:\php81;C:\Program Files\Microsoft SDKs\Azure\CLI2\wbin;C:\Users\duoc.nguyen1\.jdks\ms-17.0.20;C:\Python310\Scripts\;C:\Python310\;C:\WINDOWS\system32;C:\WINDOWS;C:\WINDOWS\System32\Wbem;C:\WINDOWS\System32\WindowsPowerShell\v1.0\;C:\WINDOWS\System32\OpenSSH\;C:\Program Files\Git\cmd;C:\ProgramData\chocolatey\bin;C:\ProgramData\nvm;C:\nvm4w\nodejs;C:\php81;C:\composer\bin;C:\Program Files\dotnet\;C:\Program Files (x86)\dotnet\;C:\ProgramData\chocolatey\lib\maven\apache-maven-3.9.15\bin;C:\Program Files\OpenSSL-Win64\bin;C:\Program Files\Docker\Docker\resources\bin;C:\Program Files\PuTTY\;C:\Program Files\MySQL\MySQL Shell 8.0\bin\;C:\Users\duoc.nguyen1\AppData\Local\Microsoft\WindowsApps;C:\Users\duoc.nguyen1\AppData\Local\Programs\Microsoft VS Code\bin;C:\ProgramData\nvm;C:\nvm4w\nodejs;C:\Users\duoc.nguyen1\.dotnet\tools;C:\Users\duoc.nguyen1\AppData\Local\GitHubDesktop\bin
USERNAME=duoc.nguyen1
OS=Windows_NT
PROCESSOR_IDENTIFIER=Intel64 Family 6 Model 191 Stepping 5, GenuineIntel
TMP=C:\Users\DUOC~1.NGU\AppData\Local\Temp
TEMP=C:\Users\DUOC~1.NGU\AppData\Local\Temp



Periodic native trim disabled


---------------  S Y S T E M  ---------------

OS:
 Windows 11 , 64 bit Build 26100 (10.0.26100.8521)
OS uptime: 0 days 16:23 hours
Hyper-V role detected

CPU: total 8 (initial active 8) (4 cores per cpu, 2 threads per core) family 6 model 191 stepping 5 microcode 0x2c, cx8, cmov, fxsr, ht, mmx, 3dnowpref, sse, sse2, sse3, ssse3, sse4.1, sse4.2, popcnt, lzcnt, tsc, tscinvbit, avx, avx2, aes, erms, clmul, bmi1, bmi2, adx, sha, fma, vzeroupper, clflush, clflushopt, clwb, hv
Processor Information for the first 8 processors :
  Max Mhz: 3500, Current Mhz: 3500, Mhz Limit: 3500

Memory: 4k page, system-wide physical 16125M (1508M free)
TotalPageFile size 32509M (AvailPageFile size 17M)
current process WorkingSet (physical memory assigned to process): 386M, peak: 388M
current process commit charge ("private bytes"): 489M, peak: 493M

vm_info: OpenJDK 64-Bit Server VM (17.0.20+8-LTS) for windows-amd64 JRE (17.0.20+8-LTS), built on Jul 14 2026 18:14:29 by "MicrosoftCorporation" with MS VC++ 17.14 (VS2022)

END.
