#
# There is insufficient memory for the Java Runtime Environment to continue.
# Native memory allocation (malloc) failed to allocate 491056 bytes. Error detail: Chunk::new
# Possible reasons:
#   The system is out of physical RAM or swap space
#   This process is running with CompressedOops enabled, and the Java Heap may be blocking the growth of the native heap
# Possible solutions:
#   Reduce memory load on the system
#   Increase physical memory or swap space
#   Check if swap backing store is full
#   Decrease Java heap size (-Xmx/-Xms)
#   Decrease number of Java threads
#   Decrease Java thread stack sizes (-Xss)
#   Set larger code cache with -XX:ReservedCodeCacheSize=
#   JVM is running with Unscaled Compressed Oops mode in which the Java heap is
#     placed in the first 4GB address space. The Java Heap base address is the
#     maximum limit for the native heap growth. Please use -XX:HeapBaseMinAddress
#     to set the Java Heap base and to place the Java Heap above 4GB virtual address.
# This output file may be truncated or incomplete.
#
#  Out of Memory Error (arena.cpp:191), pid=27780, tid=22956
#
# JRE version: OpenJDK Runtime Environment Microsoft-14653939 (17.0.20+8) (build 17.0.20+8-LTS)
# Java VM: OpenJDK 64-Bit Server VM Microsoft-14653939 (17.0.20+8-LTS, mixed mode, sharing, tiered, compressed oops, compressed class ptrs, g1 gc, windows-amd64)
# No core dump will be written. Minidumps are not enabled by default on client versions of Windows
#

---------------  S U M M A R Y ------------

Command Line: -Xmx64m -Xms64m -Dorg.gradle.appname=gradlew org.gradle.wrapper.GradleWrapperMain -p C:\My Project\e-commerce\backend-microservice :order-service:bootRun

Host: Intel(R) Core(TM) i3-14100, 8 cores, 15G,  Windows 11 , 64 bit Build 26100 (10.0.26100.8521)
Time: Tue Aug  4 08:52:04 2026 SE Asia Standard Time elapsed time: 225.448399 seconds (0d 0h 3m 45s)

---------------  T H R E A D  ---------------

Current thread (0x000001d7f8bcfce0):  JavaThread "C2 CompilerThread0" daemon [_thread_in_native, id=22956, stack(0x000000682ad00000,0x000000682ae00000)]


Current CompileTask:
C2:225448 1862   !   4       org.gradle.internal.logging.console.ThrottlingOutputEventListener::onOutput (85 bytes)

Stack: [0x000000682ad00000,0x000000682ae00000]
Native frames: (J=compiled Java code, j=interpreted, Vv=VM code, C=native code)
V  [jvm.dll+0x68d159]  (no source info available)
V  [jvm.dll+0x8462c9]  (no source info available)
V  [jvm.dll+0x84803b]  (no source info available)
V  [jvm.dll+0x8486c3]  (no source info available)
V  [jvm.dll+0x24d12f]  (no source info available)
V  [jvm.dll+0xaed56]  (no source info available)
V  [jvm.dll+0xaf3fc]  (no source info available)
V  [jvm.dll+0x3718ef]  (no source info available)
V  [jvm.dll+0x33bb95]  (no source info available)
V  [jvm.dll+0x33affa]  (no source info available)
V  [jvm.dll+0x21e039]  (no source info available)
V  [jvm.dll+0x21d482]  (no source info available)
V  [jvm.dll+0x1a8db6]  (no source info available)
V  [jvm.dll+0x22dcdb]  (no source info available)
V  [jvm.dll+0x22be66]  (no source info available)
V  [jvm.dll+0x7fc40b]  (no source info available)
V  [jvm.dll+0x7f67dc]  (no source info available)
V  [jvm.dll+0x68e6f7]  (no source info available)
C  [ucrtbase.dll+0x2cd30]  (no source info available)
C  [KERNEL32.DLL+0x2e957]  (no source info available)
C  [ntdll.dll+0x87c1c]  (no source info available)


---------------  P R O C E S S  ---------------

Threads class SMR info:
_java_thread_list=0x000001d7fd6bd1f0, length=13, elements={
0x000001d7df147830, 0x000001d7df1ee990, 0x000001d7f8ba7140, 0x000001d7f8bbbc10,
0x000001d7f8bc0500, 0x000001d7f8bc2de0, 0x000001d7f8bc57b0, 0x000001d7f8bcfce0,
0x000001d7f8bd4710, 0x000001d7f8bd8ca0, 0x000001d7fd096b60, 0x000001d7fd097490,
0x000001d7fdff6a90
}

Java Threads: ( => current thread )
  0x000001d7df147830 JavaThread "main" [_thread_in_native, id=24780, stack(0x000000682a000000,0x000000682a100000)]
  0x000001d7df1ee990 JavaThread "Reference Handler" daemon [_thread_blocked, id=18788, stack(0x000000682a700000,0x000000682a800000)]
  0x000001d7f8ba7140 JavaThread "Finalizer" daemon [_thread_blocked, id=25416, stack(0x000000682a800000,0x000000682a900000)]
  0x000001d7f8bbbc10 JavaThread "Signal Dispatcher" daemon [_thread_blocked, id=18740, stack(0x000000682a900000,0x000000682aa00000)]
  0x000001d7f8bc0500 JavaThread "Attach Listener" daemon [_thread_blocked, id=20672, stack(0x000000682aa00000,0x000000682ab00000)]
  0x000001d7f8bc2de0 JavaThread "Service Thread" daemon [_thread_blocked, id=26416, stack(0x000000682ab00000,0x000000682ac00000)]
  0x000001d7f8bc57b0 JavaThread "Monitor Deflation Thread" daemon [_thread_blocked, id=1276, stack(0x000000682ac00000,0x000000682ad00000)]
=>0x000001d7f8bcfce0 JavaThread "C2 CompilerThread0" daemon [_thread_in_native, id=22956, stack(0x000000682ad00000,0x000000682ae00000)]
  0x000001d7f8bd4710 JavaThread "C1 CompilerThread0" daemon [_thread_blocked, id=27844, stack(0x000000682ae00000,0x000000682af00000)]
  0x000001d7f8bd8ca0 JavaThread "Sweeper thread" daemon [_thread_blocked, id=22260, stack(0x000000682af00000,0x000000682b000000)]
  0x000001d7fd096b60 JavaThread "Notification Thread" daemon [_thread_blocked, id=10860, stack(0x000000682b000000,0x000000682b100000)]
  0x000001d7fd097490 JavaThread "Common-Cleaner" daemon [_thread_blocked, id=12324, stack(0x000000682b200000,0x000000682b300000)]
  0x000001d7fdff6a90 JavaThread "pool-1-thread-1" [_thread_blocked, id=9804, stack(0x000000682b800000,0x000000682b900000)]

Other Threads:
  0x000001d7df1eace0 VMThread "VM Thread" [stack: 0x000000682a600000,0x000000682a700000] [id=23348]
  0x000001d7fd097040 WatcherThread [stack: 0x000000682b100000,0x000000682b200000] [id=4132]
  0x000001d7df167960 GCTaskThread "GC Thread#0" [stack: 0x000000682a100000,0x000000682a200000] [id=29600]
  0x000001d7fd35a310 GCTaskThread "GC Thread#1" [stack: 0x000000682b500000,0x000000682b600000] [id=29240]
  0x000001d7fd3b0790 GCTaskThread "GC Thread#2" [stack: 0x000000682b600000,0x000000682b700000] [id=23184]
  0x000001d7fd3b0a60 GCTaskThread "GC Thread#3" [stack: 0x000000682b700000,0x000000682b800000] [id=23360]
  0x000001d7fe56b690 GCTaskThread "GC Thread#4" [stack: 0x000000682b300000,0x000000682b400000] [id=10280]
  0x000001d7fe56bc30 GCTaskThread "GC Thread#5" [stack: 0x000000682b400000,0x000000682b500000] [id=21944]
  0x000001d7fe56bf00 GCTaskThread "GC Thread#6" [stack: 0x000000682b900000,0x000000682ba00000] [id=22820]
  0x000001d7df1690c0 ConcurrentGCThread "G1 Main Marker" [stack: 0x000000682a200000,0x000000682a300000] [id=21412]
  0x000001d7df169ae0 ConcurrentGCThread "G1 Conc#0" [stack: 0x000000682a300000,0x000000682a400000] [id=19228]
  0x000001d7df1cbf40 ConcurrentGCThread "G1 Refine#0" [stack: 0x000000682a400000,0x000000682a500000] [id=14700]
  0x000001d7df1cfd40 ConcurrentGCThread "G1 Service" [stack: 0x000000682a500000,0x000000682a600000] [id=17688]

Threads with active compile tasks:
C2 CompilerThread0  225492 1862   !   4       org.gradle.internal.logging.console.ThrottlingOutputEventListener::onOutput (85 bytes)

VM state: not at safepoint (normal execution)

VM Mutex/Monitor currently owned by a thread: None

Heap address: 0x00000000fc000000, size: 64 MB, Compressed Oops mode: 32-bit

CDS archive(s) mapped at: [0x000001d780000000-0x000001d780bb0000-0x000001d780bb0000), size 12255232, SharedBaseAddress: 0x000001d780000000, ArchiveRelocationMode: 1.
Compressed class space mapped at: 0x000001d781000000-0x000001d7c1000000, reserved size: 1073741824
Narrow klass base: 0x000001d780000000, Narrow klass shift: 0, Narrow klass range: 0x100000000

GC Precious Log:
 CPUs: 8 total, 8 available
 Memory: 16125M
 Large Page Support: Disabled
 NUMA Support: Disabled
 Compressed Oops: Enabled (32-bit)
 Heap Region Size: 1M
 Heap Min Capacity: 64M
 Heap Initial Capacity: 64M
 Heap Max Capacity: 64M
 Pre-touch: Disabled
 Parallel Workers: 8
 Concurrent Workers: 2
 Concurrent Refinement Workers: 8
 Periodic GC: Disabled

Heap:
 garbage-first heap   total 65536K, used 20396K [0x00000000fc000000, 0x0000000100000000)
  region size 1024K, 14 young (14336K), 4 survivors (4096K)
 Metaspace       used 9624K, committed 9920K, reserved 1114112K
  class space    used 1262K, committed 1408K, reserved 1048576K

Heap Regions: E=young(eden), S=young(survivor), O=old, HS=humongous(starts), HC=humongous(continues), CS=collection set, F=free, OA=open archive, CA=closed archive, TAMS=top-at-mark-start (previous, next)
|   0|0x00000000fc000000, 0x00000000fc100000, 0x00000000fc100000|100%|HS|  |TAMS 0x00000000fc000000, 0x00000000fc000000| Complete 
|   1|0x00000000fc100000, 0x00000000fc200000, 0x00000000fc200000|100%|HC|  |TAMS 0x00000000fc100000, 0x00000000fc100000| Complete 
|   2|0x00000000fc200000, 0x00000000fc300000, 0x00000000fc300000|100%|HC|  |TAMS 0x00000000fc200000, 0x00000000fc200000| Complete 
|   3|0x00000000fc300000, 0x00000000fc400000, 0x00000000fc400000|100%| O|  |TAMS 0x00000000fc300000, 0x00000000fc300000| Untracked 
|   4|0x00000000fc400000, 0x00000000fc500000, 0x00000000fc500000|100%| O|  |TAMS 0x00000000fc400000, 0x00000000fc400000| Untracked 
|   5|0x00000000fc500000, 0x00000000fc600000, 0x00000000fc600000|100%| O|  |TAMS 0x00000000fc500000, 0x00000000fc500000| Untracked 
|   6|0x00000000fc600000, 0x00000000fc6eb200, 0x00000000fc700000| 91%| O|  |TAMS 0x00000000fc600000, 0x00000000fc600000| Untracked 
|   7|0x00000000fc700000, 0x00000000fc700000, 0x00000000fc800000|  0%| F|  |TAMS 0x00000000fc700000, 0x00000000fc700000| Untracked 
|   8|0x00000000fc800000, 0x00000000fc800000, 0x00000000fc900000|  0%| F|  |TAMS 0x00000000fc800000, 0x00000000fc800000| Untracked 
|   9|0x00000000fc900000, 0x00000000fc900000, 0x00000000fca00000|  0%| F|  |TAMS 0x00000000fc900000, 0x00000000fc900000| Untracked 
|  10|0x00000000fca00000, 0x00000000fca00000, 0x00000000fcb00000|  0%| F|  |TAMS 0x00000000fca00000, 0x00000000fca00000| Untracked 
|  11|0x00000000fcb00000, 0x00000000fcb00000, 0x00000000fcc00000|  0%| F|  |TAMS 0x00000000fcb00000, 0x00000000fcb00000| Untracked 
|  12|0x00000000fcc00000, 0x00000000fcc00000, 0x00000000fcd00000|  0%| F|  |TAMS 0x00000000fcc00000, 0x00000000fcc00000| Untracked 
|  13|0x00000000fcd00000, 0x00000000fcd00000, 0x00000000fce00000|  0%| F|  |TAMS 0x00000000fcd00000, 0x00000000fcd00000| Untracked 
|  14|0x00000000fce00000, 0x00000000fce00000, 0x00000000fcf00000|  0%| F|  |TAMS 0x00000000fce00000, 0x00000000fce00000| Untracked 
|  15|0x00000000fcf00000, 0x00000000fcf00000, 0x00000000fd000000|  0%| F|  |TAMS 0x00000000fcf00000, 0x00000000fcf00000| Untracked 
|  16|0x00000000fd000000, 0x00000000fd000000, 0x00000000fd100000|  0%| F|  |TAMS 0x00000000fd000000, 0x00000000fd000000| Untracked 
|  17|0x00000000fd100000, 0x00000000fd100000, 0x00000000fd200000|  0%| F|  |TAMS 0x00000000fd100000, 0x00000000fd100000| Untracked 
|  18|0x00000000fd200000, 0x00000000fd200000, 0x00000000fd300000|  0%| F|  |TAMS 0x00000000fd200000, 0x00000000fd200000| Untracked 
|  19|0x00000000fd300000, 0x00000000fd300000, 0x00000000fd400000|  0%| F|  |TAMS 0x00000000fd300000, 0x00000000fd300000| Untracked 
|  20|0x00000000fd400000, 0x00000000fd400000, 0x00000000fd500000|  0%| F|  |TAMS 0x00000000fd400000, 0x00000000fd400000| Untracked 
|  21|0x00000000fd500000, 0x00000000fd500000, 0x00000000fd600000|  0%| F|  |TAMS 0x00000000fd500000, 0x00000000fd500000| Untracked 
|  22|0x00000000fd600000, 0x00000000fd600000, 0x00000000fd700000|  0%| F|  |TAMS 0x00000000fd600000, 0x00000000fd600000| Untracked 
|  23|0x00000000fd700000, 0x00000000fd700000, 0x00000000fd800000|  0%| F|  |TAMS 0x00000000fd700000, 0x00000000fd700000| Untracked 
|  24|0x00000000fd800000, 0x00000000fd800000, 0x00000000fd900000|  0%| F|  |TAMS 0x00000000fd800000, 0x00000000fd800000| Untracked 
|  25|0x00000000fd900000, 0x00000000fd900000, 0x00000000fda00000|  0%| F|  |TAMS 0x00000000fd900000, 0x00000000fd900000| Untracked 
|  26|0x00000000fda00000, 0x00000000fda00000, 0x00000000fdb00000|  0%| F|  |TAMS 0x00000000fda00000, 0x00000000fda00000| Untracked 
|  27|0x00000000fdb00000, 0x00000000fdb00000, 0x00000000fdc00000|  0%| F|  |TAMS 0x00000000fdb00000, 0x00000000fdb00000| Untracked 
|  28|0x00000000fdc00000, 0x00000000fdd00000, 0x00000000fdd00000|100%| S|CS|TAMS 0x00000000fdc00000, 0x00000000fdc00000| Complete 
|  29|0x00000000fdd00000, 0x00000000fde00000, 0x00000000fde00000|100%| S|CS|TAMS 0x00000000fdd00000, 0x00000000fdd00000| Complete 
|  30|0x00000000fde00000, 0x00000000fdf00000, 0x00000000fdf00000|100%| S|CS|TAMS 0x00000000fde00000, 0x00000000fde00000| Complete 
|  31|0x00000000fdf00000, 0x00000000fe000000, 0x00000000fe000000|100%| S|CS|TAMS 0x00000000fdf00000, 0x00000000fdf00000| Complete 
|  32|0x00000000fe000000, 0x00000000fe000000, 0x00000000fe100000|  0%| F|  |TAMS 0x00000000fe000000, 0x00000000fe000000| Untracked 
|  33|0x00000000fe100000, 0x00000000fe100000, 0x00000000fe200000|  0%| F|  |TAMS 0x00000000fe100000, 0x00000000fe100000| Untracked 
|  34|0x00000000fe200000, 0x00000000fe200000, 0x00000000fe300000|  0%| F|  |TAMS 0x00000000fe200000, 0x00000000fe200000| Untracked 
|  35|0x00000000fe300000, 0x00000000fe300000, 0x00000000fe400000|  0%| F|  |TAMS 0x00000000fe300000, 0x00000000fe300000| Untracked 
|  36|0x00000000fe400000, 0x00000000fe400000, 0x00000000fe500000|  0%| F|  |TAMS 0x00000000fe400000, 0x00000000fe400000| Untracked 
|  37|0x00000000fe500000, 0x00000000fe500000, 0x00000000fe600000|  0%| F|  |TAMS 0x00000000fe500000, 0x00000000fe500000| Untracked 
|  38|0x00000000fe600000, 0x00000000fe600000, 0x00000000fe700000|  0%| F|  |TAMS 0x00000000fe600000, 0x00000000fe600000| Untracked 
|  39|0x00000000fe700000, 0x00000000fe700000, 0x00000000fe800000|  0%| F|  |TAMS 0x00000000fe700000, 0x00000000fe700000| Untracked 
|  40|0x00000000fe800000, 0x00000000fe800000, 0x00000000fe900000|  0%| F|  |TAMS 0x00000000fe800000, 0x00000000fe800000| Untracked 
|  41|0x00000000fe900000, 0x00000000fe900000, 0x00000000fea00000|  0%| F|  |TAMS 0x00000000fe900000, 0x00000000fe900000| Untracked 
|  42|0x00000000fea00000, 0x00000000fea00000, 0x00000000feb00000|  0%| F|  |TAMS 0x00000000fea00000, 0x00000000fea00000| Untracked 
|  43|0x00000000feb00000, 0x00000000feb00000, 0x00000000fec00000|  0%| F|  |TAMS 0x00000000feb00000, 0x00000000feb00000| Untracked 
|  44|0x00000000fec00000, 0x00000000fec00000, 0x00000000fed00000|  0%| F|  |TAMS 0x00000000fec00000, 0x00000000fec00000| Untracked 
|  45|0x00000000fed00000, 0x00000000fed00000, 0x00000000fee00000|  0%| F|  |TAMS 0x00000000fed00000, 0x00000000fed00000| Untracked 
|  46|0x00000000fee00000, 0x00000000fee00000, 0x00000000fef00000|  0%| F|  |TAMS 0x00000000fee00000, 0x00000000fee00000| Untracked 
|  47|0x00000000fef00000, 0x00000000fef00000, 0x00000000ff000000|  0%| F|  |TAMS 0x00000000fef00000, 0x00000000fef00000| Untracked 
|  48|0x00000000ff000000, 0x00000000ff000000, 0x00000000ff100000|  0%| F|  |TAMS 0x00000000ff000000, 0x00000000ff000000| Untracked 
|  49|0x00000000ff100000, 0x00000000ff100000, 0x00000000ff200000|  0%| F|  |TAMS 0x00000000ff100000, 0x00000000ff100000| Untracked 
|  50|0x00000000ff200000, 0x00000000ff200000, 0x00000000ff300000|  0%| F|  |TAMS 0x00000000ff200000, 0x00000000ff200000| Untracked 
|  51|0x00000000ff300000, 0x00000000ff300000, 0x00000000ff400000|  0%| F|  |TAMS 0x00000000ff300000, 0x00000000ff300000| Untracked 
|  52|0x00000000ff400000, 0x00000000ff400000, 0x00000000ff500000|  0%| F|  |TAMS 0x00000000ff400000, 0x00000000ff400000| Untracked 
|  53|0x00000000ff500000, 0x00000000ff500000, 0x00000000ff600000|  0%| F|  |TAMS 0x00000000ff500000, 0x00000000ff500000| Untracked 
|  54|0x00000000ff600000, 0x00000000ff6e7b48, 0x00000000ff700000| 90%| E|  |TAMS 0x00000000ff600000, 0x00000000ff600000| Complete 
|  55|0x00000000ff700000, 0x00000000ff800000, 0x00000000ff800000|100%| E|CS|TAMS 0x00000000ff700000, 0x00000000ff700000| Complete 
|  56|0x00000000ff800000, 0x00000000ff900000, 0x00000000ff900000|100%| E|CS|TAMS 0x00000000ff800000, 0x00000000ff800000| Complete 
|  57|0x00000000ff900000, 0x00000000ffa00000, 0x00000000ffa00000|100%| E|CS|TAMS 0x00000000ff900000, 0x00000000ff900000| Complete 
|  58|0x00000000ffa00000, 0x00000000ffb00000, 0x00000000ffb00000|100%| E|CS|TAMS 0x00000000ffa00000, 0x00000000ffa00000| Complete 
|  59|0x00000000ffb00000, 0x00000000ffc00000, 0x00000000ffc00000|100%| E|CS|TAMS 0x00000000ffb00000, 0x00000000ffb00000| Complete 
|  60|0x00000000ffc00000, 0x00000000ffd00000, 0x00000000ffd00000|100%| E|CS|TAMS 0x00000000ffc00000, 0x00000000ffc00000| Complete 
|  61|0x00000000ffd00000, 0x00000000ffe00000, 0x00000000ffe00000|100%| E|CS|TAMS 0x00000000ffd00000, 0x00000000ffd00000| Complete 
|  62|0x00000000ffe00000, 0x00000000fff00000, 0x00000000fff00000|100%| E|CS|TAMS 0x00000000ffe00000, 0x00000000ffe00000| Complete 
|  63|0x00000000fff00000, 0x0000000100000000, 0x0000000100000000|100%| E|CS|TAMS 0x00000000fff00000, 0x00000000fff00000| Complete 

Card table byte_map: [0x000001d7df020000,0x000001d7df040000] _byte_map_base: 0x000001d7de840000

Marking Bits (Prev, Next): (CMBitMap*) 0x000001d7df167f90, (CMBitMap*) 0x000001d7df167fd0
 Prev Bits: [0x000001d7f6000000, 0x000001d7f6100000)
 Next Bits: [0x000001d7f6100000, 0x000001d7f6200000)

Polling page: 0x000001d7dd1d0000

Metaspace:

Usage:
  Non-class:      8.17 MB used.
      Class:      1.23 MB used.
       Both:      9.40 MB used.

Virtual space:
  Non-class space:       64.00 MB reserved,       8.31 MB ( 13%) committed,  1 nodes.
      Class space:        1.00 GB reserved,       1.38 MB ( <1%) committed,  1 nodes.
             Both:        1.06 GB reserved,       9.69 MB ( <1%) committed. 

Chunk freelists:
   Non-Class:  7.72 MB
       Class:  14.62 MB
        Both:  22.34 MB

MaxMetaspaceSize: unlimited
CompressedClassSpaceSize: 1.00 GB
Initial GC threshold: 21.00 MB
Current GC threshold: 21.00 MB
CDS: on
MetaspaceReclaimPolicy: balanced
 - commit_granule_bytes: 65536.
 - commit_granule_words: 8192.
 - virtual_space_node_default_size: 8388608.
 - enlarge_chunks_in_place: 1.
 - new_chunks_are_fully_committed: 0.
 - uncommit_free_chunks: 1.
 - use_allocation_guard: 0.
 - handle_deallocations: 1.


Internal statistics:

num_allocs_failed_limit: 0.
num_arena_births: 90.
num_arena_deaths: 0.
num_vsnodes_births: 2.
num_vsnodes_deaths: 0.
num_space_committed: 155.
num_space_uncommitted: 0.
num_chunks_returned_to_freelist: 0.
num_chunks_taken_from_freelist: 349.
num_chunk_merges: 0.
num_chunk_splits: 236.
num_chunks_enlarged: 186.
num_inconsistent_stats: 0.

CodeHeap 'non-profiled nmethods': size=120000Kb used=848Kb max_used=848Kb free=119151Kb
 bounds [0x000001d7ee7a0000, 0x000001d7eea10000, 0x000001d7f5cd0000]
CodeHeap 'profiled nmethods': size=120000Kb used=3543Kb max_used=3543Kb free=116456Kb
 bounds [0x000001d7e6cd0000, 0x000001d7e7050000, 0x000001d7ee200000]
CodeHeap 'non-nmethods': size=5760Kb used=1179Kb max_used=1198Kb free=4580Kb
 bounds [0x000001d7ee200000, 0x000001d7ee470000, 0x000001d7ee7a0000]
 total_blobs=2336 nmethods=1861 adapters=388
 compilation: enabled
              stopped_count=0, restarted_count=0
 full_count=0

Compilation events (20 events):
Event: 114.553 Thread 0x000001d7f8bcfce0 nmethod 1852 0x000001d7ee871f10 code [0x000001d7ee872080, 0x000001d7ee872118]
Event: 129.343 Thread 0x000001d7f8bcfce0 1853       4       java.util.concurrent.ThreadPoolExecutor::beforeExecute (1 bytes)
Event: 129.343 Thread 0x000001d7f8bcfce0 nmethod 1853 0x000001d7ee872210 code [0x000001d7ee872380, 0x000001d7ee8723f8]
Event: 129.343 Thread 0x000001d7f8bcfce0 1854       4       java.util.concurrent.ThreadPoolExecutor::afterExecute (1 bytes)
Event: 129.343 Thread 0x000001d7f8bcfce0 nmethod 1854 0x000001d7ee872510 code [0x000001d7ee872680, 0x000001d7ee8726f8]
Event: 130.045 Thread 0x000001d7f8bcfce0 1855       4       jdk.internal.misc.Unsafe::putIntOpaque (9 bytes)
Event: 130.045 Thread 0x000001d7f8bcfce0 nmethod 1855 0x000001d7ee872810 code [0x000001d7ee872980, 0x000001d7ee872a18]
Event: 140.651 Thread 0x000001d7f8bcfce0 1856       4       java.util.LinkedHashMap$LinkedValueIterator::next (8 bytes)
Event: 140.653 Thread 0x000001d7f8bcfce0 nmethod 1856 0x000001d7ee872b10 code [0x000001d7ee872ca0, 0x000001d7ee872f18]
Event: 143.347 Thread 0x000001d7f8bcfce0 1857       4       java.util.concurrent.locks.AbstractQueuedSynchronizer$Node::setStatusRelaxed (12 bytes)
Event: 143.347 Thread 0x000001d7f8bcfce0 nmethod 1857 0x000001d7ee873010 code [0x000001d7ee873180, 0x000001d7ee8731f8]
Event: 148.942 Thread 0x000001d7f8bcfce0 1858       4       java.lang.Thread::interrupted (23 bytes)
Event: 148.943 Thread 0x000001d7f8bcfce0 nmethod 1858 0x000001d7ee873310 code [0x000001d7ee8734a0, 0x000001d7ee873548]
Event: 149.143 Thread 0x000001d7f8bcfce0 1859       4       java.util.concurrent.locks.ReentrantLock$NonfairSync::initialTryLock (58 bytes)
Event: 149.147 Thread 0x000001d7f8bcfce0 nmethod 1859 0x000001d7ee873610 code [0x000001d7ee8737a0, 0x000001d7ee873918]
Event: 180.743 Thread 0x000001d7f8bcfce0 1860       4       java.util.concurrent.ScheduledThreadPoolExecutor::canRunInCurrentRunState (61 bytes)
Event: 180.749 Thread 0x000001d7f8bcfce0 nmethod 1860 0x000001d7ee873990 code [0x000001d7ee873b20, 0x000001d7ee873bd8]
Event: 219.852 Thread 0x000001d7f8bcfce0 1861       4       java.util.ArrayList::remove (26 bytes)
Event: 219.854 Thread 0x000001d7f8bcfce0 nmethod 1861 0x000001d7ee873d10 code [0x000001d7ee873ea0, 0x000001d7ee8740d8]
Event: 221.351 Thread 0x000001d7f8bcfce0 1862   !   4       org.gradle.internal.logging.console.ThrottlingOutputEventListener::onOutput (85 bytes)

GC Heap History (4 events):
Event: 1.010 GC heap before
{Heap before GC invocations=0 (full 0):
 garbage-first heap   total 65536K, used 22528K [0x00000000fc000000, 0x0000000100000000)
  region size 1024K, 23 young (23552K), 0 survivors (0K)
 Metaspace       used 1801K, committed 1920K, reserved 1114112K
  class space    used 162K, committed 192K, reserved 1048576K
}
Event: 1.014 GC heap after
{Heap after GC invocations=1 (full 0):
 garbage-first heap   total 65536K, used 2048K [0x00000000fc000000, 0x0000000100000000)
  region size 1024K, 2 young (2048K), 2 survivors (2048K)
 Metaspace       used 1801K, committed 1920K, reserved 1114112K
  class space    used 162K, committed 192K, reserved 1048576K
}
Event: 2.037 GC heap before
{Heap before GC invocations=1 (full 0):
 garbage-first heap   total 65536K, used 35840K [0x00000000fc000000, 0x0000000100000000)
  region size 1024K, 32 young (32768K), 2 survivors (2048K)
 Metaspace       used 7731K, committed 7936K, reserved 1114112K
  class space    used 1060K, committed 1152K, reserved 1048576K
}
Event: 2.042 GC heap after
{Heap after GC invocations=2 (full 0):
 garbage-first heap   total 65536K, used 11180K [0x00000000fc000000, 0x0000000100000000)
  region size 1024K, 4 young (4096K), 4 survivors (4096K)
 Metaspace       used 7731K, committed 7936K, reserved 1114112K
  class space    used 1060K, committed 1152K, reserved 1048576K
}

Dll operation events (12 events):
Event: 0.027 Loaded shared library C:\Users\duoc.nguyen1\.jdks\ms-17.0.20\bin\java.dll
Event: 0.091 Loaded shared library C:\Users\duoc.nguyen1\.jdks\ms-17.0.20\bin\jsvml.dll
Event: 0.179 Loaded shared library C:\Users\duoc.nguyen1\.jdks\ms-17.0.20\bin\net.dll
Event: 0.182 Loaded shared library C:\Users\duoc.nguyen1\.jdks\ms-17.0.20\bin\nio.dll
Event: 0.186 Loaded shared library C:\Users\duoc.nguyen1\.jdks\ms-17.0.20\bin\zip.dll
Event: 0.192 Loaded shared library C:\Users\duoc.nguyen1\.jdks\ms-17.0.20\bin\verify.dll
Event: 0.962 Loaded shared library C:\Users\duoc.nguyen1\.jdks\ms-17.0.20\bin\jimage.dll
Event: 1.442 Loaded shared library C:\Users\duoc.nguyen1\.jdks\ms-17.0.20\bin\management.dll
Event: 1.444 Loaded shared library C:\Users\duoc.nguyen1\.jdks\ms-17.0.20\bin\management_ext.dll
Event: 1.494 Loaded shared library C:\Users\duoc.nguyen1\.gradle\native\1def1411415f61bf3af743bc5b6707747c0891f09f0c88961ee8f79bc544acac\windows-amd64\native-platform.dll
Event: 1.780 Loaded shared library C:\Users\duoc.nguyen1\.jdks\ms-17.0.20\bin\extnet.dll
Event: 5.926 Loaded shared library C:\Users\duoc.nguyen1\.jdks\ms-17.0.20\bin\sunmscapi.dll

Deoptimization events (20 events):
Event: 5.911 Thread 0x000001d7df147830 Uncommon trap: trap_request=0xffffff45 fr.pc=0x000001d7ee7e5d5c relative=0x00000000000009bc
Event: 5.911 Thread 0x000001d7df147830 Uncommon trap: reason=unstable_if action=reinterpret pc=0x000001d7ee7e5d5c method=java.util.HashMap.putVal(ILjava/lang/Object;Ljava/lang/Object;ZZ)Ljava/lang/Object; @ 162 c2
Event: 5.911 Thread 0x000001d7df147830 DEOPT PACKING pc=0x000001d7ee7e5d5c sp=0x000000682a0fb050
Event: 5.911 Thread 0x000001d7df147830 DEOPT UNPACKING pc=0x000001d7ee2569a3 sp=0x000000682a0faf88 mode 2
Event: 5.969 Thread 0x000001d7df147830 Uncommon trap: trap_request=0xffffff45 fr.pc=0x000001d7ee842de4 relative=0x0000000000000484
Event: 5.969 Thread 0x000001d7df147830 Uncommon trap: reason=unstable_if action=reinterpret pc=0x000001d7ee842de4 method=java.lang.invoke.VarForm.getMemberName(I)Ljava/lang/invoke/MemberName; @ 8 c2
Event: 5.969 Thread 0x000001d7df147830 DEOPT PACKING pc=0x000001d7ee842de4 sp=0x000000682a0fced0
Event: 5.969 Thread 0x000001d7df147830 DEOPT UNPACKING pc=0x000001d7ee2569a3 sp=0x000000682a0fce30 mode 2
Event: 5.985 Thread 0x000001d7df147830 Uncommon trap: trap_request=0xffffff45 fr.pc=0x000001d7ee8193f0 relative=0x0000000000000410
Event: 5.985 Thread 0x000001d7df147830 Uncommon trap: reason=unstable_if action=reinterpret pc=0x000001d7ee8193f0 method=java.util.regex.Matcher.match(II)Z @ 76 c2
Event: 5.985 Thread 0x000001d7df147830 DEOPT PACKING pc=0x000001d7ee8193f0 sp=0x000000682a0fc160
Event: 5.985 Thread 0x000001d7df147830 DEOPT UNPACKING pc=0x000001d7ee2569a3 sp=0x000000682a0fc118 mode 2
Event: 41.695 Thread 0x000001d7df147830 DEOPT PACKING pc=0x000001d7e6fe2655 sp=0x000000682a0fcb80
Event: 41.695 Thread 0x000001d7df147830 DEOPT UNPACKING pc=0x000001d7ee257143 sp=0x000000682a0fc018 mode 0
Event: 42.177 Thread 0x000001d7df147830 Uncommon trap: trap_request=0xffffff45 fr.pc=0x000001d7ee86b998 relative=0x0000000000000518
Event: 42.177 Thread 0x000001d7df147830 Uncommon trap: reason=unstable_if action=reinterpret pc=0x000001d7ee86b998 method=com.esotericsoftware.kryo.io.Input.readVarInt(Z)I @ 81 c2
Event: 42.177 Thread 0x000001d7df147830 DEOPT PACKING pc=0x000001d7ee86b998 sp=0x000000682a0fcc50
Event: 42.177 Thread 0x000001d7df147830 DEOPT UNPACKING pc=0x000001d7ee2569a3 sp=0x000000682a0fcb38 mode 2
Event: 43.043 Thread 0x000001d7df147830 DEOPT PACKING pc=0x000001d7e6ffb5d4 sp=0x000000682a0fd280
Event: 43.043 Thread 0x000001d7df147830 DEOPT UNPACKING pc=0x000001d7ee257143 sp=0x000000682a0fc6f8 mode 0

Classes loaded (20 events):
Event: 5.955 Loading class java/nio/channels/Pipe$SourceChannel done
Event: 5.955 Loading class sun/nio/ch/SourceChannelImpl done
Event: 5.956 Loading class sun/nio/ch/SinkChannelImpl
Event: 5.956 Loading class java/nio/channels/Pipe$SinkChannel
Event: 5.956 Loading class java/nio/channels/Pipe$SinkChannel done
Event: 5.956 Loading class sun/nio/ch/SinkChannelImpl done
Event: 5.968 Loading class sun/nio/ch/SelectionKeyImpl
Event: 5.968 Loading class java/nio/channels/spi/AbstractSelectionKey
Event: 5.968 Loading class java/nio/channels/SelectionKey
Event: 5.968 Loading class java/nio/channels/SelectionKey done
Event: 5.968 Loading class java/nio/channels/spi/AbstractSelectionKey done
Event: 5.968 Loading class sun/nio/ch/SelectionKeyImpl done
Event: 5.968 Loading class java/lang/invoke/ConstantBootstraps
Event: 5.969 Loading class java/lang/invoke/ConstantBootstraps done
Event: 5.990 Loading class java/nio/channels/spi/AbstractSelector$1
Event: 5.990 Loading class java/nio/channels/spi/AbstractSelector$1 done
Event: 6.109 Loading class java/util/concurrent/Executors$FinalizableDelegatedExecutorService
Event: 6.109 Loading class java/util/concurrent/Executors$FinalizableDelegatedExecutorService done
Event: 32.278 Loading class jdk/internal/misc/ScopedMemoryAccess$Scope
Event: 32.279 Loading class jdk/internal/misc/ScopedMemoryAccess$Scope done

Classes unloaded (0 events):
No events

Classes redefined (0 events):
No events

Internal exceptions (20 events):
Event: 1.470 Thread 0x000001d7df147830 Exception <a 'java/lang/NoClassDefFoundError'{0x00000000ff17a6d8}: org/slf4j/impl/StaticMarkerBinder> (0x00000000ff17a6d8) 
thrown [s\src\hotspot\share\classfile\systemDictionary.cpp, line 246]
Event: 1.507 Thread 0x000001d7df147830 Exception <a 'java/lang/NoSuchMethodError'{0x00000000ff0a6580}: 'java.lang.Object java.lang.invoke.Invokers$Holder.invoker(java.lang.Object, java.lang.Object, java.lang.Object)'> (0x00000000ff0a6580) 
thrown [s\src\hotspot\share\interpreter\linkResolver.cpp, line 759]
Event: 1.508 Thread 0x000001d7df147830 Exception <a 'java/lang/NoSuchMethodError'{0x00000000ff0af6d8}: 'java.lang.Object java.lang.invoke.DirectMethodHandle$Holder.invokeStatic(java.lang.Object, java.lang.Object, int)'> (0x00000000ff0af6d8) 
thrown [s\src\hotspot\share\interpreter\linkResolver.cpp, line 759]
Event: 1.510 Thread 0x000001d7df147830 Exception <a 'java/lang/NoSuchMethodError'{0x00000000ff0bb3c8}: 'void java.lang.invoke.DelegatingMethodHandle$Holder.delegate(java.lang.Object, java.lang.Object, int, java.lang.Object)'> (0x00000000ff0bb3c8) 
thrown [s\src\hotspot\share\interpreter\linkResolver.cpp, line 759]
Event: 1.514 Thread 0x000001d7df147830 Exception <a 'java/lang/NoSuchMethodError'{0x00000000ff0cea10}: 'java.lang.Object java.lang.invoke.Invokers$Holder.invokeExact_MT(java.lang.Object, java.lang.Object, java.lang.Object, java.lang.Object)'> (0x00000000ff0cea10) 
thrown [s\src\hotspot\share\interpreter\linkResolver.cpp, line 759]
Event: 1.518 Thread 0x000001d7df147830 Exception <a 'java/lang/NoSuchMethodError'{0x00000000ff0f3020}: 'java.lang.Object java.lang.invoke.DirectMethodHandle$Holder.invokeVirtual(java.lang.Object, java.lang.Object, java.lang.Object)'> (0x00000000ff0f3020) 
thrown [s\src\hotspot\share\interpreter\linkResolver.cpp, line 759]
Event: 1.579 Thread 0x000001d7df147830 Exception <a 'java/lang/NoSuchMethodError'{0x00000000fec47bd8}: 'java.lang.Object java.lang.invoke.DirectMethodHandle$Holder.newInvokeSpecial(java.lang.Object, java.lang.Object, java.lang.Object, java.lang.Object, java.lang.Object)'> (0x00000000fec47bd8) 
thrown [s\src\hotspot\share\interpreter\linkResolver.cpp, line 759]
Event: 1.602 Thread 0x000001d7df147830 Exception <a 'java/lang/NoSuchMethodError'{0x00000000feb6cd00}: 'void java.lang.invoke.DirectMethodHandle$Holder.invokeSpecial(java.lang.Object, java.lang.Object, java.lang.Object)'> (0x00000000feb6cd00) 
thrown [s\src\hotspot\share\interpreter\linkResolver.cpp, line 759]
Event: 1.782 Thread 0x000001d7df147830 Exception <a 'java/lang/NoSuchMethodError'{0x00000000fe976a80}: 'void java.lang.invoke.DirectMethodHandle$Holder.invokeStatic(java.lang.Object, java.lang.Object, java.lang.Object)'> (0x00000000fe976a80) 
thrown [s\src\hotspot\share\interpreter\linkResolver.cpp, line 759]
Event: 1.856 Thread 0x000001d7df147830 Exception <a 'java/lang/NoSuchMethodError'{0x00000000fe40a9c8}: 'java.lang.Object java.lang.invoke.DirectMethodHandle$Holder.newInvokeSpecial(java.lang.Object, java.lang.Object, java.lang.Object, java.lang.Object, java.lang.Object, java.lang.Object, java.lang.Object, java.lang.Object, java.lang.Object, java.lang.Object, java.lang.Object, java.lang.Object, java.lang.Object, java.lang.Object, java.lang.Object, java.lang.Object, java.lang.Object, java.lang.Object, java.lang.Object, java.lang.Object, java.lang
Event: 1.857 Thread 0x000001d7df147830 Exception <a 'java/lang/NoSuchMethodError'{0x00000000fe416fd0}: 'java.lang.Object java.lang.invoke.Invokers$Holder.linkToTargetMethod(java.lang.Object, java.lang.Object, java.lang.Object, java.lang.Object, java.lang.Object, java.lang.Object, java.lang.Object, java.lang.Object, java.lang.Object, java.lang.Object, java.lang.Object, java.lang.Object, java.lang.Object, java.lang.Object, java.lang.Object, java.lang.Object, java.lang.Object, java.lang.Object, java.lang.Object, java.lang.Object, java.lang.Object,
Event: 1.905 Thread 0x000001d7df147830 Exception <a 'java/lang/NoSuchMethodError'{0x00000000fe2754a8}: 'java.lang.Object java.lang.invoke.DirectMethodHandle$Holder.invokeStaticInit(java.lang.Object, int, int, int, int)'> (0x00000000fe2754a8) 
thrown [s\src\hotspot\share\interpreter\linkResolver.cpp, line 759]
Event: 1.983 Thread 0x000001d7df147830 Exception <a 'java/lang/NoSuchMethodError'{0x00000000fe160390}: 'java.lang.Object java.lang.invoke.DirectMethodHandle$Holder.invokeStaticInit(java.lang.Object, java.lang.Object, int, int, int, int)'> (0x00000000fe160390) 
thrown [s\src\hotspot\share\interpreter\linkResolver.cpp, line 759]
Event: 2.015 Thread 0x000001d7df147830 Implicit null exception at 0x000001d7ee7ebdf2 to 0x000001d7ee7ec3c8
Event: 2.017 Thread 0x000001d7df147830 Implicit null exception at 0x000001d7ee7eb1f2 to 0x000001d7ee7eb7d8
Event: 2.148 Thread 0x000001d7fe5a8f80 Exception <a 'java/lang/NoSuchMethodError'{0x00000000ffa8d450}: 'void java.lang.invoke.DirectMethodHandle$Holder.invokeStatic(java.lang.Object, long)'> (0x00000000ffa8d450) 
thrown [s\src\hotspot\share\interpreter\linkResolver.cpp, line 759]
Event: 2.149 Thread 0x000001d7fe5a8f80 Exception <a 'java/lang/NoSuchMethodError'{0x00000000ffa92da8}: 'java.lang.Object java.lang.invoke.DirectMethodHandle$Holder.newInvokeSpecial(java.lang.Object, long)'> (0x00000000ffa92da8) 
thrown [s\src\hotspot\share\interpreter\linkResolver.cpp, line 759]
Event: 2.151 Thread 0x000001d7fe5a8f80 Exception <a 'java/lang/NoSuchMethodError'{0x00000000ffa9d9c0}: 'java.lang.Object java.lang.invoke.DirectMethodHandle$Holder.invokeStaticInit(java.lang.Object, java.lang.Object, long, java.lang.Object)'> (0x00000000ffa9d9c0) 
thrown [s\src\hotspot\share\interpreter\linkResolver.cpp, line 759]
Event: 2.152 Thread 0x000001d7fe5a8f80 Exception <a 'java/lang/NoSuchMethodError'{0x00000000ffaa4048}: 'java.lang.Object java.lang.invoke.DirectMethodHandle$Holder.newInvokeSpecial(java.lang.Object, java.lang.Object, long)'> (0x00000000ffaa4048) 
thrown [s\src\hotspot\share\interpreter\linkResolver.cpp, line 759]
Event: 2.152 Thread 0x000001d7fe5a8f80 Exception <a 'java/lang/NoSuchMethodError'{0x00000000ffaa8338}: 'java.lang.Object java.lang.invoke.Invokers$Holder.linkToTargetMethod(java.lang.Object, long, java.lang.Object)'> (0x00000000ffaa8338) 
thrown [s\src\hotspot\share\interpreter\linkResolver.cpp, line 759]

VM Operations (20 events):
Event: 68.338 Executing VM operation: Cleanup
Event: 68.338 Executing VM operation: Cleanup done
Event: 69.343 Executing VM operation: Cleanup
Event: 69.343 Executing VM operation: Cleanup done
Event: 72.364 Executing VM operation: Cleanup
Event: 72.364 Executing VM operation: Cleanup done
Event: 77.417 Executing VM operation: Cleanup
Event: 77.417 Executing VM operation: Cleanup done
Event: 78.428 Executing VM operation: Cleanup
Event: 78.428 Executing VM operation: Cleanup done
Event: 86.491 Executing VM operation: Cleanup
Event: 86.491 Executing VM operation: Cleanup done
Event: 100.575 Executing VM operation: Cleanup
Event: 100.575 Executing VM operation: Cleanup done
Event: 141.008 Executing VM operation: Cleanup
Event: 141.008 Executing VM operation: Cleanup done
Event: 150.123 Executing VM operation: Cleanup
Event: 150.123 Executing VM operation: Cleanup done
Event: 220.616 Executing VM operation: Cleanup
Event: 220.616 Executing VM operation: Cleanup done

Memory protections (0 events):
No events

Nmethod flushes (0 events):
No events

Events (20 events):
Event: 0.112 Thread 0x000001d7df147830 Thread added: 0x000001d7f8bcfce0
Event: 0.118 Thread 0x000001d7df147830 Thread added: 0x000001d7f8bd4710
Event: 0.122 Thread 0x000001d7df147830 Thread added: 0x000001d7f8bd8ca0
Event: 0.163 Thread 0x000001d7df147830 Thread added: 0x000001d7fd096b60
Event: 0.165 Thread 0x000001d7df147830 Thread added: 0x000001d7fd097490
Event: 0.957 Thread 0x000001d7f8bcfce0 Thread added: 0x000001d7fd334750
Event: 0.964 Thread 0x000001d7f8bd4710 Thread added: 0x000001d7fd335750
Event: 1.537 Thread 0x000001d7df147830 Thread added: 0x000001d7fdff6a90
Event: 1.739 Thread 0x000001d7fd335750 Thread exited: 0x000001d7fd335750
Event: 1.783 Thread 0x000001d7fd334750 Thread exited: 0x000001d7fd334750
Event: 2.071 Thread 0x000001d7f8bd4710 Thread added: 0x000001d7fd3b0240
Event: 2.126 Thread 0x000001d7df147830 Thread added: 0x000001d7fe5a8f80
Event: 2.156 Thread 0x000001d7fe5a8f80 Thread added: 0x000001d7fe10fb00
Event: 2.156 Thread 0x000001d7fe5a8f80 Thread added: 0x000001d7fd734460
Event: 2.157 Thread 0x000001d7fe10fb00 Thread exited: 0x000001d7fe10fb00
Event: 2.353 Thread 0x000001d7fd3b0240 Thread exited: 0x000001d7fd3b0240
Event: 5.826 Thread 0x000001d7fe5a8f80 Thread exited: 0x000001d7fe5a8f80
Event: 5.826 Thread 0x000001d7fd734460 Thread exited: 0x000001d7fd734460
Event: 5.941 Thread 0x000001d7f8bd4710 Thread added: 0x000001d7fdfb2e70
Event: 6.343 Thread 0x000001d7fdfb2e70 Thread exited: 0x000001d7fdfb2e70


Dynamic libraries:
0x00007ff7f1d30000 - 0x00007ff7f1d3e000 	C:\Users\duoc.nguyen1\.jdks\ms-17.0.20\bin\java.exe
0x00007ffdf7660000 - 0x00007ffdf78c6000 	C:\WINDOWS\SYSTEM32\ntdll.dll
0x00007ffdf7410000 - 0x00007ffdf74d9000 	C:\WINDOWS\System32\KERNEL32.DLL
0x00007ffdf49b0000 - 0x00007ffdf4daa000 	C:\WINDOWS\System32\KERNELBASE.dll
0x000000005f810000 - 0x000000005f8ae000 	C:\ProgramData\Symantec\Symantec Endpoint Protection\14.3.10148.8000.105\Data\Sysfer\x64\sysfer.dll
0x00007ffdf5280000 - 0x00007ffdf53cc000 	C:\WINDOWS\System32\ucrtbase.dll
0x00007ffde23d0000 - 0x00007ffde23e8000 	C:\Users\duoc.nguyen1\.jdks\ms-17.0.20\bin\jli.dll
0x00007ffdf5c10000 - 0x00007ffdf5dd7000 	C:\WINDOWS\System32\USER32.dll
0x00007ffdf5250000 - 0x00007ffdf5277000 	C:\WINDOWS\System32\win32u.dll
0x00007ffdf55e0000 - 0x00007ffdf560b000 	C:\WINDOWS\System32\GDI32.dll
0x00007ffdf4e60000 - 0x00007ffdf4f8b000 	C:\WINDOWS\System32\gdi32full.dll
0x00007ffdf4db0000 - 0x00007ffdf4e53000 	C:\WINDOWS\System32\msvcp_win.dll
0x00007ffddea10000 - 0x00007ffddeca2000 	C:\WINDOWS\WinSxS\amd64_microsoft.windows.common-controls_6595b64144ccf1df_6.0.26100.8521_none_3e08b75ce33403b3\COMCTL32.dll
0x00007ffdf5610000 - 0x00007ffdf56b9000 	C:\WINDOWS\System32\msvcrt.dll
0x00007ffd99760000 - 0x00007ffd9977e000 	C:\Users\duoc.nguyen1\.jdks\ms-17.0.20\bin\VCRUNTIME140.dll
0x00007ffdf75e0000 - 0x00007ffdf7612000 	C:\WINDOWS\System32\IMM32.DLL
0x00007ffdf0e80000 - 0x00007ffdf0e8c000 	C:\Users\duoc.nguyen1\.jdks\ms-17.0.20\bin\vcruntime140_1.dll
0x00007ffd927a0000 - 0x00007ffd92829000 	C:\Users\duoc.nguyen1\.jdks\ms-17.0.20\bin\msvcp140.dll
0x00007ffd06cd0000 - 0x00007ffd0794b000 	C:\Users\duoc.nguyen1\.jdks\ms-17.0.20\bin\server\jvm.dll
0x00007ffdf53d0000 - 0x00007ffdf5486000 	C:\WINDOWS\System32\ADVAPI32.dll
0x00007ffdf5a40000 - 0x00007ffdf5aea000 	C:\WINDOWS\System32\sechost.dll
0x00007ffdf5af0000 - 0x00007ffdf5c08000 	C:\WINDOWS\System32\RPCRT4.dll
0x00007ffdf7540000 - 0x00007ffdf75c0000 	C:\WINDOWS\System32\WS2_32.dll
0x00007ffdf4750000 - 0x00007ffdf47ae000 	C:\WINDOWS\SYSTEM32\POWRPROF.dll
0x00007ffdea9a0000 - 0x00007ffdea9d6000 	C:\WINDOWS\SYSTEM32\WINMM.dll
0x00007ffde1d50000 - 0x00007ffde1d5b000 	C:\WINDOWS\SYSTEM32\VERSION.dll
0x00007ffdf4730000 - 0x00007ffdf4744000 	C:\WINDOWS\SYSTEM32\UMPDC.dll
0x00007ffdf3640000 - 0x00007ffdf365b000 	C:\WINDOWS\SYSTEM32\kernel.appcore.dll
0x00007ffdea2b0000 - 0x00007ffdea2ba000 	C:\Users\duoc.nguyen1\.jdks\ms-17.0.20\bin\jimage.dll
0x00007ffddecb0000 - 0x00007ffddeef2000 	C:\WINDOWS\SYSTEM32\DBGHELP.DLL
0x00007ffdf6da0000 - 0x00007ffdf7123000 	C:\WINDOWS\System32\combase.dll
0x00007ffdf7310000 - 0x00007ffdf73e9000 	C:\WINDOWS\System32\OLEAUT32.dll
0x00007ffdd0bd0000 - 0x00007ffdd0c0b000 	C:\WINDOWS\SYSTEM32\dbgcore.DLL
0x00007ffdf5020000 - 0x00007ffdf50c8000 	C:\WINDOWS\System32\bcryptPrimitives.dll
0x00007ffd92770000 - 0x00007ffd92796000 	C:\Users\duoc.nguyen1\.jdks\ms-17.0.20\bin\java.dll
0x00007ffd8a130000 - 0x00007ffd8a206000 	C:\Users\duoc.nguyen1\.jdks\ms-17.0.20\bin\jsvml.dll
0x00007ffdf65a0000 - 0x00007ffdf6d24000 	C:\WINDOWS\System32\SHELL32.dll
0x00007ffdf2280000 - 0x00007ffdf2b00000 	C:\WINDOWS\SYSTEM32\windows.storage.dll
0x00007ffdf6010000 - 0x00007ffdf6106000 	C:\WINDOWS\System32\SHCORE.dll
0x00007ffdf6d30000 - 0x00007ffdf6d97000 	C:\WINDOWS\System32\shlwapi.dll
0x00007ffdf4810000 - 0x00007ffdf4839000 	C:\WINDOWS\SYSTEM32\profapi.dll
0x00007ffd996c0000 - 0x00007ffd996db000 	C:\Users\duoc.nguyen1\.jdks\ms-17.0.20\bin\net.dll
0x00007ffdec5b0000 - 0x00007ffdec6d9000 	C:\WINDOWS\SYSTEM32\WINHTTP.dll
0x00007ffdf3b90000 - 0x00007ffdf3bfc000 	C:\WINDOWS\system32\mswsock.dll
0x00007ffd92750000 - 0x00007ffd92766000 	C:\Users\duoc.nguyen1\.jdks\ms-17.0.20\bin\nio.dll
0x00007ffd92730000 - 0x00007ffd92748000 	C:\Users\duoc.nguyen1\.jdks\ms-17.0.20\bin\zip.dll
0x00007ffde23c0000 - 0x00007ffde23d0000 	C:\Users\duoc.nguyen1\.jdks\ms-17.0.20\bin\verify.dll
0x00007ffdb8e40000 - 0x00007ffdb8e4a000 	C:\Users\duoc.nguyen1\.jdks\ms-17.0.20\bin\management.dll
0x00007ffdb8670000 - 0x00007ffdb867c000 	C:\Users\duoc.nguyen1\.jdks\ms-17.0.20\bin\management_ext.dll
0x00007ffdf5960000 - 0x00007ffdf5968000 	C:\WINDOWS\System32\PSAPI.DLL
0x00007ffd92700000 - 0x00007ffd92727000 	C:\Users\duoc.nguyen1\.gradle\native\1def1411415f61bf3af743bc5b6707747c0891f09f0c88961ee8f79bc544acac\windows-amd64\native-platform.dll
0x00007ffdf2db0000 - 0x00007ffdf2de3000 	C:\WINDOWS\SYSTEM32\IPHLPAPI.DLL
0x00007ffdf75d0000 - 0x00007ffdf75da000 	C:\WINDOWS\System32\NSI.dll
0x00007ffdecb40000 - 0x00007ffdecb5d000 	C:\WINDOWS\SYSTEM32\dhcpcsvc6.DLL
0x00007ffdeca60000 - 0x00007ffdeca85000 	C:\WINDOWS\SYSTEM32\dhcpcsvc.DLL
0x00007ffdf2df0000 - 0x00007ffdf2f3a000 	C:\WINDOWS\SYSTEM32\DNSAPI.dll
0x00007ffdf39d0000 - 0x00007ffdf39dd000 	C:\WINDOWS\SYSTEM32\DSPARSE.dll
0x00007ffdb61d0000 - 0x00007ffdb61d9000 	C:\Users\duoc.nguyen1\.jdks\ms-17.0.20\bin\extnet.dll
0x00007ffdf3f90000 - 0x00007ffdf3fab000 	C:\WINDOWS\SYSTEM32\CRYPTSP.dll
0x00007ffdf35a0000 - 0x00007ffdf35d9000 	C:\WINDOWS\system32\rsaenh.dll
0x00007ffdf3c40000 - 0x00007ffdf3c73000 	C:\WINDOWS\SYSTEM32\USERENV.dll
0x00007ffdf47e0000 - 0x00007ffdf480a000 	C:\WINDOWS\SYSTEM32\bcrypt.dll
0x00007ffdf3df0000 - 0x00007ffdf3dfc000 	C:\WINDOWS\SYSTEM32\CRYPTBASE.dll
0x00007ffd99510000 - 0x00007ffd9951e000 	C:\Users\duoc.nguyen1\.jdks\ms-17.0.20\bin\sunmscapi.dll
0x00007ffdf50d0000 - 0x00007ffdf5248000 	C:\WINDOWS\System32\CRYPT32.dll
0x00007ffdf40f0000 - 0x00007ffdf4120000 	C:\WINDOWS\SYSTEM32\ncrypt.dll
0x00007ffdf40a0000 - 0x00007ffdf40df000 	C:\WINDOWS\SYSTEM32\NTASN1.dll
0x00007ffd7ef00000 - 0x00007ffd7ef08000 	C:\WINDOWS\system32\wshunix.dll

dbghelp: loaded successfully - version: 4.0.5 - missing functions: none
symbol engine: initialized successfully - sym options: 0x614 - pdb path: .;C:\Users\duoc.nguyen1\.jdks\ms-17.0.20\bin;C:\WINDOWS\SYSTEM32;C:\ProgramData\Symantec\Symantec Endpoint Protection\14.3.10148.8000.105\Data\Sysfer\x64;C:\WINDOWS\WinSxS\amd64_microsoft.windows.common-controls_6595b64144ccf1df_6.0.26100.8521_none_3e08b75ce33403b3;C:\Users\duoc.nguyen1\.jdks\ms-17.0.20\bin\server;C:\Users\duoc.nguyen1\.gradle\native\1def1411415f61bf3af743bc5b6707747c0891f09f0c88961ee8f79bc544acac\windows-amd64

VM Arguments:
jvm_args: -Xmx64m -Xms64m -Dorg.gradle.appname=gradlew 
java_command: org.gradle.wrapper.GradleWrapperMain -p C:\My Project\e-commerce\backend-microservice :order-service:bootRun
java_class_path (initial): C:\My Project\e-commerce\BE\\gradle\wrapper\gradle-wrapper.jar
Launcher Type: SUN_STANDARD

[Global flags]
     intx CICompilerCount                          = 4                                         {product} {ergonomic}
     uint ConcGCThreads                            = 2                                         {product} {ergonomic}
     uint G1ConcRefinementThreads                  = 8                                         {product} {ergonomic}
   size_t G1HeapRegionSize                         = 1048576                                   {product} {ergonomic}
    uintx GCDrainStackTargetSize                   = 64                                        {product} {ergonomic}
   size_t InitialHeapSize                          = 67108864                                  {product} {command line}
   size_t MarkStackSize                            = 4194304                                   {product} {ergonomic}
   size_t MaxHeapSize                              = 67108864                                  {product} {command line}
   size_t MaxNewSize                               = 39845888                                  {product} {ergonomic}
   size_t MinHeapDeltaBytes                        = 1048576                                   {product} {ergonomic}
   size_t MinHeapSize                              = 67108864                                  {product} {command line}
    uintx NonNMethodCodeHeapSize                   = 5839372                                {pd product} {ergonomic}
    uintx NonProfiledCodeHeapSize                  = 122909434                              {pd product} {ergonomic}
    uintx ProfiledCodeHeapSize                     = 122909434                              {pd product} {ergonomic}
    uintx ReservedCodeCacheSize                    = 251658240                              {pd product} {ergonomic}
     bool SegmentedCodeCache                       = true                                      {product} {ergonomic}
   size_t SoftMaxHeapSize                          = 67108864                               {manageable} {ergonomic}
     bool UseCompressedClassPointers               = true                           {product lp64_product} {ergonomic}
     bool UseCompressedOops                        = true                           {product lp64_product} {ergonomic}
     bool UseG1GC                                  = true                                      {product} {ergonomic}
     bool UseLargePagesIndividualAllocation        = false                                  {pd product} {ergonomic}

Logging:
Log output configuration:
 #0: stdout all=warning uptime,level,tags
 #1: stderr all=off uptime,level,tags

Environment Variables:
JAVA_HOME=C:\Users\duoc.nguyen1\.jdks\ms-17.0.20
CLASSPATH=C:\My Project\e-commerce\BE\\gradle\wrapper\gradle-wrapper.jar
PATH=C:\php81;C:\Program Files\Microsoft SDKs\Azure\CLI2\wbin;C:\Users\duoc.nguyen1\.jdks\ms-17.0.20;C:\Python310\Scripts\;C:\Python310\;C:\WINDOWS\system32;C:\WINDOWS;C:\WINDOWS\System32\Wbem;C:\WINDOWS\System32\WindowsPowerShell\v1.0\;C:\WINDOWS\System32\OpenSSH\;C:\Program Files\Git\cmd;C:\ProgramData\chocolatey\bin;C:\ProgramData\nvm;C:\nvm4w\nodejs;C:\php81;C:\composer\bin;C:\Program Files\dotnet\;C:\Program Files (x86)\dotnet\;C:\ProgramData\chocolatey\lib\maven\apache-maven-3.9.15\bin;C:\Program Files\OpenSSL-Win64\bin;C:\Program Files\Docker\Docker\resources\bin;C:\Program Files\PuTTY\;C:\Program Files\MySQL\MySQL Shell 8.0\bin\;C:\Users\duoc.nguyen1\AppData\Local\Microsoft\WindowsApps;C:\Users\duoc.nguyen1\AppData\Local\Programs\Microsoft VS Code\bin;C:\ProgramData\nvm;C:\nvm4w\nodejs;C:\Users\duoc.nguyen1\.dotnet\tools;C:\Users\duoc.nguyen1\AppData\Local\GitHubDesktop\bin
USERNAME=duoc.nguyen1
OS=Windows_NT
PROCESSOR_IDENTIFIER=Intel64 Family 6 Model 191 Stepping 5, GenuineIntel
TMP=C:\Users\DUOC~1.NGU\AppData\Local\Temp
TEMP=C:\Users\DUOC~1.NGU\AppData\Local\Temp



Periodic native trim disabled


---------------  S Y S T E M  ---------------

OS:
 Windows 11 , 64 bit Build 26100 (10.0.26100.8521)
OS uptime: 0 days 17:36 hours
Hyper-V role detected

CPU: total 8 (initial active 8) (4 cores per cpu, 2 threads per core) family 6 model 191 stepping 5 microcode 0x2c, cx8, cmov, fxsr, ht, mmx, 3dnowpref, sse, sse2, sse3, ssse3, sse4.1, sse4.2, popcnt, lzcnt, tsc, tscinvbit, avx, avx2, aes, erms, clmul, bmi1, bmi2, adx, sha, fma, vzeroupper, clflush, clflushopt, clwb, hv
Processor Information for the first 8 processors :
  Max Mhz: 3500, Current Mhz: 3500, Mhz Limit: 3500

Memory: 4k page, system-wide physical 16125M (1180M free)
TotalPageFile size 32509M (AvailPageFile size 2M)
current process WorkingSet (physical memory assigned to process): 23M, peak: 118M
current process commit charge ("private bytes"): 170M, peak: 179M

vm_info: OpenJDK 64-Bit Server VM (17.0.20+8-LTS) for windows-amd64 JRE (17.0.20+8-LTS), built on Jul 14 2026 18:14:29 by "MicrosoftCorporation" with MS VC++ 17.14 (VS2022)

END.
