#
# There is insufficient memory for the Java Runtime Environment to continue.
# Native memory allocation (malloc) failed to allocate 2052704 bytes. Error detail: Chunk::new
# Possible reasons:
#   The system is out of physical RAM or swap space
#   This process is running with CompressedOops enabled, and the Java Heap may be blocking the growth of the native heap
# Possible solutions:
#   Reduce memory load on the system
#   Increase physical memory or swap space
#   Check if swap backing store is full
#   Decrease Java heap size (-Xmx/-Xms)
#   Decrease number of Java threads
#   Decrease Java thread stack sizes (-Xss)
#   Set larger code cache with -XX:ReservedCodeCacheSize=
#   JVM is running with Unscaled Compressed Oops mode in which the Java heap is
#     placed in the first 4GB address space. The Java Heap base address is the
#     maximum limit for the native heap growth. Please use -XX:HeapBaseMinAddress
#     to set the Java Heap base and to place the Java Heap above 4GB virtual address.
# This output file may be truncated or incomplete.
#
#  Out of Memory Error (arena.cpp:191), pid=20408, tid=18984
#
# JRE version: OpenJDK Runtime Environment Microsoft-14653939 (17.0.20+8) (build 17.0.20+8-LTS)
# Java VM: OpenJDK 64-Bit Server VM Microsoft-14653939 (17.0.20+8-LTS, mixed mode, sharing, tiered, compressed oops, compressed class ptrs, g1 gc, windows-amd64)
# No core dump will be written. Minidumps are not enabled by default on client versions of Windows
#

---------------  S U M M A R Y ------------

Command Line: --add-opens=java.base/java.lang=ALL-UNNAMED --add-opens=java.base/java.lang.invoke=ALL-UNNAMED --add-opens=java.base/java.util=ALL-UNNAMED --add-opens=java.prefs/java.util.prefs=ALL-UNNAMED --add-exports=jdk.compiler/com.sun.tools.javac.api=ALL-UNNAMED --add-exports=jdk.compiler/com.sun.tools.javac.util=ALL-UNNAMED --add-opens=java.base/java.util=ALL-UNNAMED --add-opens=java.prefs/java.util.prefs=ALL-UNNAMED --add-opens=java.base/java.nio.charset=ALL-UNNAMED --add-opens=java.base/java.net=ALL-UNNAMED --add-opens=java.base/java.util.concurrent.atomic=ALL-UNNAMED --add-opens=java.xml/javax.xml.namespace=ALL-UNNAMED -XX:MaxMetaspaceSize=384m -XX:+HeapDumpOnOutOfMemoryError -Xms256m -Xmx512m -Dfile.encoding=windows-1252 -Duser.country=US -Duser.language=en -Duser.variant -javaagent:C:\Users\duoc.nguyen1\.gradle\wrapper\dists\gradle-8.13-bin\5xuhj0ry160q40clulazy9h7d\gradle-8.13\lib\agents\gradle-instrumentation-agent-8.13.jar org.gradle.launcher.daemon.bootstrap.GradleDaemon 8.13

Host: Intel(R) Core(TM) i3-14100, 8 cores, 15G,  Windows 11 , 64 bit Build 26100 (10.0.26100.8521)
Time: Tue Aug  4 14:51:46 2026 SE Asia Standard Time elapsed time: 10.608807 seconds (0d 0h 0m 10s)

---------------  T H R E A D  ---------------

Current thread (0x0000027f7d59ef70):  JavaThread "C2 CompilerThread1" daemon [_thread_in_native, id=18984, stack(0x000000f908f00000,0x000000f909000000)]


Current CompileTask:
C2:10608 4129   !   4       java.net.URLClassLoader::findClass (47 bytes)

Stack: [0x000000f908f00000,0x000000f909000000]
Native frames: (J=compiled Java code, j=interpreted, Vv=VM code, C=native code)
V  [jvm.dll+0x68d159]  (no source info available)
V  [jvm.dll+0x8462c9]  (no source info available)
V  [jvm.dll+0x84803b]  (no source info available)
V  [jvm.dll+0x8486c3]  (no source info available)
V  [jvm.dll+0x24d12f]  (no source info available)
V  [jvm.dll+0xaed56]  (no source info available)
V  [jvm.dll+0xaf3fc]  (no source info available)
V  [jvm.dll+0x37193e]  (no source info available)
V  [jvm.dll+0x33bb95]  (no source info available)
V  [jvm.dll+0x33affa]  (no source info available)
V  [jvm.dll+0x21e039]  (no source info available)
V  [jvm.dll+0x21d482]  (no source info available)
V  [jvm.dll+0x1a8db6]  (no source info available)
V  [jvm.dll+0x22dcdb]  (no source info available)
V  [jvm.dll+0x22be66]  (no source info available)
V  [jvm.dll+0x7fc40b]  (no source info available)
V  [jvm.dll+0x7f67dc]  (no source info available)
V  [jvm.dll+0x68e6f7]  (no source info available)
C  [ucrtbase.dll+0x2cd30]  (no source info available)
C  [KERNEL32.DLL+0x2e957]  (no source info available)
C  [ntdll.dll+0x87c1c]  (no source info available)


---------------  P R O C E S S  ---------------

Threads class SMR info:
_java_thread_list=0x0000027f7ec0c120, length=35, elements={
0x0000027f6a92efa0, 0x0000027f7651a830, 0x0000027f7651be70, 0x0000027f765314c0,
0x0000027f76533da0, 0x0000027f76536680, 0x0000027f76538f60, 0x0000027f76539b60,
0x0000027f765409d0, 0x0000027f76570bf0, 0x0000027f76677020, 0x0000027f766fb390,
0x0000027f7c7c1430, 0x0000027f7c60dd60, 0x0000027f7c96f430, 0x0000027f7c9cd5d0,
0x0000027f7c84f790, 0x0000027f7c922860, 0x0000027f7c922d70, 0x0000027f7c923790,
0x0000027f7c924bd0, 0x0000027f7c923280, 0x0000027f7c9250e0, 0x0000027f7c921e40,
0x0000027f7c922350, 0x0000027f7c9246c0, 0x0000027f7c9241b0, 0x0000027f7c9255f0,
0x0000027f7cf426f0, 0x0000027f7cf42c00, 0x0000027f7cf43620, 0x0000027f7d59ef70,
0x0000027f7cf40380, 0x0000027f7cf44040, 0x0000027f7cf40da0
}

Java Threads: ( => current thread )
  0x0000027f6a92efa0 JavaThread "main" [_thread_blocked, id=11856, stack(0x000000f906100000,0x000000f906200000)]
  0x0000027f7651a830 JavaThread "Reference Handler" daemon [_thread_blocked, id=29160, stack(0x000000f906800000,0x000000f906900000)]
  0x0000027f7651be70 JavaThread "Finalizer" daemon [_thread_blocked, id=16212, stack(0x000000f906900000,0x000000f906a00000)]
  0x0000027f765314c0 JavaThread "Signal Dispatcher" daemon [_thread_blocked, id=7008, stack(0x000000f906a00000,0x000000f906b00000)]
  0x0000027f76533da0 JavaThread "Attach Listener" daemon [_thread_blocked, id=10360, stack(0x000000f906b00000,0x000000f906c00000)]
  0x0000027f76536680 JavaThread "Service Thread" daemon [_thread_blocked, id=19312, stack(0x000000f906c00000,0x000000f906d00000)]
  0x0000027f76538f60 JavaThread "Monitor Deflation Thread" daemon [_thread_blocked, id=21716, stack(0x000000f906d00000,0x000000f906e00000)]
  0x0000027f76539b60 JavaThread "C2 CompilerThread0" daemon [_thread_in_native, id=13588, stack(0x000000f906e00000,0x000000f906f00000)]
  0x0000027f765409d0 JavaThread "C1 CompilerThread0" daemon [_thread_in_native, id=26472, stack(0x000000f906f00000,0x000000f907000000)]
  0x0000027f76570bf0 JavaThread "Sweeper thread" daemon [_thread_blocked, id=14080, stack(0x000000f907000000,0x000000f907100000)]
  0x0000027f76677020 JavaThread "Common-Cleaner" daemon [_thread_blocked, id=12040, stack(0x000000f907100000,0x000000f907200000)]
  0x0000027f766fb390 JavaThread "Notification Thread" daemon [_thread_blocked, id=22596, stack(0x000000f907200000,0x000000f907300000)]
  0x0000027f7c7c1430 JavaThread "Daemon health stats" [_thread_blocked, id=21564, stack(0x000000f907500000,0x000000f907600000)]
  0x0000027f7c60dd60 JavaThread "Incoming local TCP Connector on port 54425" [_thread_in_native, id=9384, stack(0x000000f907b00000,0x000000f907c00000)]
  0x0000027f7c96f430 JavaThread "Daemon periodic checks" [_thread_blocked, id=22240, stack(0x000000f907c00000,0x000000f907d00000)]
  0x0000027f7c9cd5d0 JavaThread "Daemon" [_thread_blocked, id=17464, stack(0x000000f907d00000,0x000000f907e00000)]
  0x0000027f7c84f790 JavaThread "Handler for socket connection from /127.0.0.1:54425 to /127.0.0.1:54428" [_thread_in_native, id=17436, stack(0x000000f907e00000,0x000000f907f00000)]
  0x0000027f7c922860 JavaThread "Cancel handler" [_thread_blocked, id=9104, stack(0x000000f907f00000,0x000000f908000000)]
  0x0000027f7c922d70 JavaThread "Daemon worker" [_thread_in_vm, id=10316, stack(0x000000f908000000,0x000000f908100000)]
  0x0000027f7c923790 JavaThread "Asynchronous log dispatcher for DefaultDaemonConnection: socket connection from /127.0.0.1:54425 to /127.0.0.1:54428" [_thread_blocked, id=21228, stack(0x000000f908100000,0x000000f908200000)]
  0x0000027f7c924bd0 JavaThread "Stdin handler" [_thread_blocked, id=10060, stack(0x000000f908200000,0x000000f908300000)]
  0x0000027f7c923280 JavaThread "Daemon client event forwarder" [_thread_blocked, id=25260, stack(0x000000f908300000,0x000000f908400000)]
  0x0000027f7c9250e0 JavaThread "Cache worker for journal cache (C:\Users\duoc.nguyen1\.gradle\caches\journal-1)" [_thread_blocked, id=12028, stack(0x000000f908400000,0x000000f908500000)]
  0x0000027f7c921e40 JavaThread "File lock request listener" [_thread_in_native, id=14684, stack(0x000000f908500000,0x000000f908600000)]
  0x0000027f7c922350 JavaThread "Cache worker for file hash cache (C:\Users\duoc.nguyen1\.gradle\caches\8.13\fileHashes)" [_thread_blocked, id=29364, stack(0x000000f908600000,0x000000f908700000)]
  0x0000027f7c9246c0 JavaThread "File lock release action executor" [_thread_blocked, id=15344, stack(0x000000f908700000,0x000000f908800000)]
  0x0000027f7c9241b0 JavaThread "Cache worker for file hash cache (C:\My Project\e-commerce\backend-microservice\.gradle\8.13\fileHashes)" [_thread_blocked, id=25640, stack(0x000000f908800000,0x000000f908900000)]
  0x0000027f7c9255f0 JavaThread "Cache worker for Build Output Cleanup Cache (C:\My Project\e-commerce\backend-microservice\.gradle\buildOutputCleanup)" [_thread_blocked, id=24176, stack(0x000000f908900000,0x000000f908a00000)]
  0x0000027f7cf426f0 JavaThread "File watcher server" daemon [_thread_in_native, id=22136, stack(0x000000f908d00000,0x000000f908e00000)]
  0x0000027f7cf42c00 JavaThread "File watcher consumer" daemon [_thread_blocked, id=11832, stack(0x000000f908e00000,0x000000f908f00000)]
  0x0000027f7cf43620 JavaThread "jar transforms" [_thread_blocked, id=27172, stack(0x000000f907400000,0x000000f907500000)]
=>0x0000027f7d59ef70 JavaThread "C2 CompilerThread1" daemon [_thread_in_native, id=18984, stack(0x000000f908f00000,0x000000f909000000)]
  0x0000027f7cf40380 JavaThread "Cache worker for checksums cache (C:\My Project\e-commerce\backend-microservice\.gradle\8.13\checksums)" [_thread_blocked, id=28264, stack(0x000000f909000000,0x000000f909100000)]
  0x0000027f7cf44040 JavaThread "Cache worker for file content cache (C:\Users\duoc.nguyen1\.gradle\caches\8.13\fileContent)" [_thread_blocked, id=15484, stack(0x000000f909100000,0x000000f909200000)]
  0x0000027f7cf40da0 JavaThread "Cache worker for cache directory md-supplier (C:\Users\duoc.nguyen1\.gradle\caches\8.13\md-supplier)" [_thread_blocked, id=15028, stack(0x000000f909200000,0x000000f909300000)]

Other Threads:
  0x0000027f76515160 VMThread "VM Thread" [stack: 0x000000f906700000,0x000000f906800000] [id=22140]
  0x0000027f7674d9c0 WatcherThread [stack: 0x000000f907300000,0x000000f907400000] [id=27448]
  0x0000027f6a95f3a0 GCTaskThread "GC Thread#0" [stack: 0x000000f906200000,0x000000f906300000] [id=20916]
  0x0000027f7b036560 GCTaskThread "GC Thread#1" [stack: 0x000000f907600000,0x000000f907700000] [id=20128]
  0x0000027f76852bc0 GCTaskThread "GC Thread#2" [stack: 0x000000f907700000,0x000000f907800000] [id=29356]
  0x0000027f7b2e1f40 GCTaskThread "GC Thread#3" [stack: 0x000000f907800000,0x000000f907900000] [id=24376]
  0x0000027f7b2e2210 GCTaskThread "GC Thread#4" [stack: 0x000000f907900000,0x000000f907a00000] [id=2268]
  0x0000027f7b2e24e0 GCTaskThread "GC Thread#5" [stack: 0x000000f907a00000,0x000000f907b00000] [id=22116]
  0x0000027f7bb39120 GCTaskThread "GC Thread#6" [stack: 0x000000f908a00000,0x000000f908b00000] [id=28000]
  0x0000027f7bb388b0 GCTaskThread "GC Thread#7" [stack: 0x000000f908b00000,0x000000f908c00000] [id=28172]
  0x0000027f6a964210 ConcurrentGCThread "G1 Main Marker" [stack: 0x000000f906300000,0x000000f906400000] [id=11640]
  0x0000027f6a964b40 ConcurrentGCThread "G1 Conc#0" [stack: 0x000000f906400000,0x000000f906500000] [id=26956]
  0x0000027f7bb38310 ConcurrentGCThread "G1 Conc#1" [stack: 0x000000f908c00000,0x000000f908d00000] [id=7992]
  0x0000027f6a9ce560 ConcurrentGCThread "G1 Refine#0" [stack: 0x000000f906500000,0x000000f906600000] [id=21120]
  0x0000027f763cc530 ConcurrentGCThread "G1 Service" [stack: 0x000000f906600000,0x000000f906700000] [id=13628]

Threads with active compile tasks:
C2 CompilerThread0  10630 4147       4       org.objectweb.asm.Frame::execute (2303 bytes)
C2 CompilerThread1  10630 4129   !   4       java.net.URLClassLoader::findClass (47 bytes)

VM state: not at safepoint (normal execution)

VM Mutex/Monitor currently owned by a thread: None

Heap address: 0x00000000e0000000, size: 512 MB, Compressed Oops mode: 32-bit

CDS archive(s) mapped at: [0x0000027f0f000000-0x0000027f0fbb0000-0x0000027f0fbb0000), size 12255232, SharedBaseAddress: 0x0000027f0f000000, ArchiveRelocationMode: 1.
Compressed class space mapped at: 0x0000027f10000000-0x0000027f24000000, reserved size: 335544320
Narrow klass base: 0x0000027f0f000000, Narrow klass shift: 0, Narrow klass range: 0x100000000

GC Precious Log:
 CPUs: 8 total, 8 available
 Memory: 16125M
 Large Page Support: Disabled
 NUMA Support: Disabled
 Compressed Oops: Enabled (32-bit)
 Heap Region Size: 1M
 Heap Min Capacity: 256M
 Heap Initial Capacity: 256M
 Heap Max Capacity: 512M
 Pre-touch: Disabled
 Parallel Workers: 8
 Concurrent Workers: 2
 Concurrent Refinement Workers: 8
 Periodic GC: Disabled

Heap:
 garbage-first heap   total 262144K, used 136230K [0x00000000e0000000, 0x0000000100000000)
  region size 1024K, 119 young (121856K), 12 survivors (12288K)
 Metaspace       used 34587K, committed 35008K, reserved 393216K
  class space    used 4801K, committed 4992K, reserved 327680K

Heap Regions: E=young(eden), S=young(survivor), O=old, HS=humongous(starts), HC=humongous(continues), CS=collection set, F=free, OA=open archive, CA=closed archive, TAMS=top-at-mark-start (previous, next)
|   0|0x00000000e0000000, 0x00000000e0100000, 0x00000000e0100000|100%|HS|  |TAMS 0x00000000e0100000, 0x00000000e0000000| Complete 
|   1|0x00000000e0100000, 0x00000000e0200000, 0x00000000e0200000|100%|HC|  |TAMS 0x00000000e0200000, 0x00000000e0100000| Complete 
|   2|0x00000000e0200000, 0x00000000e0300000, 0x00000000e0300000|100%|HC|  |TAMS 0x00000000e0300000, 0x00000000e0200000| Complete 
|   3|0x00000000e0300000, 0x00000000e0400000, 0x00000000e0400000|100%| O|  |TAMS 0x00000000e0400000, 0x00000000e0300000| Untracked 
|   4|0x00000000e0400000, 0x00000000e0500000, 0x00000000e0500000|100%| O|  |TAMS 0x00000000e0500000, 0x00000000e0400000| Untracked 
|   5|0x00000000e0500000, 0x00000000e0600000, 0x00000000e0600000|100%| O|  |TAMS 0x00000000e0600000, 0x00000000e0500000| Untracked 
|   6|0x00000000e0600000, 0x00000000e0700000, 0x00000000e0700000|100%|HS|  |TAMS 0x00000000e0700000, 0x00000000e0600000| Complete 
|   7|0x00000000e0700000, 0x00000000e0800000, 0x00000000e0800000|100%|HS|  |TAMS 0x00000000e0700000, 0x00000000e0700000| Complete 
|   8|0x00000000e0800000, 0x00000000e0900000, 0x00000000e0900000|100%| O|  |TAMS 0x00000000e0900000, 0x00000000e0800000| Untracked 
|   9|0x00000000e0900000, 0x00000000e0a00000, 0x00000000e0a00000|100%| O|  |TAMS 0x00000000e0a00000, 0x00000000e0900000| Untracked 
|  10|0x00000000e0a00000, 0x00000000e0b00000, 0x00000000e0b00000|100%| O|  |TAMS 0x00000000e0b00000, 0x00000000e0a00000| Untracked 
|  11|0x00000000e0b00000, 0x00000000e0c00000, 0x00000000e0c00000|100%| O|  |TAMS 0x00000000e0c00000, 0x00000000e0b00000| Untracked 
|  12|0x00000000e0c00000, 0x00000000e0c80c00, 0x00000000e0d00000| 50%| O|  |TAMS 0x00000000e0c80c00, 0x00000000e0c00000| Untracked 
|  13|0x00000000e0d00000, 0x00000000e0e00000, 0x00000000e0e00000|100%|HS|  |TAMS 0x00000000e0d00000, 0x00000000e0d00000| Complete 
|  14|0x00000000e0e00000, 0x00000000e0f00000, 0x00000000e0f00000|100%|HC|  |TAMS 0x00000000e0e00000, 0x00000000e0e00000| Complete 
|  15|0x00000000e0f00000, 0x00000000e1000000, 0x00000000e1000000|100%|HS|  |TAMS 0x00000000e0f00000, 0x00000000e0f00000| Complete 
|  16|0x00000000e1000000, 0x00000000e1100000, 0x00000000e1100000|100%|HC|  |TAMS 0x00000000e1000000, 0x00000000e1000000| Complete 
|  17|0x00000000e1100000, 0x00000000e1100000, 0x00000000e1200000|  0%| F|  |TAMS 0x00000000e1100000, 0x00000000e1100000| Untracked 
|  18|0x00000000e1200000, 0x00000000e1200000, 0x00000000e1300000|  0%| F|  |TAMS 0x00000000e1200000, 0x00000000e1200000| Untracked 
|  19|0x00000000e1300000, 0x00000000e1300000, 0x00000000e1400000|  0%| F|  |TAMS 0x00000000e1300000, 0x00000000e1300000| Untracked 
|  20|0x00000000e1400000, 0x00000000e1400000, 0x00000000e1500000|  0%| F|  |TAMS 0x00000000e1400000, 0x00000000e1400000| Untracked 
|  21|0x00000000e1500000, 0x00000000e1500000, 0x00000000e1600000|  0%| F|  |TAMS 0x00000000e1500000, 0x00000000e1500000| Untracked 
|  22|0x00000000e1600000, 0x00000000e1600000, 0x00000000e1700000|  0%| F|  |TAMS 0x00000000e1600000, 0x00000000e1600000| Untracked 
|  23|0x00000000e1700000, 0x00000000e1700000, 0x00000000e1800000|  0%| F|  |TAMS 0x00000000e1700000, 0x00000000e1700000| Untracked 
|  24|0x00000000e1800000, 0x00000000e1800000, 0x00000000e1900000|  0%| F|  |TAMS 0x00000000e1800000, 0x00000000e1800000| Untracked 
|  25|0x00000000e1900000, 0x00000000e1900000, 0x00000000e1a00000|  0%| F|  |TAMS 0x00000000e1900000, 0x00000000e1900000| Untracked 
|  26|0x00000000e1a00000, 0x00000000e1a00000, 0x00000000e1b00000|  0%| F|  |TAMS 0x00000000e1a00000, 0x00000000e1a00000| Untracked 
|  27|0x00000000e1b00000, 0x00000000e1b00000, 0x00000000e1c00000|  0%| F|  |TAMS 0x00000000e1b00000, 0x00000000e1b00000| Untracked 
|  28|0x00000000e1c00000, 0x00000000e1c00000, 0x00000000e1d00000|  0%| F|  |TAMS 0x00000000e1c00000, 0x00000000e1c00000| Untracked 
|  29|0x00000000e1d00000, 0x00000000e1d00000, 0x00000000e1e00000|  0%| F|  |TAMS 0x00000000e1d00000, 0x00000000e1d00000| Untracked 
|  30|0x00000000e1e00000, 0x00000000e1e00000, 0x00000000e1f00000|  0%| F|  |TAMS 0x00000000e1e00000, 0x00000000e1e00000| Untracked 
|  31|0x00000000e1f00000, 0x00000000e1f00000, 0x00000000e2000000|  0%| F|  |TAMS 0x00000000e1f00000, 0x00000000e1f00000| Untracked 
|  32|0x00000000e2000000, 0x00000000e2000000, 0x00000000e2100000|  0%| F|  |TAMS 0x00000000e2000000, 0x00000000e2000000| Untracked 
|  33|0x00000000e2100000, 0x00000000e2100000, 0x00000000e2200000|  0%| F|  |TAMS 0x00000000e2100000, 0x00000000e2100000| Untracked 
|  34|0x00000000e2200000, 0x00000000e2200000, 0x00000000e2300000|  0%| F|  |TAMS 0x00000000e2200000, 0x00000000e2200000| Untracked 
|  35|0x00000000e2300000, 0x00000000e2300000, 0x00000000e2400000|  0%| F|  |TAMS 0x00000000e2300000, 0x00000000e2300000| Untracked 
|  36|0x00000000e2400000, 0x00000000e2400000, 0x00000000e2500000|  0%| F|  |TAMS 0x00000000e2400000, 0x00000000e2400000| Untracked 
|  37|0x00000000e2500000, 0x00000000e2500000, 0x00000000e2600000|  0%| F|  |TAMS 0x00000000e2500000, 0x00000000e2500000| Untracked 
|  38|0x00000000e2600000, 0x00000000e2600000, 0x00000000e2700000|  0%| F|  |TAMS 0x00000000e2600000, 0x00000000e2600000| Untracked 
|  39|0x00000000e2700000, 0x00000000e2700000, 0x00000000e2800000|  0%| F|  |TAMS 0x00000000e2700000, 0x00000000e2700000| Untracked 
|  40|0x00000000e2800000, 0x00000000e2800000, 0x00000000e2900000|  0%| F|  |TAMS 0x00000000e2800000, 0x00000000e2800000| Untracked 
|  41|0x00000000e2900000, 0x00000000e2900000, 0x00000000e2a00000|  0%| F|  |TAMS 0x00000000e2900000, 0x00000000e2900000| Untracked 
|  42|0x00000000e2a00000, 0x00000000e2a00000, 0x00000000e2b00000|  0%| F|  |TAMS 0x00000000e2a00000, 0x00000000e2a00000| Untracked 
|  43|0x00000000e2b00000, 0x00000000e2b00000, 0x00000000e2c00000|  0%| F|  |TAMS 0x00000000e2b00000, 0x00000000e2b00000| Untracked 
|  44|0x00000000e2c00000, 0x00000000e2c00000, 0x00000000e2d00000|  0%| F|  |TAMS 0x00000000e2c00000, 0x00000000e2c00000| Untracked 
|  45|0x00000000e2d00000, 0x00000000e2d00000, 0x00000000e2e00000|  0%| F|  |TAMS 0x00000000e2d00000, 0x00000000e2d00000| Untracked 
|  46|0x00000000e2e00000, 0x00000000e2e00000, 0x00000000e2f00000|  0%| F|  |TAMS 0x00000000e2e00000, 0x00000000e2e00000| Untracked 
|  47|0x00000000e2f00000, 0x00000000e2f00000, 0x00000000e3000000|  0%| F|  |TAMS 0x00000000e2f00000, 0x00000000e2f00000| Untracked 
|  48|0x00000000e3000000, 0x00000000e3000000, 0x00000000e3100000|  0%| F|  |TAMS 0x00000000e3000000, 0x00000000e3000000| Untracked 
|  49|0x00000000e3100000, 0x00000000e3100000, 0x00000000e3200000|  0%| F|  |TAMS 0x00000000e3100000, 0x00000000e3100000| Untracked 
|  50|0x00000000e3200000, 0x00000000e3200000, 0x00000000e3300000|  0%| F|  |TAMS 0x00000000e3200000, 0x00000000e3200000| Untracked 
|  51|0x00000000e3300000, 0x00000000e3300000, 0x00000000e3400000|  0%| F|  |TAMS 0x00000000e3300000, 0x00000000e3300000| Untracked 
|  52|0x00000000e3400000, 0x00000000e3400000, 0x00000000e3500000|  0%| F|  |TAMS 0x00000000e3400000, 0x00000000e3400000| Untracked 
|  53|0x00000000e3500000, 0x00000000e3500000, 0x00000000e3600000|  0%| F|  |TAMS 0x00000000e3500000, 0x00000000e3500000| Untracked 
|  54|0x00000000e3600000, 0x00000000e3600000, 0x00000000e3700000|  0%| F|  |TAMS 0x00000000e3600000, 0x00000000e3600000| Untracked 
|  55|0x00000000e3700000, 0x00000000e3700000, 0x00000000e3800000|  0%| F|  |TAMS 0x00000000e3700000, 0x00000000e3700000| Untracked 
|  56|0x00000000e3800000, 0x00000000e3800000, 0x00000000e3900000|  0%| F|  |TAMS 0x00000000e3800000, 0x00000000e3800000| Untracked 
|  57|0x00000000e3900000, 0x00000000e3900000, 0x00000000e3a00000|  0%| F|  |TAMS 0x00000000e3900000, 0x00000000e3900000| Untracked 
|  58|0x00000000e3a00000, 0x00000000e3a00000, 0x00000000e3b00000|  0%| F|  |TAMS 0x00000000e3a00000, 0x00000000e3a00000| Untracked 
|  59|0x00000000e3b00000, 0x00000000e3b00000, 0x00000000e3c00000|  0%| F|  |TAMS 0x00000000e3b00000, 0x00000000e3b00000| Untracked 
|  60|0x00000000e3c00000, 0x00000000e3c00000, 0x00000000e3d00000|  0%| F|  |TAMS 0x00000000e3c00000, 0x00000000e3c00000| Untracked 
|  61|0x00000000e3d00000, 0x00000000e3d00000, 0x00000000e3e00000|  0%| F|  |TAMS 0x00000000e3d00000, 0x00000000e3d00000| Untracked 
|  62|0x00000000e3e00000, 0x00000000e3e00000, 0x00000000e3f00000|  0%| F|  |TAMS 0x00000000e3e00000, 0x00000000e3e00000| Untracked 
|  63|0x00000000e3f00000, 0x00000000e3f00000, 0x00000000e4000000|  0%| F|  |TAMS 0x00000000e3f00000, 0x00000000e3f00000| Untracked 
|  64|0x00000000e4000000, 0x00000000e4000000, 0x00000000e4100000|  0%| F|  |TAMS 0x00000000e4000000, 0x00000000e4000000| Untracked 
|  65|0x00000000e4100000, 0x00000000e4100000, 0x00000000e4200000|  0%| F|  |TAMS 0x00000000e4100000, 0x00000000e4100000| Untracked 
|  66|0x00000000e4200000, 0x00000000e4200000, 0x00000000e4300000|  0%| F|  |TAMS 0x00000000e4200000, 0x00000000e4200000| Untracked 
|  67|0x00000000e4300000, 0x00000000e4300000, 0x00000000e4400000|  0%| F|  |TAMS 0x00000000e4300000, 0x00000000e4300000| Untracked 
|  68|0x00000000e4400000, 0x00000000e4400000, 0x00000000e4500000|  0%| F|  |TAMS 0x00000000e4400000, 0x00000000e4400000| Untracked 
|  69|0x00000000e4500000, 0x00000000e4500000, 0x00000000e4600000|  0%| F|  |TAMS 0x00000000e4500000, 0x00000000e4500000| Untracked 
|  70|0x00000000e4600000, 0x00000000e4600000, 0x00000000e4700000|  0%| F|  |TAMS 0x00000000e4600000, 0x00000000e4600000| Untracked 
|  71|0x00000000e4700000, 0x00000000e4700000, 0x00000000e4800000|  0%| F|  |TAMS 0x00000000e4700000, 0x00000000e4700000| Untracked 
|  72|0x00000000e4800000, 0x00000000e4800000, 0x00000000e4900000|  0%| F|  |TAMS 0x00000000e4800000, 0x00000000e4800000| Untracked 
|  73|0x00000000e4900000, 0x00000000e4900000, 0x00000000e4a00000|  0%| F|  |TAMS 0x00000000e4900000, 0x00000000e4900000| Untracked 
|  74|0x00000000e4a00000, 0x00000000e4a00000, 0x00000000e4b00000|  0%| F|  |TAMS 0x00000000e4a00000, 0x00000000e4a00000| Untracked 
|  75|0x00000000e4b00000, 0x00000000e4b00000, 0x00000000e4c00000|  0%| F|  |TAMS 0x00000000e4b00000, 0x00000000e4b00000| Untracked 
|  76|0x00000000e4c00000, 0x00000000e4c00000, 0x00000000e4d00000|  0%| F|  |TAMS 0x00000000e4c00000, 0x00000000e4c00000| Untracked 
|  77|0x00000000e4d00000, 0x00000000e4d00000, 0x00000000e4e00000|  0%| F|  |TAMS 0x00000000e4d00000, 0x00000000e4d00000| Untracked 
|  78|0x00000000e4e00000, 0x00000000e4e00000, 0x00000000e4f00000|  0%| F|  |TAMS 0x00000000e4e00000, 0x00000000e4e00000| Untracked 
|  79|0x00000000e4f00000, 0x00000000e4f00000, 0x00000000e5000000|  0%| F|  |TAMS 0x00000000e4f00000, 0x00000000e4f00000| Untracked 
|  80|0x00000000e5000000, 0x00000000e5000000, 0x00000000e5100000|  0%| F|  |TAMS 0x00000000e5000000, 0x00000000e5000000| Untracked 
|  81|0x00000000e5100000, 0x00000000e5100000, 0x00000000e5200000|  0%| F|  |TAMS 0x00000000e5100000, 0x00000000e5100000| Untracked 
|  82|0x00000000e5200000, 0x00000000e5200000, 0x00000000e5300000|  0%| F|  |TAMS 0x00000000e5200000, 0x00000000e5200000| Untracked 
|  83|0x00000000e5300000, 0x00000000e5300000, 0x00000000e5400000|  0%| F|  |TAMS 0x00000000e5300000, 0x00000000e5300000| Untracked 
|  84|0x00000000e5400000, 0x00000000e5400000, 0x00000000e5500000|  0%| F|  |TAMS 0x00000000e5400000, 0x00000000e5400000| Untracked 
|  85|0x00000000e5500000, 0x00000000e5500000, 0x00000000e5600000|  0%| F|  |TAMS 0x00000000e5500000, 0x00000000e5500000| Untracked 
|  86|0x00000000e5600000, 0x00000000e5600000, 0x00000000e5700000|  0%| F|  |TAMS 0x00000000e5600000, 0x00000000e5600000| Untracked 
|  87|0x00000000e5700000, 0x00000000e5700000, 0x00000000e5800000|  0%| F|  |TAMS 0x00000000e5700000, 0x00000000e5700000| Untracked 
|  88|0x00000000e5800000, 0x00000000e5800000, 0x00000000e5900000|  0%| F|  |TAMS 0x00000000e5800000, 0x00000000e5800000| Untracked 
|  89|0x00000000e5900000, 0x00000000e5900000, 0x00000000e5a00000|  0%| F|  |TAMS 0x00000000e5900000, 0x00000000e5900000| Untracked 
|  90|0x00000000e5a00000, 0x00000000e5a00000, 0x00000000e5b00000|  0%| F|  |TAMS 0x00000000e5a00000, 0x00000000e5a00000| Untracked 
|  91|0x00000000e5b00000, 0x00000000e5b00000, 0x00000000e5c00000|  0%| F|  |TAMS 0x00000000e5b00000, 0x00000000e5b00000| Untracked 
|  92|0x00000000e5c00000, 0x00000000e5c00000, 0x00000000e5d00000|  0%| F|  |TAMS 0x00000000e5c00000, 0x00000000e5c00000| Untracked 
|  93|0x00000000e5d00000, 0x00000000e5d00000, 0x00000000e5e00000|  0%| F|  |TAMS 0x00000000e5d00000, 0x00000000e5d00000| Untracked 
|  94|0x00000000e5e00000, 0x00000000e5e00000, 0x00000000e5f00000|  0%| F|  |TAMS 0x00000000e5e00000, 0x00000000e5e00000| Untracked 
|  95|0x00000000e5f00000, 0x00000000e5f00000, 0x00000000e6000000|  0%| F|  |TAMS 0x00000000e5f00000, 0x00000000e5f00000| Untracked 
|  96|0x00000000e6000000, 0x00000000e6000000, 0x00000000e6100000|  0%| F|  |TAMS 0x00000000e6000000, 0x00000000e6000000| Untracked 
|  97|0x00000000e6100000, 0x00000000e6100000, 0x00000000e6200000|  0%| F|  |TAMS 0x00000000e6100000, 0x00000000e6100000| Untracked 
|  98|0x00000000e6200000, 0x00000000e6200000, 0x00000000e6300000|  0%| F|  |TAMS 0x00000000e6200000, 0x00000000e6200000| Untracked 
|  99|0x00000000e6300000, 0x00000000e6300000, 0x00000000e6400000|  0%| F|  |TAMS 0x00000000e6300000, 0x00000000e6300000| Untracked 
| 100|0x00000000e6400000, 0x00000000e6400000, 0x00000000e6500000|  0%| F|  |TAMS 0x00000000e6400000, 0x00000000e6400000| Untracked 
| 101|0x00000000e6500000, 0x00000000e6500000, 0x00000000e6600000|  0%| F|  |TAMS 0x00000000e6500000, 0x00000000e6500000| Untracked 
| 102|0x00000000e6600000, 0x00000000e6600000, 0x00000000e6700000|  0%| F|  |TAMS 0x00000000e6600000, 0x00000000e6600000| Untracked 
| 103|0x00000000e6700000, 0x00000000e6700000, 0x00000000e6800000|  0%| F|  |TAMS 0x00000000e6700000, 0x00000000e6700000| Untracked 
| 104|0x00000000e6800000, 0x00000000e6800000, 0x00000000e6900000|  0%| F|  |TAMS 0x00000000e6800000, 0x00000000e6800000| Untracked 
| 105|0x00000000e6900000, 0x00000000e6900000, 0x00000000e6a00000|  0%| F|  |TAMS 0x00000000e6900000, 0x00000000e6900000| Untracked 
| 106|0x00000000e6a00000, 0x00000000e6a00000, 0x00000000e6b00000|  0%| F|  |TAMS 0x00000000e6a00000, 0x00000000e6a00000| Untracked 
| 107|0x00000000e6b00000, 0x00000000e6b00000, 0x00000000e6c00000|  0%| F|  |TAMS 0x00000000e6b00000, 0x00000000e6b00000| Untracked 
| 108|0x00000000e6c00000, 0x00000000e6c00000, 0x00000000e6d00000|  0%| F|  |TAMS 0x00000000e6c00000, 0x00000000e6c00000| Untracked 
| 109|0x00000000e6d00000, 0x00000000e6d00000, 0x00000000e6e00000|  0%| F|  |TAMS 0x00000000e6d00000, 0x00000000e6d00000| Untracked 
| 110|0x00000000e6e00000, 0x00000000e6e00000, 0x00000000e6f00000|  0%| F|  |TAMS 0x00000000e6e00000, 0x00000000e6e00000| Untracked 
| 111|0x00000000e6f00000, 0x00000000e6f00000, 0x00000000e7000000|  0%| F|  |TAMS 0x00000000e6f00000, 0x00000000e6f00000| Untracked 
| 112|0x00000000e7000000, 0x00000000e7000000, 0x00000000e7100000|  0%| F|  |TAMS 0x00000000e7000000, 0x00000000e7000000| Untracked 
| 113|0x00000000e7100000, 0x00000000e7100000, 0x00000000e7200000|  0%| F|  |TAMS 0x00000000e7100000, 0x00000000e7100000| Untracked 
| 114|0x00000000e7200000, 0x00000000e7200000, 0x00000000e7300000|  0%| F|  |TAMS 0x00000000e7200000, 0x00000000e7200000| Untracked 
| 115|0x00000000e7300000, 0x00000000e7300000, 0x00000000e7400000|  0%| F|  |TAMS 0x00000000e7300000, 0x00000000e7300000| Untracked 
| 116|0x00000000e7400000, 0x00000000e7400000, 0x00000000e7500000|  0%| F|  |TAMS 0x00000000e7400000, 0x00000000e7400000| Untracked 
| 117|0x00000000e7500000, 0x00000000e7500000, 0x00000000e7600000|  0%| F|  |TAMS 0x00000000e7500000, 0x00000000e7500000| Untracked 
| 118|0x00000000e7600000, 0x00000000e7600000, 0x00000000e7700000|  0%| F|  |TAMS 0x00000000e7600000, 0x00000000e7600000| Untracked 
| 119|0x00000000e7700000, 0x00000000e7700000, 0x00000000e7800000|  0%| F|  |TAMS 0x00000000e7700000, 0x00000000e7700000| Untracked 
| 120|0x00000000e7800000, 0x00000000e7800000, 0x00000000e7900000|  0%| F|  |TAMS 0x00000000e7800000, 0x00000000e7800000| Untracked 
| 121|0x00000000e7900000, 0x00000000e7900000, 0x00000000e7a00000|  0%| F|  |TAMS 0x00000000e7900000, 0x00000000e7900000| Untracked 
| 122|0x00000000e7a00000, 0x00000000e7a00000, 0x00000000e7b00000|  0%| F|  |TAMS 0x00000000e7a00000, 0x00000000e7a00000| Untracked 
| 123|0x00000000e7b00000, 0x00000000e7b00000, 0x00000000e7c00000|  0%| F|  |TAMS 0x00000000e7b00000, 0x00000000e7b00000| Untracked 
| 124|0x00000000e7c00000, 0x00000000e7c00000, 0x00000000e7d00000|  0%| F|  |TAMS 0x00000000e7c00000, 0x00000000e7c00000| Untracked 
| 125|0x00000000e7d00000, 0x00000000e7d00000, 0x00000000e7e00000|  0%| F|  |TAMS 0x00000000e7d00000, 0x00000000e7d00000| Untracked 
| 126|0x00000000e7e00000, 0x00000000e7e00000, 0x00000000e7f00000|  0%| F|  |TAMS 0x00000000e7e00000, 0x00000000e7e00000| Untracked 
| 127|0x00000000e7f00000, 0x00000000e7f00000, 0x00000000e8000000|  0%| F|  |TAMS 0x00000000e7f00000, 0x00000000e7f00000| Untracked 
| 128|0x00000000e8000000, 0x00000000e8000000, 0x00000000e8100000|  0%| F|  |TAMS 0x00000000e8000000, 0x00000000e8000000| Untracked 
| 129|0x00000000e8100000, 0x00000000e8100000, 0x00000000e8200000|  0%| F|  |TAMS 0x00000000e8100000, 0x00000000e8100000| Untracked 
| 130|0x00000000e8200000, 0x00000000e8200000, 0x00000000e8300000|  0%| F|  |TAMS 0x00000000e8200000, 0x00000000e8200000| Untracked 
| 131|0x00000000e8300000, 0x00000000e8300000, 0x00000000e8400000|  0%| F|  |TAMS 0x00000000e8300000, 0x00000000e8300000| Untracked 
| 132|0x00000000e8400000, 0x00000000e8400000, 0x00000000e8500000|  0%| F|  |TAMS 0x00000000e8400000, 0x00000000e8400000| Untracked 
| 133|0x00000000e8500000, 0x00000000e8588d40, 0x00000000e8600000| 53%| S|CS|TAMS 0x00000000e8500000, 0x00000000e8500000| Complete 
| 134|0x00000000e8600000, 0x00000000e8700000, 0x00000000e8700000|100%| S|CS|TAMS 0x00000000e8600000, 0x00000000e8600000| Complete 
| 135|0x00000000e8700000, 0x00000000e8800000, 0x00000000e8800000|100%| S|CS|TAMS 0x00000000e8700000, 0x00000000e8700000| Complete 
| 136|0x00000000e8800000, 0x00000000e8900000, 0x00000000e8900000|100%| S|CS|TAMS 0x00000000e8800000, 0x00000000e8800000| Complete 
| 137|0x00000000e8900000, 0x00000000e8a00000, 0x00000000e8a00000|100%| S|CS|TAMS 0x00000000e8900000, 0x00000000e8900000| Complete 
| 138|0x00000000e8a00000, 0x00000000e8b00000, 0x00000000e8b00000|100%| S|CS|TAMS 0x00000000e8a00000, 0x00000000e8a00000| Complete 
| 139|0x00000000e8b00000, 0x00000000e8c00000, 0x00000000e8c00000|100%| S|CS|TAMS 0x00000000e8b00000, 0x00000000e8b00000| Complete 
| 140|0x00000000e8c00000, 0x00000000e8d00000, 0x00000000e8d00000|100%| S|CS|TAMS 0x00000000e8c00000, 0x00000000e8c00000| Complete 
| 141|0x00000000e8d00000, 0x00000000e8e00000, 0x00000000e8e00000|100%| S|CS|TAMS 0x00000000e8d00000, 0x00000000e8d00000| Complete 
| 142|0x00000000e8e00000, 0x00000000e8f00000, 0x00000000e8f00000|100%| S|CS|TAMS 0x00000000e8e00000, 0x00000000e8e00000| Complete 
| 143|0x00000000e8f00000, 0x00000000e9000000, 0x00000000e9000000|100%| S|CS|TAMS 0x00000000e8f00000, 0x00000000e8f00000| Complete 
| 144|0x00000000e9000000, 0x00000000e9100000, 0x00000000e9100000|100%| S|CS|TAMS 0x00000000e9000000, 0x00000000e9000000| Complete 
| 145|0x00000000e9100000, 0x00000000e9100000, 0x00000000e9200000|  0%| F|  |TAMS 0x00000000e9100000, 0x00000000e9100000| Untracked 
| 146|0x00000000e9200000, 0x00000000e9200000, 0x00000000e9300000|  0%| F|  |TAMS 0x00000000e9200000, 0x00000000e9200000| Untracked 
| 147|0x00000000e9300000, 0x00000000e9300000, 0x00000000e9400000|  0%| F|  |TAMS 0x00000000e9300000, 0x00000000e9300000| Untracked 
| 148|0x00000000e9400000, 0x00000000e9400000, 0x00000000e9500000|  0%| F|  |TAMS 0x00000000e9400000, 0x00000000e9400000| Untracked 
| 149|0x00000000e9500000, 0x00000000e9600000, 0x00000000e9600000|100%| E|  |TAMS 0x00000000e9500000, 0x00000000e9500000| Complete 
| 150|0x00000000e9600000, 0x00000000e9700000, 0x00000000e9700000|100%| E|CS|TAMS 0x00000000e9600000, 0x00000000e9600000| Complete 
| 151|0x00000000e9700000, 0x00000000e9800000, 0x00000000e9800000|100%| E|CS|TAMS 0x00000000e9700000, 0x00000000e9700000| Complete 
| 152|0x00000000e9800000, 0x00000000e9900000, 0x00000000e9900000|100%| E|CS|TAMS 0x00000000e9800000, 0x00000000e9800000| Complete 
| 153|0x00000000e9900000, 0x00000000e9a00000, 0x00000000e9a00000|100%| E|CS|TAMS 0x00000000e9900000, 0x00000000e9900000| Complete 
| 154|0x00000000e9a00000, 0x00000000e9b00000, 0x00000000e9b00000|100%| E|CS|TAMS 0x00000000e9a00000, 0x00000000e9a00000| Complete 
| 155|0x00000000e9b00000, 0x00000000e9c00000, 0x00000000e9c00000|100%| E|CS|TAMS 0x00000000e9b00000, 0x00000000e9b00000| Complete 
| 156|0x00000000e9c00000, 0x00000000e9d00000, 0x00000000e9d00000|100%| E|CS|TAMS 0x00000000e9c00000, 0x00000000e9c00000| Complete 
| 157|0x00000000e9d00000, 0x00000000e9e00000, 0x00000000e9e00000|100%| E|CS|TAMS 0x00000000e9d00000, 0x00000000e9d00000| Complete 
| 158|0x00000000e9e00000, 0x00000000e9f00000, 0x00000000e9f00000|100%| E|CS|TAMS 0x00000000e9e00000, 0x00000000e9e00000| Complete 
| 159|0x00000000e9f00000, 0x00000000ea000000, 0x00000000ea000000|100%| E|CS|TAMS 0x00000000e9f00000, 0x00000000e9f00000| Complete 
| 160|0x00000000ea000000, 0x00000000ea100000, 0x00000000ea100000|100%| E|CS|TAMS 0x00000000ea000000, 0x00000000ea000000| Complete 
| 161|0x00000000ea100000, 0x00000000ea200000, 0x00000000ea200000|100%| E|CS|TAMS 0x00000000ea100000, 0x00000000ea100000| Complete 
| 162|0x00000000ea200000, 0x00000000ea300000, 0x00000000ea300000|100%| E|CS|TAMS 0x00000000ea200000, 0x00000000ea200000| Complete 
| 163|0x00000000ea300000, 0x00000000ea400000, 0x00000000ea400000|100%| E|CS|TAMS 0x00000000ea300000, 0x00000000ea300000| Complete 
| 164|0x00000000ea400000, 0x00000000ea500000, 0x00000000ea500000|100%| E|CS|TAMS 0x00000000ea400000, 0x00000000ea400000| Complete 
| 165|0x00000000ea500000, 0x00000000ea600000, 0x00000000ea600000|100%| E|CS|TAMS 0x00000000ea500000, 0x00000000ea500000| Complete 
| 166|0x00000000ea600000, 0x00000000ea700000, 0x00000000ea700000|100%| E|CS|TAMS 0x00000000ea600000, 0x00000000ea600000| Complete 
| 167|0x00000000ea700000, 0x00000000ea800000, 0x00000000ea800000|100%| E|CS|TAMS 0x00000000ea700000, 0x00000000ea700000| Complete 
| 168|0x00000000ea800000, 0x00000000ea900000, 0x00000000ea900000|100%| E|CS|TAMS 0x00000000ea800000, 0x00000000ea800000| Complete 
| 169|0x00000000ea900000, 0x00000000eaa00000, 0x00000000eaa00000|100%| E|CS|TAMS 0x00000000ea900000, 0x00000000ea900000| Complete 
| 170|0x00000000eaa00000, 0x00000000eab00000, 0x00000000eab00000|100%| E|  |TAMS 0x00000000eaa00000, 0x00000000eaa00000| Complete 
| 171|0x00000000eab00000, 0x00000000eac00000, 0x00000000eac00000|100%| E|CS|TAMS 0x00000000eab00000, 0x00000000eab00000| Complete 
| 172|0x00000000eac00000, 0x00000000ead00000, 0x00000000ead00000|100%| E|CS|TAMS 0x00000000eac00000, 0x00000000eac00000| Complete 
| 173|0x00000000ead00000, 0x00000000eae00000, 0x00000000eae00000|100%| E|CS|TAMS 0x00000000ead00000, 0x00000000ead00000| Complete 
| 174|0x00000000eae00000, 0x00000000eaf00000, 0x00000000eaf00000|100%| E|CS|TAMS 0x00000000eae00000, 0x00000000eae00000| Complete 
| 175|0x00000000eaf00000, 0x00000000eb000000, 0x00000000eb000000|100%| E|CS|TAMS 0x00000000eaf00000, 0x00000000eaf00000| Complete 
| 176|0x00000000eb000000, 0x00000000eb100000, 0x00000000eb100000|100%| E|CS|TAMS 0x00000000eb000000, 0x00000000eb000000| Complete 
| 177|0x00000000eb100000, 0x00000000eb200000, 0x00000000eb200000|100%| E|CS|TAMS 0x00000000eb100000, 0x00000000eb100000| Complete 
| 178|0x00000000eb200000, 0x00000000eb300000, 0x00000000eb300000|100%| E|CS|TAMS 0x00000000eb200000, 0x00000000eb200000| Complete 
| 179|0x00000000eb300000, 0x00000000eb400000, 0x00000000eb400000|100%| E|CS|TAMS 0x00000000eb300000, 0x00000000eb300000| Complete 
| 180|0x00000000eb400000, 0x00000000eb500000, 0x00000000eb500000|100%| E|CS|TAMS 0x00000000eb400000, 0x00000000eb400000| Complete 
| 181|0x00000000eb500000, 0x00000000eb600000, 0x00000000eb600000|100%| E|CS|TAMS 0x00000000eb500000, 0x00000000eb500000| Complete 
| 182|0x00000000eb600000, 0x00000000eb700000, 0x00000000eb700000|100%| E|CS|TAMS 0x00000000eb600000, 0x00000000eb600000| Complete 
| 183|0x00000000eb700000, 0x00000000eb800000, 0x00000000eb800000|100%| E|CS|TAMS 0x00000000eb700000, 0x00000000eb700000| Complete 
| 184|0x00000000eb800000, 0x00000000eb900000, 0x00000000eb900000|100%| E|CS|TAMS 0x00000000eb800000, 0x00000000eb800000| Complete 
| 185|0x00000000eb900000, 0x00000000eba00000, 0x00000000eba00000|100%| E|CS|TAMS 0x00000000eb900000, 0x00000000eb900000| Complete 
| 186|0x00000000eba00000, 0x00000000ebb00000, 0x00000000ebb00000|100%| E|CS|TAMS 0x00000000eba00000, 0x00000000eba00000| Complete 
| 187|0x00000000ebb00000, 0x00000000ebc00000, 0x00000000ebc00000|100%| E|CS|TAMS 0x00000000ebb00000, 0x00000000ebb00000| Complete 
| 188|0x00000000ebc00000, 0x00000000ebd00000, 0x00000000ebd00000|100%| E|CS|TAMS 0x00000000ebc00000, 0x00000000ebc00000| Complete 
| 189|0x00000000ebd00000, 0x00000000ebe00000, 0x00000000ebe00000|100%| E|CS|TAMS 0x00000000ebd00000, 0x00000000ebd00000| Complete 
| 190|0x00000000ebe00000, 0x00000000ebf00000, 0x00000000ebf00000|100%| E|CS|TAMS 0x00000000ebe00000, 0x00000000ebe00000| Complete 
| 191|0x00000000ebf00000, 0x00000000ec000000, 0x00000000ec000000|100%| E|CS|TAMS 0x00000000ebf00000, 0x00000000ebf00000| Complete 
| 192|0x00000000ec000000, 0x00000000ec100000, 0x00000000ec100000|100%| E|CS|TAMS 0x00000000ec000000, 0x00000000ec000000| Complete 
| 193|0x00000000ec100000, 0x00000000ec200000, 0x00000000ec200000|100%| E|CS|TAMS 0x00000000ec100000, 0x00000000ec100000| Complete 
| 194|0x00000000ec200000, 0x00000000ec300000, 0x00000000ec300000|100%| E|CS|TAMS 0x00000000ec200000, 0x00000000ec200000| Complete 
| 195|0x00000000ec300000, 0x00000000ec400000, 0x00000000ec400000|100%| E|CS|TAMS 0x00000000ec300000, 0x00000000ec300000| Complete 
| 196|0x00000000ec400000, 0x00000000ec500000, 0x00000000ec500000|100%| E|CS|TAMS 0x00000000ec400000, 0x00000000ec400000| Complete 
| 197|0x00000000ec500000, 0x00000000ec600000, 0x00000000ec600000|100%| E|CS|TAMS 0x00000000ec500000, 0x00000000ec500000| Complete 
| 198|0x00000000ec600000, 0x00000000ec700000, 0x00000000ec700000|100%| E|CS|TAMS 0x00000000ec600000, 0x00000000ec600000| Complete 
| 199|0x00000000ec700000, 0x00000000ec800000, 0x00000000ec800000|100%| E|CS|TAMS 0x00000000ec700000, 0x00000000ec700000| Complete 
| 200|0x00000000ec800000, 0x00000000ec900000, 0x00000000ec900000|100%| E|CS|TAMS 0x00000000ec800000, 0x00000000ec800000| Complete 
| 201|0x00000000ec900000, 0x00000000eca00000, 0x00000000eca00000|100%| E|CS|TAMS 0x00000000ec900000, 0x00000000ec900000| Complete 
| 202|0x00000000eca00000, 0x00000000ecb00000, 0x00000000ecb00000|100%| E|CS|TAMS 0x00000000eca00000, 0x00000000eca00000| Complete 
| 203|0x00000000ecb00000, 0x00000000ecc00000, 0x00000000ecc00000|100%| E|CS|TAMS 0x00000000ecb00000, 0x00000000ecb00000| Complete 
| 204|0x00000000ecc00000, 0x00000000ecd00000, 0x00000000ecd00000|100%| E|CS|TAMS 0x00000000ecc00000, 0x00000000ecc00000| Complete 
| 205|0x00000000ecd00000, 0x00000000ece00000, 0x00000000ece00000|100%| E|CS|TAMS 0x00000000ecd00000, 0x00000000ecd00000| Complete 
| 206|0x00000000ece00000, 0x00000000ecf00000, 0x00000000ecf00000|100%| E|CS|TAMS 0x00000000ece00000, 0x00000000ece00000| Complete 
| 207|0x00000000ecf00000, 0x00000000ed000000, 0x00000000ed000000|100%| E|CS|TAMS 0x00000000ecf00000, 0x00000000ecf00000| Complete 
| 208|0x00000000ed000000, 0x00000000ed100000, 0x00000000ed100000|100%| E|CS|TAMS 0x00000000ed000000, 0x00000000ed000000| Complete 
| 209|0x00000000ed100000, 0x00000000ed200000, 0x00000000ed200000|100%| E|CS|TAMS 0x00000000ed100000, 0x00000000ed100000| Complete 
| 210|0x00000000ed200000, 0x00000000ed300000, 0x00000000ed300000|100%| E|CS|TAMS 0x00000000ed200000, 0x00000000ed200000| Complete 
| 211|0x00000000ed300000, 0x00000000ed400000, 0x00000000ed400000|100%| E|CS|TAMS 0x00000000ed300000, 0x00000000ed300000| Complete 
| 212|0x00000000ed400000, 0x00000000ed500000, 0x00000000ed500000|100%| E|CS|TAMS 0x00000000ed400000, 0x00000000ed400000| Complete 
| 213|0x00000000ed500000, 0x00000000ed600000, 0x00000000ed600000|100%| E|CS|TAMS 0x00000000ed500000, 0x00000000ed500000| Complete 
| 214|0x00000000ed600000, 0x00000000ed700000, 0x00000000ed700000|100%| E|CS|TAMS 0x00000000ed600000, 0x00000000ed600000| Complete 
| 215|0x00000000ed700000, 0x00000000ed800000, 0x00000000ed800000|100%| E|CS|TAMS 0x00000000ed700000, 0x00000000ed700000| Complete 
| 216|0x00000000ed800000, 0x00000000ed900000, 0x00000000ed900000|100%| E|CS|TAMS 0x00000000ed800000, 0x00000000ed800000| Complete 
| 217|0x00000000ed900000, 0x00000000eda00000, 0x00000000eda00000|100%| E|CS|TAMS 0x00000000ed900000, 0x00000000ed900000| Complete 
| 218|0x00000000eda00000, 0x00000000edb00000, 0x00000000edb00000|100%| E|CS|TAMS 0x00000000eda00000, 0x00000000eda00000| Complete 
| 219|0x00000000edb00000, 0x00000000edc00000, 0x00000000edc00000|100%| E|CS|TAMS 0x00000000edb00000, 0x00000000edb00000| Complete 
| 220|0x00000000edc00000, 0x00000000edd00000, 0x00000000edd00000|100%| E|CS|TAMS 0x00000000edc00000, 0x00000000edc00000| Complete 
| 221|0x00000000edd00000, 0x00000000ede00000, 0x00000000ede00000|100%| E|CS|TAMS 0x00000000edd00000, 0x00000000edd00000| Complete 
| 222|0x00000000ede00000, 0x00000000edf00000, 0x00000000edf00000|100%| E|CS|TAMS 0x00000000ede00000, 0x00000000ede00000| Complete 
| 223|0x00000000edf00000, 0x00000000ee000000, 0x00000000ee000000|100%| E|CS|TAMS 0x00000000edf00000, 0x00000000edf00000| Complete 
| 224|0x00000000ee000000, 0x00000000ee100000, 0x00000000ee100000|100%| E|CS|TAMS 0x00000000ee000000, 0x00000000ee000000| Complete 
| 225|0x00000000ee100000, 0x00000000ee200000, 0x00000000ee200000|100%| E|CS|TAMS 0x00000000ee100000, 0x00000000ee100000| Complete 
| 226|0x00000000ee200000, 0x00000000ee300000, 0x00000000ee300000|100%| E|CS|TAMS 0x00000000ee200000, 0x00000000ee200000| Complete 
| 227|0x00000000ee300000, 0x00000000ee400000, 0x00000000ee400000|100%| E|CS|TAMS 0x00000000ee300000, 0x00000000ee300000| Complete 
| 228|0x00000000ee400000, 0x00000000ee500000, 0x00000000ee500000|100%| E|CS|TAMS 0x00000000ee400000, 0x00000000ee400000| Complete 
| 229|0x00000000ee500000, 0x00000000ee600000, 0x00000000ee600000|100%| E|CS|TAMS 0x00000000ee500000, 0x00000000ee500000| Complete 
| 230|0x00000000ee600000, 0x00000000ee700000, 0x00000000ee700000|100%| E|CS|TAMS 0x00000000ee600000, 0x00000000ee600000| Complete 
| 231|0x00000000ee700000, 0x00000000ee800000, 0x00000000ee800000|100%| E|CS|TAMS 0x00000000ee700000, 0x00000000ee700000| Complete 
| 232|0x00000000ee800000, 0x00000000ee900000, 0x00000000ee900000|100%| E|CS|TAMS 0x00000000ee800000, 0x00000000ee800000| Complete 
| 233|0x00000000ee900000, 0x00000000eea00000, 0x00000000eea00000|100%| E|CS|TAMS 0x00000000ee900000, 0x00000000ee900000| Complete 
| 234|0x00000000eea00000, 0x00000000eeb00000, 0x00000000eeb00000|100%| E|CS|TAMS 0x00000000eea00000, 0x00000000eea00000| Complete 
| 235|0x00000000eeb00000, 0x00000000eec00000, 0x00000000eec00000|100%| E|CS|TAMS 0x00000000eeb00000, 0x00000000eeb00000| Complete 
| 236|0x00000000eec00000, 0x00000000eed00000, 0x00000000eed00000|100%| E|CS|TAMS 0x00000000eec00000, 0x00000000eec00000| Complete 
| 237|0x00000000eed00000, 0x00000000eee00000, 0x00000000eee00000|100%| E|CS|TAMS 0x00000000eed00000, 0x00000000eed00000| Complete 
| 238|0x00000000eee00000, 0x00000000eef00000, 0x00000000eef00000|100%| E|CS|TAMS 0x00000000eee00000, 0x00000000eee00000| Complete 
| 239|0x00000000eef00000, 0x00000000ef000000, 0x00000000ef000000|100%| E|CS|TAMS 0x00000000eef00000, 0x00000000eef00000| Complete 
| 240|0x00000000ef000000, 0x00000000ef100000, 0x00000000ef100000|100%| E|CS|TAMS 0x00000000ef000000, 0x00000000ef000000| Complete 
| 241|0x00000000ef100000, 0x00000000ef200000, 0x00000000ef200000|100%| E|CS|TAMS 0x00000000ef100000, 0x00000000ef100000| Complete 
| 242|0x00000000ef200000, 0x00000000ef300000, 0x00000000ef300000|100%| E|CS|TAMS 0x00000000ef200000, 0x00000000ef200000| Complete 
| 243|0x00000000ef300000, 0x00000000ef400000, 0x00000000ef400000|100%| E|CS|TAMS 0x00000000ef300000, 0x00000000ef300000| Complete 
| 244|0x00000000ef400000, 0x00000000ef500000, 0x00000000ef500000|100%| E|CS|TAMS 0x00000000ef400000, 0x00000000ef400000| Complete 
| 245|0x00000000ef500000, 0x00000000ef600000, 0x00000000ef600000|100%| E|CS|TAMS 0x00000000ef500000, 0x00000000ef500000| Complete 
| 246|0x00000000ef600000, 0x00000000ef700000, 0x00000000ef700000|100%| E|CS|TAMS 0x00000000ef600000, 0x00000000ef600000| Complete 
| 247|0x00000000ef700000, 0x00000000ef800000, 0x00000000ef800000|100%| E|CS|TAMS 0x00000000ef700000, 0x00000000ef700000| Complete 
| 248|0x00000000ef800000, 0x00000000ef900000, 0x00000000ef900000|100%| E|CS|TAMS 0x00000000ef800000, 0x00000000ef800000| Complete 
| 249|0x00000000ef900000, 0x00000000efa00000, 0x00000000efa00000|100%| E|CS|TAMS 0x00000000ef900000, 0x00000000ef900000| Complete 
| 250|0x00000000efa00000, 0x00000000efb00000, 0x00000000efb00000|100%| E|CS|TAMS 0x00000000efa00000, 0x00000000efa00000| Complete 
| 251|0x00000000efb00000, 0x00000000efc00000, 0x00000000efc00000|100%| E|CS|TAMS 0x00000000efb00000, 0x00000000efb00000| Complete 
| 252|0x00000000efc00000, 0x00000000efd00000, 0x00000000efd00000|100%| E|CS|TAMS 0x00000000efc00000, 0x00000000efc00000| Complete 
| 253|0x00000000efd00000, 0x00000000efe00000, 0x00000000efe00000|100%| E|CS|TAMS 0x00000000efd00000, 0x00000000efd00000| Complete 
| 254|0x00000000efe00000, 0x00000000eff00000, 0x00000000eff00000|100%| E|CS|TAMS 0x00000000efe00000, 0x00000000efe00000| Complete 
| 255|0x00000000eff00000, 0x00000000f0000000, 0x00000000f0000000|100%| E|CS|TAMS 0x00000000eff00000, 0x00000000eff00000| Complete 

Card table byte_map: [0x0000027f728e0000,0x0000027f729e0000] _byte_map_base: 0x0000027f721e0000

Marking Bits (Prev, Next): (CMBitMap*) 0x0000027f6a95f920, (CMBitMap*) 0x0000027f6a95f8e0
 Prev Bits: [0x0000027f732e0000, 0x0000027f73ae0000)
 Next Bits: [0x0000027f72ae0000, 0x0000027f732e0000)

Polling page: 0x0000027f68730000

Metaspace:

Usage:
  Non-class:     29.12 MB used.
      Class:      4.70 MB used.
       Both:     33.81 MB used.

Virtual space:
  Non-class space:       64.00 MB reserved,      29.31 MB ( 46%) committed,  1 nodes.
      Class space:      320.00 MB reserved,       4.88 MB (  2%) committed,  1 nodes.
             Both:      384.00 MB reserved,      34.19 MB (  9%) committed. 

Chunk freelists:
   Non-Class:  2.12 MB
       Class:  11.16 MB
        Both:  13.28 MB

MaxMetaspaceSize: 384.00 MB
CompressedClassSpaceSize: 320.00 MB
Initial GC threshold: 21.00 MB
Current GC threshold: 35.44 MB
CDS: on
MetaspaceReclaimPolicy: balanced
 - commit_granule_bytes: 65536.
 - commit_granule_words: 8192.
 - virtual_space_node_default_size: 8388608.
 - enlarge_chunks_in_place: 1.
 - new_chunks_are_fully_committed: 0.
 - uncommit_free_chunks: 1.
 - use_allocation_guard: 0.
 - handle_deallocations: 1.


Internal statistics:

num_allocs_failed_limit: 3.
num_arena_births: 426.
num_arena_deaths: 0.
num_vsnodes_births: 2.
num_vsnodes_deaths: 0.
num_space_committed: 547.
num_space_uncommitted: 0.
num_chunks_returned_to_freelist: 3.
num_chunks_taken_from_freelist: 1701.
num_chunk_merges: 3.
num_chunk_splits: 1122.
num_chunks_enlarged: 799.
num_inconsistent_stats: 0.

CodeHeap 'non-profiled nmethods': size=120000Kb used=2705Kb max_used=2705Kb free=117294Kb
 bounds [0x0000027f07ad0000, 0x0000027f07d80000, 0x0000027f0f000000]
CodeHeap 'profiled nmethods': size=120000Kb used=8636Kb max_used=8636Kb free=111363Kb
 bounds [0x0000027f00000000, 0x0000027f00870000, 0x0000027f07530000]
CodeHeap 'non-nmethods': size=5760Kb used=2298Kb max_used=2339Kb free=3461Kb
 bounds [0x0000027f07530000, 0x0000027f077a0000, 0x0000027f07ad0000]
 total_blobs=4993 nmethods=4191 adapters=714
 compilation: enabled
              stopped_count=0, restarted_count=0
 full_count=0

Compilation events (20 events):
Event: 9.795 Thread 0x0000027f765409d0 nmethod 4170 0x0000027f0085fa10 code [0x0000027f0085fc80, 0x0000027f008609b8]
Event: 9.796 Thread 0x0000027f765409d0 4171       3       java.lang.reflect.ProxyGenerator::checkReturnTypes (281 bytes)
Event: 9.798 Thread 0x0000027f765409d0 nmethod 4171 0x0000027f00860d10 code [0x0000027f00861240, 0x0000027f00863978]
Event: 9.853 Thread 0x0000027f76539b60 nmethod 4076 0x0000027f07d65810 code [0x0000027f07d65ea0, 0x0000027f07d6d370]
Event: 9.854 Thread 0x0000027f76539b60 4141       4       java.util.regex.Matcher::find (69 bytes)
Event: 9.865 Thread 0x0000027f76539b60 nmethod 4141 0x0000027f07d71810 code [0x0000027f07d71a00, 0x0000027f07d72398]
Event: 9.866 Thread 0x0000027f76539b60 4160       4       java.util.stream.StreamOpFlag::fromCharacteristics (37 bytes)
Event: 9.866 Thread 0x0000027f76539b60 nmethod 4160 0x0000027f07d72a90 code [0x0000027f07d72c20, 0x0000027f07d72cd8]
Event: 9.866 Thread 0x0000027f76539b60 4147       4       org.objectweb.asm.Frame::execute (2303 bytes)
Event: 9.878 Thread 0x0000027f765409d0 4175       3       jdk.internal.org.objectweb.asm.Type::getType (10 bytes)
Event: 9.878 Thread 0x0000027f765409d0 nmethod 4175 0x0000027f00864690 code [0x0000027f00864840, 0x0000027f00864a68]
Event: 10.072 Thread 0x0000027f765409d0 4177       1       java.util.Spliterators$EmptySpliterator::characteristics (4 bytes)
Event: 10.072 Thread 0x0000027f765409d0 nmethod 4177 0x0000027f07d73390 code [0x0000027f07d73520, 0x0000027f07d735f8]
Event: 10.072 Thread 0x0000027f765409d0 4178       1       javax.management.ObjectName$Property::setKeyIndex (6 bytes)
Event: 10.072 Thread 0x0000027f765409d0 nmethod 4178 0x0000027f07d73690 code [0x0000027f07d73820, 0x0000027f07d738f8]
Event: 10.072 Thread 0x0000027f765409d0 4179       1       sun.management.MemoryPoolImpl::getName (5 bytes)
Event: 10.072 Thread 0x0000027f765409d0 nmethod 4179 0x0000027f07d73990 code [0x0000027f07d73b20, 0x0000027f07d73bf8]
Event: 10.087 Thread 0x0000027f765409d0 4180       3       java.util.concurrent.locks.AbstractQueuedSynchronizer$Node::setStatusRelaxed (12 bytes)
Event: 10.087 Thread 0x0000027f765409d0 nmethod 4180 0x0000027f00864b90 code [0x0000027f00864d20, 0x0000027f00864e38]
Event: 10.416 Thread 0x0000027f765409d0 4182       3       java.util.concurrent.locks.LockSupport::parkNanos (29 bytes)

GC Heap History (8 events):
Event: 0.636 GC heap before
{Heap before GC invocations=0 (full 0):
 garbage-first heap   total 262144K, used 23552K [0x00000000e0000000, 0x0000000100000000)
  region size 1024K, 23 young (23552K), 0 survivors (0K)
 Metaspace       used 1057K, committed 1216K, reserved 393216K
  class space    used 72K, committed 128K, reserved 327680K
}
Event: 0.653 GC heap after
{Heap after GC invocations=1 (full 0):
 garbage-first heap   total 262144K, used 2141K [0x00000000e0000000, 0x0000000100000000)
  region size 1024K, 3 young (3072K), 3 survivors (3072K)
 Metaspace       used 1057K, committed 1216K, reserved 393216K
  class space    used 72K, committed 128K, reserved 327680K
}
Event: 1.999 GC heap before
{Heap before GC invocations=1 (full 0):
 garbage-first heap   total 262144K, used 40029K [0x00000000e0000000, 0x0000000100000000)
  region size 1024K, 38 young (38912K), 3 survivors (3072K)
 Metaspace       used 4396K, committed 4544K, reserved 393216K
  class space    used 547K, committed 640K, reserved 327680K
}
Event: 2.004 GC heap after
{Heap after GC invocations=2 (full 0):
 garbage-first heap   total 262144K, used 11092K [0x00000000e0000000, 0x0000000100000000)
  region size 1024K, 5 young (5120K), 5 survivors (5120K)
 Metaspace       used 4396K, committed 4544K, reserved 393216K
  class space    used 547K, committed 640K, reserved 327680K
}
Event: 2.839 GC heap before
{Heap before GC invocations=2 (full 0):
 garbage-first heap   total 262144K, used 61268K [0x00000000e0000000, 0x0000000100000000)
  region size 1024K, 52 young (53248K), 5 survivors (5120K)
 Metaspace       used 5020K, committed 5248K, reserved 393216K
  class space    used 656K, committed 768K, reserved 327680K
}
Event: 2.844 GC heap after
{Heap after GC invocations=3 (full 0):
 garbage-first heap   total 262144K, used 16214K [0x00000000e0000000, 0x0000000100000000)
  region size 1024K, 5 young (5120K), 5 survivors (5120K)
 Metaspace       used 5020K, committed 5248K, reserved 393216K
  class space    used 656K, committed 768K, reserved 327680K
}
Event: 6.792 GC heap before
{Heap before GC invocations=3 (full 0):
 garbage-first heap   total 262144K, used 123734K [0x00000000e0000000, 0x0000000100000000)
  region size 1024K, 111 young (113664K), 5 survivors (5120K)
 Metaspace       used 21162K, committed 21504K, reserved 393216K
  class space    used 3070K, committed 3264K, reserved 327680K
}
Event: 6.821 GC heap after
{Heap after GC invocations=4 (full 0):
 garbage-first heap   total 262144K, used 23590K [0x00000000e0000000, 0x0000000100000000)
  region size 1024K, 12 young (12288K), 12 survivors (12288K)
 Metaspace       used 21162K, committed 21504K, reserved 393216K
  class space    used 3070K, committed 3264K, reserved 327680K
}

Dll operation events (15 events):
Event: 0.019 Loaded shared library C:\Users\duoc.nguyen1\.jdks\ms-17.0.20\bin\java.dll
Event: 0.059 Loaded shared library C:\Users\duoc.nguyen1\.jdks\ms-17.0.20\bin\jsvml.dll
Event: 0.117 Loaded shared library C:\Users\duoc.nguyen1\.jdks\ms-17.0.20\bin\zip.dll
Event: 0.120 Loaded shared library C:\Users\duoc.nguyen1\.jdks\ms-17.0.20\bin\instrument.dll
Event: 0.124 Loaded shared library C:\Users\duoc.nguyen1\.jdks\ms-17.0.20\bin\net.dll
Event: 0.126 Loaded shared library C:\Users\duoc.nguyen1\.jdks\ms-17.0.20\bin\nio.dll
Event: 0.129 Loaded shared library C:\Users\duoc.nguyen1\.jdks\ms-17.0.20\bin\zip.dll
Event: 0.551 Loaded shared library C:\Users\duoc.nguyen1\.jdks\ms-17.0.20\bin\jimage.dll
Event: 0.862 Loaded shared library C:\Users\duoc.nguyen1\.jdks\ms-17.0.20\bin\verify.dll
Event: 1.050 Loaded shared library C:\Users\duoc.nguyen1\.gradle\native\1def1411415f61bf3af743bc5b6707747c0891f09f0c88961ee8f79bc544acac\windows-amd64\native-platform.dll
Event: 1.063 Loaded shared library C:\Users\duoc.nguyen1\.gradle\native\0.2.7\x86_64-windows-gnu\gradle-fileevents.dll
Event: 3.006 Loaded shared library C:\Users\duoc.nguyen1\.jdks\ms-17.0.20\bin\management.dll
Event: 3.015 Loaded shared library C:\Users\duoc.nguyen1\.jdks\ms-17.0.20\bin\management_ext.dll
Event: 3.302 Loaded shared library C:\Users\duoc.nguyen1\.jdks\ms-17.0.20\bin\extnet.dll
Event: 3.733 Loaded shared library C:\Users\duoc.nguyen1\.jdks\ms-17.0.20\bin\sunmscapi.dll

Deoptimization events (20 events):
Event: 9.269 Thread 0x0000027f7c922d70 Uncommon trap: trap_request=0xffffffde fr.pc=0x0000027f07d02e54 relative=0x00000000000003f4
Event: 9.269 Thread 0x0000027f7c922d70 Uncommon trap: reason=class_check action=maybe_recompile pc=0x0000027f07d02e54 method=java.util.regex.Pattern$Start.match(Ljava/util/regex/Matcher;ILjava/lang/CharSequence;)Z @ 44 c2
Event: 9.269 Thread 0x0000027f7c922d70 DEOPT PACKING pc=0x0000027f07d02e54 sp=0x000000f9080f8df0
Event: 9.269 Thread 0x0000027f7c922d70 DEOPT UNPACKING pc=0x0000027f075869a3 sp=0x000000f9080f8cb8 mode 2
Event: 9.270 Thread 0x0000027f7c922d70 Uncommon trap: trap_request=0xffffffde fr.pc=0x0000027f07d02e54 relative=0x00000000000003f4
Event: 9.270 Thread 0x0000027f7c922d70 Uncommon trap: reason=class_check action=maybe_recompile pc=0x0000027f07d02e54 method=java.util.regex.Pattern$Start.match(Ljava/util/regex/Matcher;ILjava/lang/CharSequence;)Z @ 44 c2
Event: 9.270 Thread 0x0000027f7c922d70 DEOPT PACKING pc=0x0000027f07d02e54 sp=0x000000f9080f8df0
Event: 9.270 Thread 0x0000027f7c922d70 DEOPT UNPACKING pc=0x0000027f075869a3 sp=0x000000f9080f8cb8 mode 2
Event: 9.270 Thread 0x0000027f7c922d70 Uncommon trap: trap_request=0xffffffde fr.pc=0x0000027f07cfd440 relative=0x00000000000003e0
Event: 9.270 Thread 0x0000027f7c922d70 Uncommon trap: reason=class_check action=maybe_recompile pc=0x0000027f07cfd440 method=java.util.regex.Pattern$Start.match(Ljava/util/regex/Matcher;ILjava/lang/CharSequence;)Z @ 44 c2
Event: 9.270 Thread 0x0000027f7c922d70 DEOPT PACKING pc=0x0000027f07cfd440 sp=0x000000f9080f8d70
Event: 9.270 Thread 0x0000027f7c922d70 DEOPT UNPACKING pc=0x0000027f075869a3 sp=0x000000f9080f8cb0 mode 2
Event: 9.270 Thread 0x0000027f7c922d70 Uncommon trap: trap_request=0xffffffde fr.pc=0x0000027f07cfc9f0 relative=0x00000000000002b0
Event: 9.270 Thread 0x0000027f7c922d70 Uncommon trap: reason=class_check action=maybe_recompile pc=0x0000027f07cfc9f0 method=java.util.regex.Pattern$Start.match(Ljava/util/regex/Matcher;ILjava/lang/CharSequence;)Z @ 44 c2
Event: 9.270 Thread 0x0000027f7c922d70 DEOPT PACKING pc=0x0000027f07cfc9f0 sp=0x000000f9080f8cf0
Event: 9.270 Thread 0x0000027f7c922d70 DEOPT UNPACKING pc=0x0000027f075869a3 sp=0x000000f9080f8cb0 mode 2
Event: 9.527 Thread 0x0000027f7c922d70 Uncommon trap: trap_request=0xffffffde fr.pc=0x0000027f07d34150 relative=0x00000000000050d0
Event: 9.527 Thread 0x0000027f7c922d70 Uncommon trap: reason=class_check action=maybe_recompile pc=0x0000027f07d34150 method=jdk.internal.loader.URLClassPath.getResource(Ljava/lang/String;Z)Ljdk/internal/loader/Resource; @ 53 c2
Event: 9.527 Thread 0x0000027f7c922d70 DEOPT PACKING pc=0x0000027f07d34150 sp=0x000000f9080f7a40
Event: 9.527 Thread 0x0000027f7c922d70 DEOPT UNPACKING pc=0x0000027f075869a3 sp=0x000000f9080f7998 mode 2

Classes loaded (20 events):
Event: 8.929 Loading class jdk/internal/loader/URLClassPath$FileLoader
Event: 8.929 Loading class jdk/internal/loader/URLClassPath$FileLoader done
Event: 8.931 Loading class jdk/internal/loader/URLClassPath$FileLoader$1
Event: 8.931 Loading class jdk/internal/loader/URLClassPath$FileLoader$1 done
Event: 8.954 Loading class java/util/stream/Nodes$FixedNodeBuilder
Event: 8.955 Loading class java/util/stream/Nodes$ArrayNode
Event: 8.955 Loading class java/util/stream/Nodes$ArrayNode done
Event: 8.955 Loading class java/util/stream/Nodes$FixedNodeBuilder done
Event: 8.971 Loading class java/lang/ProcessBuilder
Event: 8.971 Loading class java/lang/ProcessBuilder done
Event: 9.279 Loading class com/sun/beans/finder/MethodFinder
Event: 9.280 Loading class com/sun/beans/finder/AbstractFinder
Event: 9.280 Loading class com/sun/beans/finder/AbstractFinder done
Event: 9.280 Loading class com/sun/beans/finder/MethodFinder done
Event: 9.280 Loading class com/sun/beans/finder/MethodFinder$1
Event: 9.280 Loading class com/sun/beans/finder/MethodFinder$1 done
Event: 9.280 Loading class com/sun/beans/finder/FinderUtils
Event: 9.280 Loading class com/sun/beans/finder/FinderUtils done
Event: 9.518 Loading class java/util/function/IntBinaryOperator
Event: 9.518 Loading class java/util/function/IntBinaryOperator done

Classes unloaded (0 events):
No events

Classes redefined (0 events):
No events

Internal exceptions (20 events):
Event: 9.273 Thread 0x0000027f7c922d70 Exception <a 'java/lang/ClassNotFoundException'{0x00000000eab3a348}: groovy/lang/Closure$1Customizer> (0x00000000eab3a348) 
thrown [s\src\hotspot\share\classfile\systemDictionary.cpp, line 257]
Event: 9.320 Thread 0x0000027f7c922d70 Exception <a 'java/lang/NoSuchMethodError'{0x00000000eaa7cfe0}: 'void java.lang.invoke.Invokers$Holder.invoke_MT(java.lang.Object, java.lang.Object, java.lang.Object, java.lang.Object)'> (0x00000000eaa7cfe0) 
thrown [s\src\hotspot\share\interpreter\linkResolver.cpp, line 759]
Event: 9.382 Thread 0x0000027f7c922d70 Exception <a 'java/lang/ClassNotFoundException'{0x00000000ea816e88}: org/gradle/initialization/DefaultSettings_DecoratedBeanInfo> (0x00000000ea816e88) 
thrown [s\src\hotspot\share\classfile\systemDictionary.cpp, line 257]
Event: 9.383 Thread 0x0000027f7c922d70 Exception <a 'java/lang/ClassNotFoundException'{0x00000000ea826ca0}: org/gradle/initialization/DefaultSettingsBeanInfo> (0x00000000ea826ca0) 
thrown [s\src\hotspot\share\classfile\systemDictionary.cpp, line 257]
Event: 9.384 Thread 0x0000027f7c922d70 Exception <a 'java/lang/ClassNotFoundException'{0x00000000ea837458}: org/gradle/api/internal/project/AbstractPluginAwareBeanInfo> (0x00000000ea837458) 
thrown [s\src\hotspot\share\classfile\systemDictionary.cpp, line 257]
Event: 9.385 Thread 0x0000027f7c922d70 Exception <a 'java/lang/ClassNotFoundException'{0x00000000ea8475a8}: org/gradle/api/internal/project/AbstractPluginAwareCustomizer> (0x00000000ea8475a8) 
thrown [s\src\hotspot\share\classfile\systemDictionary.cpp, line 257]
Event: 9.389 Thread 0x0000027f7c922d70 Exception <a 'java/lang/ClassNotFoundException'{0x00000000ea85d730}: org/gradle/initialization/DefaultSettingsCustomizer> (0x00000000ea85d730) 
thrown [s\src\hotspot\share\classfile\systemDictionary.cpp, line 257]
Event: 9.405 Thread 0x0000027f7c922d70 Exception <a 'java/lang/ClassNotFoundException'{0x00000000ea8aca18}: org/gradle/initialization/DefaultSettings_DecoratedCustomizer> (0x00000000ea8aca18) 
thrown [s\src\hotspot\share\classfile\systemDictionary.cpp, line 257]
Event: 9.499 Thread 0x0000027f7c922d70 Exception <a 'java/lang/ClassNotFoundException'{0x00000000ea6912e0}: org/gradle/internal/metaobject/ConfigureDelegateBeanInfo> (0x00000000ea6912e0) 
thrown [s\src\hotspot\share\classfile\systemDictionary.cpp, line 257]
Event: 9.500 Thread 0x0000027f7c922d70 Exception <a 'java/lang/ClassNotFoundException'{0x00000000ea6a2190}: org/gradle/internal/metaobject/ConfigureDelegateCustomizer> (0x00000000ea6a2190) 
thrown [s\src\hotspot\share\classfile\systemDictionary.cpp, line 257]
Event: 9.535 Thread 0x0000027f7c922d70 Exception <a 'java/lang/ClassNotFoundException'{0x00000000ea593400}: org/gradle/plugin/management/internal/DefaultPluginManagementSpec_DecoratedBeanInfo> (0x00000000ea593400) 
thrown [s\src\hotspot\share\classfile\systemDictionary.cpp, line 257]
Event: 9.535 Thread 0x0000027f7c922d70 Exception <a 'java/lang/ClassNotFoundException'{0x00000000ea5a8578}: org/gradle/plugin/management/internal/DefaultPluginManagementSpecBeanInfo> (0x00000000ea5a8578) 
thrown [s\src\hotspot\share\classfile\systemDictionary.cpp, line 257]
Event: 9.536 Thread 0x0000027f7c922d70 Exception <a 'java/lang/ClassNotFoundException'{0x00000000ea5bc9a8}: org/gradle/plugin/management/internal/DefaultPluginManagementSpecCustomizer> (0x00000000ea5bc9a8) 
thrown [s\src\hotspot\share\classfile\systemDictionary.cpp, line 257]
Event: 9.538 Thread 0x0000027f7c922d70 Exception <a 'java/lang/ClassNotFoundException'{0x00000000ea5e1ce8}: org/gradle/plugin/management/internal/DefaultPluginManagementSpec_DecoratedCustomizer> (0x00000000ea5e1ce8) 
thrown [s\src\hotspot\share\classfile\systemDictionary.cpp, line 257]
Event: 9.819 Thread 0x0000027f7c922d70 Exception <a 'java/lang/NoSuchMethodError'{0x00000000e98f7350}: 'java.lang.Object java.lang.invoke.DirectMethodHandle$Holder.newInvokeSpecial(java.lang.Object, java.lang.Object, java.lang.Object, java.lang.Object, java.lang.Object, java.lang.Object, java.lang.Object, java.lang.Object, java.lang.Object, java.lang.Object, java.lang.Object)'> (0x00000000e98f7350) 
thrown [s\src\hotspot\share\interpreter\linkResolver.cpp, line 759]
Event: 9.820 Thread 0x0000027f7c922d70 Exception <a 'java/lang/NoSuchMethodError'{0x00000000e98fd3d8}: 'java.lang.Object java.lang.invoke.DirectMethodHandle$Holder.invokeSpecial(java.lang.Object, java.lang.Object, java.lang.Object, java.lang.Object, java.lang.Object, java.lang.Object, java.lang.Object, java.lang.Object, java.lang.Object, java.lang.Object, java.lang.Object, java.lang.Object)'> (0x00000000e98fd3d8) 
thrown [s\src\hotspot\share\interpreter\linkResolver.cpp, line 759]
Event: 9.821 Thread 0x0000027f7c922d70 Exception <a 'java/lang/NoSuchMethodError'{0x00000000e97032c0}: 'java.lang.Object java.lang.invoke.Invokers$Holder.linkToTargetMethod(java.lang.Object, java.lang.Object, java.lang.Object, java.lang.Object, java.lang.Object, java.lang.Object, java.lang.Object, java.lang.Object, java.lang.Object, java.lang.Object, java.lang.Object)'> (0x00000000e97032c0) 
thrown [s\src\hotspot\share\interpreter\linkResolver.cpp, line 759]
Event: 9.878 Thread 0x0000027f7c922d70 Exception <a 'java/lang/NoSuchMethodError'{0x00000000e978f530}: 'java.lang.Object java.lang.invoke.DirectMethodHandle$Holder.newInvokeSpecial(java.lang.Object, java.lang.Object, java.lang.Object, java.lang.Object, java.lang.Object, java.lang.Object, java.lang.Object, java.lang.Object, java.lang.Object, java.lang.Object, java.lang.Object, java.lang.Object)'> (0x00000000e978f530) 
thrown [s\src\hotspot\share\interpreter\linkResolver.cpp, line 759]
Event: 9.879 Thread 0x0000027f7c922d70 Exception <a 'java/lang/NoSuchMethodError'{0x00000000e97957a0}: 'java.lang.Object java.lang.invoke.DirectMethodHandle$Holder.invokeSpecial(java.lang.Object, java.lang.Object, java.lang.Object, java.lang.Object, java.lang.Object, java.lang.Object, java.lang.Object, java.lang.Object, java.lang.Object, java.lang.Object, java.lang.Object, java.lang.Object, java.lang.Object)'> (0x00000000e97957a0) 
thrown [s\src\hotspot\share\interpreter\linkResolver.cpp, line 759]
Event: 9.879 Thread 0x0000027f7c922d70 Exception <a 'java/lang/NoSuchMethodError'{0x00000000e979b510}: 'java.lang.Object java.lang.invoke.Invokers$Holder.linkToTargetMethod(java.lang.Object, java.lang.Object, java.lang.Object, java.lang.Object, java.lang.Object, java.lang.Object, java.lang.Object, java.lang.Object, java.lang.Object, java.lang.Object, java.lang.Object, java.lang.Object)'> (0x00000000e979b510) 
thrown [s\src\hotspot\share\interpreter\linkResolver.cpp, line 759]

VM Operations (20 events):
Event: 8.044 Executing VM operation: HandshakeAllThreads
Event: 8.045 Executing VM operation: HandshakeAllThreads done
Event: 8.051 Executing VM operation: HandshakeAllThreads
Event: 8.051 Executing VM operation: HandshakeAllThreads done
Event: 8.345 Executing VM operation: HandshakeAllThreads
Event: 8.345 Executing VM operation: HandshakeAllThreads done
Event: 8.498 Executing VM operation: ICBufferFull
Event: 8.498 Executing VM operation: ICBufferFull done
Event: 8.636 Executing VM operation: HandshakeAllThreads
Event: 8.636 Executing VM operation: HandshakeAllThreads done
Event: 8.646 Executing VM operation: HandshakeAllThreads
Event: 8.646 Executing VM operation: HandshakeAllThreads done
Event: 8.795 Executing VM operation: HandshakeAllThreads
Event: 8.795 Executing VM operation: HandshakeAllThreads done
Event: 8.797 Executing VM operation: HandshakeAllThreads
Event: 8.797 Executing VM operation: HandshakeAllThreads done
Event: 9.396 Executing VM operation: ICBufferFull
Event: 9.396 Executing VM operation: ICBufferFull done
Event: 10.400 Executing VM operation: Cleanup
Event: 10.400 Executing VM operation: Cleanup done

Memory protections (0 events):
No events

Nmethod flushes (0 events):
No events

Events (20 events):
Event: 4.360 Thread 0x0000027f7c922d70 Thread added: 0x0000027f7c921e40
Event: 4.532 Thread 0x0000027f7c922d70 Thread added: 0x0000027f7c922350
Event: 4.580 Thread 0x0000027f7c921e40 Thread added: 0x0000027f7c9246c0
Event: 5.881 Thread 0x0000027f7c96fde0 Thread exited: 0x0000027f7c96fde0
Event: 6.142 Thread 0x0000027f765409d0 Thread added: 0x0000027f7d59ef70
Event: 6.259 Thread 0x0000027f7c922d70 Thread added: 0x0000027f7c9241b0
Event: 6.294 Thread 0x0000027f7c922d70 Thread added: 0x0000027f7c9255f0
Event: 6.396 Thread 0x0000027f7d59ef70 Thread exited: 0x0000027f7d59ef70
Event: 6.698 Thread 0x0000027f76539b60 Thread added: 0x0000027f7d5a0a00
Event: 6.990 Thread 0x0000027f7c922d70 Thread added: 0x0000027f7cf426f0
Event: 7.003 Thread 0x0000027f7c922d70 Thread added: 0x0000027f7cf42c00
Event: 7.759 Thread 0x0000027f765409d0 Thread added: 0x0000027f7d5a14a0
Event: 8.257 Thread 0x0000027f7d5a14a0 Thread exited: 0x0000027f7d5a14a0
Event: 8.258 Thread 0x0000027f7d5a0a00 Thread exited: 0x0000027f7d5a0a00
Event: 8.273 Thread 0x0000027f76539b60 Thread added: 0x0000027f7d59fa10
Event: 8.755 Thread 0x0000027f7d59fa10 Thread exited: 0x0000027f7d59fa10
Event: 8.903 Thread 0x0000027f7c922d70 Thread added: 0x0000027f7cf43620
Event: 9.004 Thread 0x0000027f765409d0 Thread added: 0x0000027f7d59ef70
Event: 9.135 Thread 0x0000027f7c922d70 Thread added: 0x0000027f7cf40380
Event: 9.213 Thread 0x0000027f7c922d70 Thread added: 0x0000027f7cf44040


Dynamic libraries:
0x00007ff668300000 - 0x00007ff66830e000 	C:\Users\duoc.nguyen1\.jdks\ms-17.0.20\bin\java.exe
0x00007ffe46d60000 - 0x00007ffe46fc6000 	C:\WINDOWS\SYSTEM32\ntdll.dll
0x00007ffe46580000 - 0x00007ffe46649000 	C:\WINDOWS\System32\KERNEL32.DLL
0x00007ffe446d0000 - 0x00007ffe44aca000 	C:\WINDOWS\System32\KERNELBASE.dll
0x0000000064be0000 - 0x0000000064c7e000 	C:\ProgramData\Symantec\Symantec Endpoint Protection\14.3.10148.8000.105\Data\Sysfer\x64\sysfer.dll
0x00007ffe44160000 - 0x00007ffe442ac000 	C:\WINDOWS\System32\ucrtbase.dll
0x00007ffe18a30000 - 0x00007ffe18a4e000 	C:\Users\duoc.nguyen1\.jdks\ms-17.0.20\bin\VCRUNTIME140.dll
0x00007ffdd6fb0000 - 0x00007ffdd6fc8000 	C:\Users\duoc.nguyen1\.jdks\ms-17.0.20\bin\jli.dll
0x00007ffe46650000 - 0x00007ffe46817000 	C:\WINDOWS\System32\USER32.dll
0x00007ffe445f0000 - 0x00007ffe44617000 	C:\WINDOWS\System32\win32u.dll
0x00007ffe45530000 - 0x00007ffe4555b000 	C:\WINDOWS\System32\GDI32.dll
0x00007ffe442b0000 - 0x00007ffe443db000 	C:\WINDOWS\System32\gdi32full.dll
0x00007ffe43ff0000 - 0x00007ffe44093000 	C:\WINDOWS\System32\msvcp_win.dll
0x00007ffe2da90000 - 0x00007ffe2dd22000 	C:\WINDOWS\WinSxS\amd64_microsoft.windows.common-controls_6595b64144ccf1df_6.0.26100.8521_none_3e08b75ce33403b3\COMCTL32.dll
0x00007ffe45380000 - 0x00007ffe45429000 	C:\WINDOWS\System32\msvcrt.dll
0x00007ffe463b0000 - 0x00007ffe463e2000 	C:\WINDOWS\System32\IMM32.DLL
0x00007ffe15d10000 - 0x00007ffe15d1c000 	C:\Users\duoc.nguyen1\.jdks\ms-17.0.20\bin\vcruntime140_1.dll
0x00007ffdc04b0000 - 0x00007ffdc0539000 	C:\Users\duoc.nguyen1\.jdks\ms-17.0.20\bin\msvcp140.dll
0x00007ffd5a580000 - 0x00007ffd5b1fb000 	C:\Users\duoc.nguyen1\.jdks\ms-17.0.20\bin\server\jvm.dll
0x00007ffe464c0000 - 0x00007ffe46576000 	C:\WINDOWS\System32\ADVAPI32.dll
0x00007ffe45df0000 - 0x00007ffe45e9a000 	C:\WINDOWS\System32\sechost.dll
0x00007ffe44d90000 - 0x00007ffe44ea8000 	C:\WINDOWS\System32\RPCRT4.dll
0x00007ffe452f0000 - 0x00007ffe45370000 	C:\WINDOWS\System32\WS2_32.dll
0x00007ffe43e50000 - 0x00007ffe43eae000 	C:\WINDOWS\SYSTEM32\POWRPROF.dll
0x00007ffe39fb0000 - 0x00007ffe39fe6000 	C:\WINDOWS\SYSTEM32\WINMM.dll
0x00007ffe2dd30000 - 0x00007ffe2dd3b000 	C:\WINDOWS\SYSTEM32\VERSION.dll
0x00007ffe43e30000 - 0x00007ffe43e44000 	C:\WINDOWS\SYSTEM32\UMPDC.dll
0x00007ffe42d40000 - 0x00007ffe42d5b000 	C:\WINDOWS\SYSTEM32\kernel.appcore.dll
0x00007ffe15cd0000 - 0x00007ffe15cda000 	C:\Users\duoc.nguyen1\.jdks\ms-17.0.20\bin\jimage.dll
0x00007ffe2ddb0000 - 0x00007ffe2dff2000 	C:\WINDOWS\SYSTEM32\DBGHELP.DLL
0x00007ffe45fc0000 - 0x00007ffe46343000 	C:\WINDOWS\System32\combase.dll
0x00007ffe45d00000 - 0x00007ffe45dd9000 	C:\WINDOWS\System32\OLEAUT32.dll
0x00007ffe23540000 - 0x00007ffe2357b000 	C:\WINDOWS\SYSTEM32\dbgcore.DLL
0x00007ffe44620000 - 0x00007ffe446c8000 	C:\WINDOWS\System32\bcryptPrimitives.dll
0x00007ffe0e820000 - 0x00007ffe0e82f000 	C:\Users\duoc.nguyen1\.jdks\ms-17.0.20\bin\instrument.dll
0x00007ffdc2b00000 - 0x00007ffdc2b26000 	C:\Users\duoc.nguyen1\.jdks\ms-17.0.20\bin\java.dll
0x00007ffdc03d0000 - 0x00007ffdc04a6000 	C:\Users\duoc.nguyen1\.jdks\ms-17.0.20\bin\jsvml.dll
0x00007ffe45560000 - 0x00007ffe45ce4000 	C:\WINDOWS\System32\SHELL32.dll
0x00007ffe41980000 - 0x00007ffe42200000 	C:\WINDOWS\SYSTEM32\windows.storage.dll
0x00007ffe45ea0000 - 0x00007ffe45f96000 	C:\WINDOWS\System32\SHCORE.dll
0x00007ffe46cb0000 - 0x00007ffe46d17000 	C:\WINDOWS\System32\shlwapi.dll
0x00007ffe43f10000 - 0x00007ffe43f39000 	C:\WINDOWS\SYSTEM32\profapi.dll
0x00007ffdc0720000 - 0x00007ffdc0738000 	C:\Users\duoc.nguyen1\.jdks\ms-17.0.20\bin\zip.dll
0x00007ffdd6f90000 - 0x00007ffdd6fab000 	C:\Users\duoc.nguyen1\.jdks\ms-17.0.20\bin\net.dll
0x00007ffe3d5e0000 - 0x00007ffe3d709000 	C:\WINDOWS\SYSTEM32\WINHTTP.dll
0x00007ffe43290000 - 0x00007ffe432fc000 	C:\WINDOWS\system32\mswsock.dll
0x00007ffdc0740000 - 0x00007ffdc0756000 	C:\Users\duoc.nguyen1\.jdks\ms-17.0.20\bin\nio.dll
0x00007ffe15c40000 - 0x00007ffe15c50000 	C:\Users\duoc.nguyen1\.jdks\ms-17.0.20\bin\verify.dll
0x00007ffdc06f0000 - 0x00007ffdc0717000 	C:\Users\duoc.nguyen1\.gradle\native\1def1411415f61bf3af743bc5b6707747c0891f09f0c88961ee8f79bc544acac\windows-amd64\native-platform.dll
0x00007ffdbbb60000 - 0x00007ffdbbbd8000 	C:\Users\duoc.nguyen1\.gradle\native\0.2.7\x86_64-windows-gnu\gradle-fileevents.dll
0x00007ffe15690000 - 0x00007ffe1569a000 	C:\Users\duoc.nguyen1\.jdks\ms-17.0.20\bin\management.dll
0x00007ffe15430000 - 0x00007ffe1543c000 	C:\Users\duoc.nguyen1\.jdks\ms-17.0.20\bin\management_ext.dll
0x00007ffe45cf0000 - 0x00007ffe45cf8000 	C:\WINDOWS\System32\PSAPI.DLL
0x00007ffe424b0000 - 0x00007ffe424e3000 	C:\WINDOWS\SYSTEM32\IPHLPAPI.DLL
0x00007ffe45de0000 - 0x00007ffe45dea000 	C:\WINDOWS\System32\NSI.dll
0x00007ffe3d960000 - 0x00007ffe3d97d000 	C:\WINDOWS\SYSTEM32\dhcpcsvc6.DLL
0x00007ffe3d930000 - 0x00007ffe3d955000 	C:\WINDOWS\SYSTEM32\dhcpcsvc.DLL
0x00007ffe424f0000 - 0x00007ffe4263a000 	C:\WINDOWS\SYSTEM32\DNSAPI.dll
0x00007ffe430b0000 - 0x00007ffe430bd000 	C:\WINDOWS\SYSTEM32\DSPARSE.dll
0x00007ffe11510000 - 0x00007ffe11519000 	C:\Users\duoc.nguyen1\.jdks\ms-17.0.20\bin\extnet.dll
0x00007ffe43690000 - 0x00007ffe436ab000 	C:\WINDOWS\SYSTEM32\CRYPTSP.dll
0x00007ffe42ca0000 - 0x00007ffe42cd9000 	C:\WINDOWS\system32\rsaenh.dll
0x00007ffe43340000 - 0x00007ffe43373000 	C:\WINDOWS\SYSTEM32\USERENV.dll
0x00007ffe43ee0000 - 0x00007ffe43f0a000 	C:\WINDOWS\SYSTEM32\bcrypt.dll
0x00007ffe434f0000 - 0x00007ffe434fc000 	C:\WINDOWS\SYSTEM32\CRYPTBASE.dll
0x00007ffe0c9a0000 - 0x00007ffe0c9ae000 	C:\Users\duoc.nguyen1\.jdks\ms-17.0.20\bin\sunmscapi.dll
0x00007ffe443e0000 - 0x00007ffe44558000 	C:\WINDOWS\System32\CRYPT32.dll
0x00007ffe437f0000 - 0x00007ffe43820000 	C:\WINDOWS\SYSTEM32\ncrypt.dll
0x00007ffe437a0000 - 0x00007ffe437df000 	C:\WINDOWS\SYSTEM32\NTASN1.dll
0x00007ffdf9200000 - 0x00007ffdf9208000 	C:\WINDOWS\system32\wshunix.dll

dbghelp: loaded successfully - version: 4.0.5 - missing functions: none
symbol engine: initialized successfully - sym options: 0x614 - pdb path: .;C:\Users\duoc.nguyen1\.jdks\ms-17.0.20\bin;C:\WINDOWS\SYSTEM32;C:\ProgramData\Symantec\Symantec Endpoint Protection\14.3.10148.8000.105\Data\Sysfer\x64;C:\WINDOWS\WinSxS\amd64_microsoft.windows.common-controls_6595b64144ccf1df_6.0.26100.8521_none_3e08b75ce33403b3;C:\Users\duoc.nguyen1\.jdks\ms-17.0.20\bin\server;C:\Users\duoc.nguyen1\.gradle\native\1def1411415f61bf3af743bc5b6707747c0891f09f0c88961ee8f79bc544acac\windows-amd64;C:\Users\duoc.nguyen1\.gradle\native\0.2.7\x86_64-windows-gnu

VM Arguments:
jvm_args: --add-opens=java.base/java.lang=ALL-UNNAMED --add-opens=java.base/java.lang.invoke=ALL-UNNAMED --add-opens=java.base/java.util=ALL-UNNAMED --add-opens=java.prefs/java.util.prefs=ALL-UNNAMED --add-exports=jdk.compiler/com.sun.tools.javac.api=ALL-UNNAMED --add-exports=jdk.compiler/com.sun.tools.javac.util=ALL-UNNAMED --add-opens=java.base/java.util=ALL-UNNAMED --add-opens=java.prefs/java.util.prefs=ALL-UNNAMED --add-opens=java.base/java.nio.charset=ALL-UNNAMED --add-opens=java.base/java.net=ALL-UNNAMED --add-opens=java.base/java.util.concurrent.atomic=ALL-UNNAMED --add-opens=java.xml/javax.xml.namespace=ALL-UNNAMED -XX:MaxMetaspaceSize=384m -XX:+HeapDumpOnOutOfMemoryError -Xms256m -Xmx512m -Dfile.encoding=windows-1252 -Duser.country=US -Duser.language=en -Duser.variant -javaagent:C:\Users\duoc.nguyen1\.gradle\wrapper\dists\gradle-8.13-bin\5xuhj0ry160q40clulazy9h7d\gradle-8.13\lib\agents\gradle-instrumentation-agent-8.13.jar 
java_command: org.gradle.launcher.daemon.bootstrap.GradleDaemon 8.13
java_class_path (initial): C:\Users\duoc.nguyen1\.gradle\wrapper\dists\gradle-8.13-bin\5xuhj0ry160q40clulazy9h7d\gradle-8.13\lib\gradle-daemon-main-8.13.jar
Launcher Type: SUN_STANDARD

[Global flags]
     intx CICompilerCount                          = 4                                         {product} {ergonomic}
   size_t CompressedClassSpaceSize                 = 335544320                                 {product} {ergonomic}
     uint ConcGCThreads                            = 2                                         {product} {ergonomic}
     uint G1ConcRefinementThreads                  = 8                                         {product} {ergonomic}
   size_t G1HeapRegionSize                         = 1048576                                   {product} {ergonomic}
    uintx GCDrainStackTargetSize                   = 64                                        {product} {ergonomic}
     bool HeapDumpOnOutOfMemoryError               = true                                   {manageable} {command line}
   size_t InitialHeapSize                          = 268435456                                 {product} {command line}
   size_t MarkStackSize                            = 4194304                                   {product} {ergonomic}
   size_t MaxHeapSize                              = 536870912                                 {product} {command line}
   size_t MaxMetaspaceSize                         = 402653184                                 {product} {command line}
   size_t MaxNewSize                               = 321912832                                 {product} {ergonomic}
   size_t MinHeapDeltaBytes                        = 1048576                                   {product} {ergonomic}
   size_t MinHeapSize                              = 268435456                                 {product} {command line}
    uintx NonNMethodCodeHeapSize                   = 5839372                                {pd product} {ergonomic}
    uintx NonProfiledCodeHeapSize                  = 122909434                              {pd product} {ergonomic}
    uintx ProfiledCodeHeapSize                     = 122909434                              {pd product} {ergonomic}
    uintx ReservedCodeCacheSize                    = 251658240                              {pd product} {ergonomic}
     bool SegmentedCodeCache                       = true                                      {product} {ergonomic}
   size_t SoftMaxHeapSize                          = 536870912                              {manageable} {ergonomic}
     bool UseCompressedClassPointers               = true                           {product lp64_product} {ergonomic}
     bool UseCompressedOops                        = true                           {product lp64_product} {ergonomic}
     bool UseG1GC                                  = true                                      {product} {ergonomic}
     bool UseLargePagesIndividualAllocation        = false                                  {pd product} {ergonomic}

Logging:
Log output configuration:
 #0: stdout all=warning uptime,level,tags
 #1: stderr all=off uptime,level,tags

Environment Variables:
JAVA_HOME=C:\Users\duoc.nguyen1\.jdks\ms-17.0.20
CLASSPATH=C:\My Project\e-commerce\BE\\gradle\wrapper\gradle-wrapper.jar
PATH=C:\php81;C:\Program Files\Microsoft SDKs\Azure\CLI2\wbin;C:\Users\duoc.nguyen1\.jdks\ms-17.0.20;C:\Python310\Scripts\;C:\Python310\;C:\WINDOWS\system32;C:\WINDOWS;C:\WINDOWS\System32\Wbem;C:\WINDOWS\System32\WindowsPowerShell\v1.0\;C:\WINDOWS\System32\OpenSSH\;C:\Program Files\Git\cmd;C:\ProgramData\chocolatey\bin;C:\ProgramData\nvm;C:\nvm4w\nodejs;C:\php81;C:\composer\bin;C:\Program Files\dotnet\;C:\Program Files (x86)\dotnet\;C:\ProgramData\chocolatey\lib\maven\apache-maven-3.9.15\bin;C:\Program Files\OpenSSL-Win64\bin;C:\Program Files\Docker\Docker\resources\bin;C:\Program Files\PuTTY\;C:\Program Files\MySQL\MySQL Shell 8.0\bin\;C:\Users\duoc.nguyen1\AppData\Local\Microsoft\WindowsApps;C:\Users\duoc.nguyen1\AppData\Local\Programs\Microsoft VS Code\bin;C:\ProgramData\nvm;C:\nvm4w\nodejs;C:\Users\duoc.nguyen1\.dotnet\tools;C:\Users\duoc.nguyen1\AppData\Local\GitHubDesktop\bin
USERNAME=duoc.nguyen1
OS=Windows_NT
PROCESSOR_IDENTIFIER=Intel64 Family 6 Model 191 Stepping 5, GenuineIntel
TMP=C:\Users\DUOC~1.NGU\AppData\Local\Temp
TEMP=C:\Users\DUOC~1.NGU\AppData\Local\Temp



Periodic native trim disabled


---------------  S Y S T E M  ---------------

OS:
 Windows 11 , 64 bit Build 26100 (10.0.26100.8521)
OS uptime: 0 days 5:57 hours
Hyper-V role detected

CPU: total 8 (initial active 8) (4 cores per cpu, 2 threads per core) family 6 model 191 stepping 5 microcode 0x2c, cx8, cmov, fxsr, ht, mmx, 3dnowpref, sse, sse2, sse3, ssse3, sse4.1, sse4.2, popcnt, lzcnt, tsc, tscinvbit, avx, avx2, aes, erms, clmul, bmi1, bmi2, adx, sha, fma, vzeroupper, clflush, clflushopt, clwb, hv
Processor Information for the first 8 processors :
  Max Mhz: 3500, Current Mhz: 3500, Mhz Limit: 3500

Memory: 4k page, system-wide physical 16125M (984M free)
TotalPageFile size 32509M (AvailPageFile size 17M)
current process WorkingSet (physical memory assigned to process): 283M, peak: 301M
current process commit charge ("private bytes"): 447M, peak: 461M

vm_info: OpenJDK 64-Bit Server VM (17.0.20+8-LTS) for windows-amd64 JRE (17.0.20+8-LTS), built on Jul 14 2026 18:14:29 by "MicrosoftCorporation" with MS VC++ 17.14 (VS2022)

END.
