#
# There is insufficient memory for the Java Runtime Environment to continue.
# Native memory allocation (malloc) failed to allocate 1294576 bytes. Error detail: Chunk::new
# Possible reasons:
#   The system is out of physical RAM or swap space
#   This process is running with CompressedOops enabled, and the Java Heap may be blocking the growth of the native heap
# Possible solutions:
#   Reduce memory load on the system
#   Increase physical memory or swap space
#   Check if swap backing store is full
#   Decrease Java heap size (-Xmx/-Xms)
#   Decrease number of Java threads
#   Decrease Java thread stack sizes (-Xss)
#   Set larger code cache with -XX:ReservedCodeCacheSize=
#   JVM is running with Unscaled Compressed Oops mode in which the Java heap is
#     placed in the first 4GB address space. The Java Heap base address is the
#     maximum limit for the native heap growth. Please use -XX:HeapBaseMinAddress
#     to set the Java Heap base and to place the Java Heap above 4GB virtual address.
# This output file may be truncated or incomplete.
#
#  Out of Memory Error (arena.cpp:191), pid=7952, tid=9900
#
# JRE version: OpenJDK Runtime Environment Microsoft-14653939 (17.0.20+8) (build 17.0.20+8-LTS)
# Java VM: OpenJDK 64-Bit Server VM Microsoft-14653939 (17.0.20+8-LTS, mixed mode, sharing, tiered, compressed oops, compressed class ptrs, g1 gc, windows-amd64)
# No core dump will be written. Minidumps are not enabled by default on client versions of Windows
#

---------------  S U M M A R Y ------------

Command Line: --add-opens=java.base/java.lang=ALL-UNNAMED --add-opens=java.base/java.lang.invoke=ALL-UNNAMED --add-opens=java.base/java.util=ALL-UNNAMED --add-opens=java.prefs/java.util.prefs=ALL-UNNAMED --add-exports=jdk.compiler/com.sun.tools.javac.api=ALL-UNNAMED --add-exports=jdk.compiler/com.sun.tools.javac.util=ALL-UNNAMED --add-opens=java.base/java.util=ALL-UNNAMED --add-opens=java.prefs/java.util.prefs=ALL-UNNAMED --add-opens=java.base/java.nio.charset=ALL-UNNAMED --add-opens=java.base/java.net=ALL-UNNAMED --add-opens=java.base/java.util.concurrent.atomic=ALL-UNNAMED --add-opens=java.xml/javax.xml.namespace=ALL-UNNAMED -XX:MaxMetaspaceSize=384m -XX:+HeapDumpOnOutOfMemoryError -Xms256m -Xmx512m -Dfile.encoding=windows-1252 -Duser.country=US -Duser.language=en -Duser.variant -javaagent:C:\Users\duoc.nguyen1\.gradle\wrapper\dists\gradle-8.13-bin\5xuhj0ry160q40clulazy9h7d\gradle-8.13\lib\agents\gradle-instrumentation-agent-8.13.jar org.gradle.launcher.daemon.bootstrap.GradleDaemon 8.13

Host: Intel(R) Core(TM) i3-14100, 8 cores, 15G,  Windows 11 , 64 bit Build 26100 (10.0.26100.8521)
Time: Tue Aug  4 14:51:57 2026 SE Asia Standard Time elapsed time: 20.756760 seconds (0d 0h 0m 20s)

---------------  T H R E A D  ---------------

Current thread (0x000001a93371adc0):  JavaThread "C2 CompilerThread0" daemon [_thread_in_native, id=9900, stack(0x0000005dbc700000,0x0000005dbc800000)]


Current CompileTask:
C2:20756 5270       4       java.lang.invoke.MethodType::makeImpl (109 bytes)

Stack: [0x0000005dbc700000,0x0000005dbc800000]
Native frames: (J=compiled Java code, j=interpreted, Vv=VM code, C=native code)
V  [jvm.dll+0x68d159]  (no source info available)
V  [jvm.dll+0x8462c9]  (no source info available)
V  [jvm.dll+0x84803b]  (no source info available)
V  [jvm.dll+0x8486c3]  (no source info available)
V  [jvm.dll+0x24d12f]  (no source info available)
V  [jvm.dll+0xaed56]  (no source info available)
V  [jvm.dll+0xaf3fc]  (no source info available)
V  [jvm.dll+0x3718ef]  (no source info available)
V  [jvm.dll+0x33bb95]  (no source info available)
V  [jvm.dll+0x33affa]  (no source info available)
V  [jvm.dll+0x21e039]  (no source info available)
V  [jvm.dll+0x21d482]  (no source info available)
V  [jvm.dll+0x1a8db6]  (no source info available)
V  [jvm.dll+0x22dcdb]  (no source info available)
V  [jvm.dll+0x22be66]  (no source info available)
V  [jvm.dll+0x7fc40b]  (no source info available)
V  [jvm.dll+0x7f67dc]  (no source info available)
V  [jvm.dll+0x68e6f7]  (no source info available)
C  [ucrtbase.dll+0x2cd30]  (no source info available)
C  [KERNEL32.DLL+0x2e957]  (no source info available)
C  [ntdll.dll+0x87c1c]  (no source info available)


---------------  P R O C E S S  ---------------

Threads class SMR info:
_java_thread_list=0x000001a95087f8f0, length=44, elements={
0x000001a918b0a5f0, 0x000001a9336fae80, 0x000001a9336fc4c0, 0x000001a933711bb0,
0x000001a933714490, 0x000001a9337178e0, 0x000001a93371a1c0, 0x000001a93371adc0,
0x000001a933720550, 0x000001a933723a10, 0x000001a9336e3c10, 0x000001a9338c8000,
0x000001a94d0fc3a0, 0x000001a94e317580, 0x000001a94e9cdd70, 0x000001a94ea79e50,
0x000001a94ebde870, 0x000001a94ec0b9e0, 0x000001a94ec0d330, 0x000001a94ec0d840,
0x000001a94ec0b4d0, 0x000001a94ec0afc0, 0x000001a94ec0a090, 0x000001a94ec0bef0,
0x000001a94ec0a5a0, 0x000001a94ec0c400, 0x000001a94ec0aab0, 0x000001a94ec0ce20,
0x000001a94ef6d3d0, 0x000001a94ef6cec0, 0x000001a94ef6b060, 0x000001a94ef6ba80,
0x000001a94ef6b570, 0x000001a94ef6ddf0, 0x000001a94ef6e810, 0x000001a94ef6c4a0,
0x000001a94ef6e300, 0x000001a94ef6f740, 0x000001a94ef6bf90, 0x000001a94ef70b80,
0x000001a94ef70670, 0x000001a94ef71090, 0x000001a94ef6fc50, 0x000001a94ef6d8e0
}

Java Threads: ( => current thread )
  0x000001a918b0a5f0 JavaThread "main" [_thread_blocked, id=24772, stack(0x0000005dbba00000,0x0000005dbbb00000)]
  0x000001a9336fae80 JavaThread "Reference Handler" daemon [_thread_blocked, id=10780, stack(0x0000005dbc100000,0x0000005dbc200000)]
  0x000001a9336fc4c0 JavaThread "Finalizer" daemon [_thread_blocked, id=2900, stack(0x0000005dbc200000,0x0000005dbc300000)]
  0x000001a933711bb0 JavaThread "Signal Dispatcher" daemon [_thread_blocked, id=7448, stack(0x0000005dbc300000,0x0000005dbc400000)]
  0x000001a933714490 JavaThread "Attach Listener" daemon [_thread_blocked, id=11864, stack(0x0000005dbc400000,0x0000005dbc500000)]
  0x000001a9337178e0 JavaThread "Service Thread" daemon [_thread_blocked, id=23888, stack(0x0000005dbc500000,0x0000005dbc600000)]
  0x000001a93371a1c0 JavaThread "Monitor Deflation Thread" daemon [_thread_blocked, id=19172, stack(0x0000005dbc600000,0x0000005dbc700000)]
=>0x000001a93371adc0 JavaThread "C2 CompilerThread0" daemon [_thread_in_native, id=9900, stack(0x0000005dbc700000,0x0000005dbc800000)]
  0x000001a933720550 JavaThread "C1 CompilerThread0" daemon [_thread_in_vm, id=27180, stack(0x0000005dbc800000,0x0000005dbc900000)]
  0x000001a933723a10 JavaThread "Sweeper thread" daemon [_thread_blocked, id=2324, stack(0x0000005dbc900000,0x0000005dbca00000)]
  0x000001a9336e3c10 JavaThread "Common-Cleaner" daemon [_thread_blocked, id=12744, stack(0x0000005dbca00000,0x0000005dbcb00000)]
  0x000001a9338c8000 JavaThread "Notification Thread" daemon [_thread_blocked, id=25760, stack(0x0000005dbcc00000,0x0000005dbcd00000)]
  0x000001a94d0fc3a0 JavaThread "Daemon health stats" [_thread_blocked, id=23660, stack(0x0000005dbd200000,0x0000005dbd300000)]
  0x000001a94e317580 JavaThread "Incoming local TCP Connector on port 54430" [_thread_in_native, id=5888, stack(0x0000005dbd300000,0x0000005dbd400000)]
  0x000001a94e9cdd70 JavaThread "Daemon periodic checks" [_thread_blocked, id=15364, stack(0x0000005dbd400000,0x0000005dbd500000)]
  0x000001a94ea79e50 JavaThread "Daemon" [_thread_blocked, id=22880, stack(0x0000005dbd500000,0x0000005dbd600000)]
  0x000001a94ebde870 JavaThread "Handler for socket connection from /127.0.0.1:54430 to /127.0.0.1:54432" [_thread_in_native, id=21680, stack(0x0000005dbd600000,0x0000005dbd700000)]
  0x000001a94ec0b9e0 JavaThread "Cancel handler" [_thread_blocked, id=28584, stack(0x0000005dbd700000,0x0000005dbd800000)]
  0x000001a94ec0d330 JavaThread "Daemon worker" [_thread_in_native, id=14280, stack(0x0000005dbd800000,0x0000005dbd900000)]
  0x000001a94ec0d840 JavaThread "Asynchronous log dispatcher for DefaultDaemonConnection: socket connection from /127.0.0.1:54430 to /127.0.0.1:54432" [_thread_blocked, id=26124, stack(0x0000005dbd900000,0x0000005dbda00000)]
  0x000001a94ec0b4d0 JavaThread "Stdin handler" [_thread_blocked, id=15428, stack(0x0000005dbda00000,0x0000005dbdb00000)]
  0x000001a94ec0afc0 JavaThread "Daemon client event forwarder" [_thread_blocked, id=27436, stack(0x0000005dbdb00000,0x0000005dbdc00000)]
  0x000001a94ec0a090 JavaThread "Cache worker for journal cache (C:\Users\duoc.nguyen1\.gradle\caches\journal-1)" [_thread_blocked, id=26008, stack(0x0000005dbdc00000,0x0000005dbdd00000)]
  0x000001a94ec0bef0 JavaThread "File lock request listener" [_thread_in_native, id=22504, stack(0x0000005dbdd00000,0x0000005dbde00000)]
  0x000001a94ec0a5a0 JavaThread "Cache worker for file hash cache (C:\Users\duoc.nguyen1\.gradle\caches\8.13\fileHashes)" [_thread_blocked, id=11424, stack(0x0000005dbde00000,0x0000005dbdf00000)]
  0x000001a94ec0c400 JavaThread "File lock release action executor" [_thread_blocked, id=10944, stack(0x0000005dbdf00000,0x0000005dbe000000)]
  0x000001a94ec0aab0 JavaThread "Cache worker for file hash cache (C:\My Project\e-commerce\backend-microservice\.gradle\8.13\fileHashes)" [_thread_blocked, id=25104, stack(0x0000005dbe100000,0x0000005dbe200000)]
  0x000001a94ec0ce20 JavaThread "Cache worker for Build Output Cleanup Cache (C:\My Project\e-commerce\backend-microservice\.gradle\buildOutputCleanup)" [_thread_blocked, id=24776, stack(0x0000005dbe000000,0x0000005dbe100000)]
  0x000001a94ef6d3d0 JavaThread "File watcher server" daemon [_thread_in_native, id=23684, stack(0x0000005dbe300000,0x0000005dbe400000)]
  0x000001a94ef6cec0 JavaThread "File watcher consumer" daemon [_thread_blocked, id=21312, stack(0x0000005dbe700000,0x0000005dbe800000)]
  0x000001a94ef6b060 JavaThread "jar transforms" [_thread_blocked, id=15564, stack(0x0000005dbe200000,0x0000005dbe300000)]
  0x000001a94ef6ba80 JavaThread "Cache worker for checksums cache (C:\My Project\e-commerce\backend-microservice\.gradle\8.13\checksums)" [_thread_blocked, id=21676, stack(0x0000005dbe800000,0x0000005dbe900000)]
  0x000001a94ef6b570 JavaThread "Cache worker for file content cache (C:\Users\duoc.nguyen1\.gradle\caches\8.13\fileContent)" [_thread_blocked, id=28736, stack(0x0000005dbe900000,0x0000005dbea00000)]
  0x000001a94ef6ddf0 JavaThread "Cache worker for cache directory md-supplier (C:\Users\duoc.nguyen1\.gradle\caches\8.13\md-supplier)" [_thread_blocked, id=6748, stack(0x0000005dbeb00000,0x0000005dbec00000)]
  0x000001a94ef6e810 JavaThread "Cache worker for cache directory md-rule (C:\Users\duoc.nguyen1\.gradle\caches\8.13\md-rule)" [_thread_blocked, id=26196, stack(0x0000005dbec00000,0x0000005dbed00000)]
  0x000001a94ef6c4a0 JavaThread "jar transforms Thread 2" [_thread_blocked, id=29008, stack(0x0000005dbed00000,0x0000005dbee00000)]
  0x000001a94ef6e300 JavaThread "jar transforms Thread 3" [_thread_blocked, id=11240, stack(0x0000005dbea00000,0x0000005dbeb00000)]
  0x000001a94ef6f740 JavaThread "Unconstrained build operations" [_thread_blocked, id=3548, stack(0x0000005dbee00000,0x0000005dbef00000)]
  0x000001a94ef6bf90 JavaThread "Unconstrained build operations Thread 2" [_thread_blocked, id=25284, stack(0x0000005dbef00000,0x0000005dbf000000)]
  0x000001a94ef70b80 JavaThread "Unconstrained build operations Thread 3" [_thread_blocked, id=23428, stack(0x0000005dbf000000,0x0000005dbf100000)]
  0x000001a94ef70670 JavaThread "Unconstrained build operations Thread 4" [_thread_blocked, id=4544, stack(0x0000005dbf100000,0x0000005dbf200000)]
  0x000001a94ef71090 JavaThread "Unconstrained build operations Thread 5" [_thread_blocked, id=15584, stack(0x0000005dbf200000,0x0000005dbf300000)]
  0x000001a94ef6fc50 JavaThread "Unconstrained build operations Thread 6" [_thread_blocked, id=12012, stack(0x0000005dbf300000,0x0000005dbf400000)]
  0x000001a94ef6d8e0 JavaThread "Unconstrained build operations Thread 7" [_thread_blocked, id=11040, stack(0x0000005dbf400000,0x0000005dbf500000)]

Other Threads:
  0x000001a9336f57b0 VMThread "VM Thread" [stack: 0x0000005dbc000000,0x0000005dbc100000] [id=22500]
  0x000001a9338d7200 WatcherThread [stack: 0x0000005dbcd00000,0x0000005dbce00000] [id=7928]
  0x000001a918b3a9f0 GCTaskThread "GC Thread#0" [stack: 0x0000005dbbb00000,0x0000005dbbc00000] [id=21796]
  0x000001a933a03dd0 GCTaskThread "GC Thread#1" [stack: 0x0000005dbcb00000,0x0000005dbcc00000] [id=21848]
  0x000001a933a58600 GCTaskThread "GC Thread#2" [stack: 0x0000005dbce00000,0x0000005dbcf00000] [id=14960]
  0x000001a933a588d0 GCTaskThread "GC Thread#3" [stack: 0x0000005dbcf00000,0x0000005dbd000000] [id=27916]
  0x000001a933a58ba0 GCTaskThread "GC Thread#4" [stack: 0x0000005dbd000000,0x0000005dbd100000] [id=25352]
  0x000001a94d260b10 GCTaskThread "GC Thread#5" [stack: 0x0000005dbd100000,0x0000005dbd200000] [id=24084]
  0x000001a94d500400 GCTaskThread "GC Thread#6" [stack: 0x0000005dbe400000,0x0000005dbe500000] [id=24224]
  0x000001a94d500c70 GCTaskThread "GC Thread#7" [stack: 0x0000005dbe500000,0x0000005dbe600000] [id=27860]
  0x000001a918b3f860 ConcurrentGCThread "G1 Main Marker" [stack: 0x0000005dbbc00000,0x0000005dbbd00000] [id=21776]
  0x000001a918b42b40 ConcurrentGCThread "G1 Conc#0" [stack: 0x0000005dbbd00000,0x0000005dbbe00000] [id=22780]
  0x000001a94d5009a0 ConcurrentGCThread "G1 Conc#1" [stack: 0x0000005dbe600000,0x0000005dbe700000] [id=4828]
  0x000001a9335ac130 ConcurrentGCThread "G1 Refine#0" [stack: 0x0000005dbbe00000,0x0000005dbbf00000] [id=18776]
  0x000001a9335aca80 ConcurrentGCThread "G1 Service" [stack: 0x0000005dbbf00000,0x0000005dbc000000] [id=27444]

Threads with active compile tasks:
C2 CompilerThread0  20772 5270       4       java.lang.invoke.MethodType::makeImpl (109 bytes)

VM state: not at safepoint (normal execution)

VM Mutex/Monitor currently owned by a thread: None

Heap address: 0x00000000e0000000, size: 512 MB, Compressed Oops mode: 32-bit

CDS archive(s) mapped at: [0x000001a934000000-0x000001a934bb0000-0x000001a934bb0000), size 12255232, SharedBaseAddress: 0x000001a934000000, ArchiveRelocationMode: 1.
Compressed class space mapped at: 0x000001a935000000-0x000001a949000000, reserved size: 335544320
Narrow klass base: 0x000001a934000000, Narrow klass shift: 0, Narrow klass range: 0x100000000

GC Precious Log:
 CPUs: 8 total, 8 available
 Memory: 16125M
 Large Page Support: Disabled
 NUMA Support: Disabled
 Compressed Oops: Enabled (32-bit)
 Heap Region Size: 1M
 Heap Min Capacity: 256M
 Heap Initial Capacity: 256M
 Heap Max Capacity: 512M
 Pre-touch: Disabled
 Parallel Workers: 8
 Concurrent Workers: 2
 Concurrent Refinement Workers: 8
 Periodic GC: Disabled

Heap:
 garbage-first heap   total 262144K, used 127725K [0x00000000e0000000, 0x0000000100000000)
  region size 1024K, 109 young (111616K), 16 survivors (16384K)
 Metaspace       used 45474K, committed 46016K, reserved 393216K
  class space    used 6399K, committed 6656K, reserved 327680K

Heap Regions: E=young(eden), S=young(survivor), O=old, HS=humongous(starts), HC=humongous(continues), CS=collection set, F=free, OA=open archive, CA=closed archive, TAMS=top-at-mark-start (previous, next)
|   0|0x00000000e0000000, 0x00000000e0100000, 0x00000000e0100000|100%|HS|  |TAMS 0x00000000e0100000, 0x00000000e0000000| Complete 
|   1|0x00000000e0100000, 0x00000000e0200000, 0x00000000e0200000|100%|HC|  |TAMS 0x00000000e0200000, 0x00000000e0100000| Complete 
|   2|0x00000000e0200000, 0x00000000e0300000, 0x00000000e0300000|100%|HC|  |TAMS 0x00000000e0300000, 0x00000000e0200000| Complete 
|   3|0x00000000e0300000, 0x00000000e0400000, 0x00000000e0400000|100%| O|  |TAMS 0x00000000e0400000, 0x00000000e0300000| Untracked 
|   4|0x00000000e0400000, 0x00000000e0500000, 0x00000000e0500000|100%| O|  |TAMS 0x00000000e0500000, 0x00000000e0400000| Untracked 
|   5|0x00000000e0500000, 0x00000000e0600000, 0x00000000e0600000|100%| O|  |TAMS 0x00000000e0600000, 0x00000000e0500000| Untracked 
|   6|0x00000000e0600000, 0x00000000e0700000, 0x00000000e0700000|100%| O|  |TAMS 0x00000000e0700000, 0x00000000e0600000| Untracked 
|   7|0x00000000e0700000, 0x00000000e0800000, 0x00000000e0800000|100%|HS|  |TAMS 0x00000000e0800000, 0x00000000e0700000| Complete 
|   8|0x00000000e0800000, 0x00000000e0900000, 0x00000000e0900000|100%|HS|  |TAMS 0x00000000e0800000, 0x00000000e0800000| Complete 
|   9|0x00000000e0900000, 0x00000000e0a00000, 0x00000000e0a00000|100%| O|  |TAMS 0x00000000e09a4400, 0x00000000e0900000| Untracked 
|  10|0x00000000e0a00000, 0x00000000e0b00000, 0x00000000e0b00000|100%|HS|  |TAMS 0x00000000e0a00000, 0x00000000e0a00000| Complete 
|  11|0x00000000e0b00000, 0x00000000e0b00000, 0x00000000e0c00000|  0%| F|  |TAMS 0x00000000e0b00000, 0x00000000e0b00000| Untracked 
|  12|0x00000000e0c00000, 0x00000000e0c00000, 0x00000000e0d00000|  0%| F|  |TAMS 0x00000000e0c00000, 0x00000000e0c00000| Untracked 
|  13|0x00000000e0d00000, 0x00000000e0d00000, 0x00000000e0e00000|  0%| F|  |TAMS 0x00000000e0d00000, 0x00000000e0d00000| Untracked 
|  14|0x00000000e0e00000, 0x00000000e0f00000, 0x00000000e0f00000|100%| O|  |TAMS 0x00000000e0e00000, 0x00000000e0e00000| Untracked 
|  15|0x00000000e0f00000, 0x00000000e1000000, 0x00000000e1000000|100%| O|  |TAMS 0x00000000e0f00000, 0x00000000e0f00000| Untracked 
|  16|0x00000000e1000000, 0x00000000e1100000, 0x00000000e1100000|100%| O|  |TAMS 0x00000000e1000000, 0x00000000e1000000| Untracked 
|  17|0x00000000e1100000, 0x00000000e1200000, 0x00000000e1200000|100%| O|  |TAMS 0x00000000e1100000, 0x00000000e1100000| Untracked 
|  18|0x00000000e1200000, 0x00000000e1300000, 0x00000000e1300000|100%| O|  |TAMS 0x00000000e1200000, 0x00000000e1200000| Untracked 
|  19|0x00000000e1300000, 0x00000000e1400000, 0x00000000e1400000|100%| O|  |TAMS 0x00000000e1300000, 0x00000000e1300000| Untracked 
|  20|0x00000000e1400000, 0x00000000e14d6000, 0x00000000e1500000| 83%| O|  |TAMS 0x00000000e1400000, 0x00000000e1400000| Untracked 
|  21|0x00000000e1500000, 0x00000000e1500000, 0x00000000e1600000|  0%| F|  |TAMS 0x00000000e1500000, 0x00000000e1500000| Untracked 
|  22|0x00000000e1600000, 0x00000000e1600000, 0x00000000e1700000|  0%| F|  |TAMS 0x00000000e1600000, 0x00000000e1600000| Untracked 
|  23|0x00000000e1700000, 0x00000000e1700000, 0x00000000e1800000|  0%| F|  |TAMS 0x00000000e1700000, 0x00000000e1700000| Untracked 
|  24|0x00000000e1800000, 0x00000000e1800000, 0x00000000e1900000|  0%| F|  |TAMS 0x00000000e1800000, 0x00000000e1800000| Untracked 
|  25|0x00000000e1900000, 0x00000000e1900000, 0x00000000e1a00000|  0%| F|  |TAMS 0x00000000e1900000, 0x00000000e1900000| Untracked 
|  26|0x00000000e1a00000, 0x00000000e1a00000, 0x00000000e1b00000|  0%| F|  |TAMS 0x00000000e1a00000, 0x00000000e1a00000| Untracked 
|  27|0x00000000e1b00000, 0x00000000e1b00000, 0x00000000e1c00000|  0%| F|  |TAMS 0x00000000e1b00000, 0x00000000e1b00000| Untracked 
|  28|0x00000000e1c00000, 0x00000000e1c00000, 0x00000000e1d00000|  0%| F|  |TAMS 0x00000000e1c00000, 0x00000000e1c00000| Untracked 
|  29|0x00000000e1d00000, 0x00000000e1d00000, 0x00000000e1e00000|  0%| F|  |TAMS 0x00000000e1d00000, 0x00000000e1d00000| Untracked 
|  30|0x00000000e1e00000, 0x00000000e1e00000, 0x00000000e1f00000|  0%| F|  |TAMS 0x00000000e1e00000, 0x00000000e1e00000| Untracked 
|  31|0x00000000e1f00000, 0x00000000e1f00000, 0x00000000e2000000|  0%| F|  |TAMS 0x00000000e1f00000, 0x00000000e1f00000| Untracked 
|  32|0x00000000e2000000, 0x00000000e2000000, 0x00000000e2100000|  0%| F|  |TAMS 0x00000000e2000000, 0x00000000e2000000| Untracked 
|  33|0x00000000e2100000, 0x00000000e2100000, 0x00000000e2200000|  0%| F|  |TAMS 0x00000000e2100000, 0x00000000e2100000| Untracked 
|  34|0x00000000e2200000, 0x00000000e2200000, 0x00000000e2300000|  0%| F|  |TAMS 0x00000000e2200000, 0x00000000e2200000| Untracked 
|  35|0x00000000e2300000, 0x00000000e2300000, 0x00000000e2400000|  0%| F|  |TAMS 0x00000000e2300000, 0x00000000e2300000| Untracked 
|  36|0x00000000e2400000, 0x00000000e2400000, 0x00000000e2500000|  0%| F|  |TAMS 0x00000000e2400000, 0x00000000e2400000| Untracked 
|  37|0x00000000e2500000, 0x00000000e2500000, 0x00000000e2600000|  0%| F|  |TAMS 0x00000000e2500000, 0x00000000e2500000| Untracked 
|  38|0x00000000e2600000, 0x00000000e2600000, 0x00000000e2700000|  0%| F|  |TAMS 0x00000000e2600000, 0x00000000e2600000| Untracked 
|  39|0x00000000e2700000, 0x00000000e2700000, 0x00000000e2800000|  0%| F|  |TAMS 0x00000000e2700000, 0x00000000e2700000| Untracked 
|  40|0x00000000e2800000, 0x00000000e2800000, 0x00000000e2900000|  0%| F|  |TAMS 0x00000000e2800000, 0x00000000e2800000| Untracked 
|  41|0x00000000e2900000, 0x00000000e2900000, 0x00000000e2a00000|  0%| F|  |TAMS 0x00000000e2900000, 0x00000000e2900000| Untracked 
|  42|0x00000000e2a00000, 0x00000000e2a00000, 0x00000000e2b00000|  0%| F|  |TAMS 0x00000000e2a00000, 0x00000000e2a00000| Untracked 
|  43|0x00000000e2b00000, 0x00000000e2b00000, 0x00000000e2c00000|  0%| F|  |TAMS 0x00000000e2b00000, 0x00000000e2b00000| Untracked 
|  44|0x00000000e2c00000, 0x00000000e2c00000, 0x00000000e2d00000|  0%| F|  |TAMS 0x00000000e2c00000, 0x00000000e2c00000| Untracked 
|  45|0x00000000e2d00000, 0x00000000e2d00000, 0x00000000e2e00000|  0%| F|  |TAMS 0x00000000e2d00000, 0x00000000e2d00000| Untracked 
|  46|0x00000000e2e00000, 0x00000000e2e00000, 0x00000000e2f00000|  0%| F|  |TAMS 0x00000000e2e00000, 0x00000000e2e00000| Untracked 
|  47|0x00000000e2f00000, 0x00000000e2f00000, 0x00000000e3000000|  0%| F|  |TAMS 0x00000000e2f00000, 0x00000000e2f00000| Untracked 
|  48|0x00000000e3000000, 0x00000000e3000000, 0x00000000e3100000|  0%| F|  |TAMS 0x00000000e3000000, 0x00000000e3000000| Untracked 
|  49|0x00000000e3100000, 0x00000000e3100000, 0x00000000e3200000|  0%| F|  |TAMS 0x00000000e3100000, 0x00000000e3100000| Untracked 
|  50|0x00000000e3200000, 0x00000000e3200000, 0x00000000e3300000|  0%| F|  |TAMS 0x00000000e3200000, 0x00000000e3200000| Untracked 
|  51|0x00000000e3300000, 0x00000000e3300000, 0x00000000e3400000|  0%| F|  |TAMS 0x00000000e3300000, 0x00000000e3300000| Untracked 
|  52|0x00000000e3400000, 0x00000000e3400000, 0x00000000e3500000|  0%| F|  |TAMS 0x00000000e3400000, 0x00000000e3400000| Untracked 
|  53|0x00000000e3500000, 0x00000000e3500000, 0x00000000e3600000|  0%| F|  |TAMS 0x00000000e3500000, 0x00000000e3500000| Untracked 
|  54|0x00000000e3600000, 0x00000000e3600000, 0x00000000e3700000|  0%| F|  |TAMS 0x00000000e3600000, 0x00000000e3600000| Untracked 
|  55|0x00000000e3700000, 0x00000000e3700000, 0x00000000e3800000|  0%| F|  |TAMS 0x00000000e3700000, 0x00000000e3700000| Untracked 
|  56|0x00000000e3800000, 0x00000000e3800000, 0x00000000e3900000|  0%| F|  |TAMS 0x00000000e3800000, 0x00000000e3800000| Untracked 
|  57|0x00000000e3900000, 0x00000000e3900000, 0x00000000e3a00000|  0%| F|  |TAMS 0x00000000e3900000, 0x00000000e3900000| Untracked 
|  58|0x00000000e3a00000, 0x00000000e3a00000, 0x00000000e3b00000|  0%| F|  |TAMS 0x00000000e3a00000, 0x00000000e3a00000| Untracked 
|  59|0x00000000e3b00000, 0x00000000e3b00000, 0x00000000e3c00000|  0%| F|  |TAMS 0x00000000e3b00000, 0x00000000e3b00000| Untracked 
|  60|0x00000000e3c00000, 0x00000000e3c00000, 0x00000000e3d00000|  0%| F|  |TAMS 0x00000000e3c00000, 0x00000000e3c00000| Untracked 
|  61|0x00000000e3d00000, 0x00000000e3d00000, 0x00000000e3e00000|  0%| F|  |TAMS 0x00000000e3d00000, 0x00000000e3d00000| Untracked 
|  62|0x00000000e3e00000, 0x00000000e3e00000, 0x00000000e3f00000|  0%| F|  |TAMS 0x00000000e3e00000, 0x00000000e3e00000| Untracked 
|  63|0x00000000e3f00000, 0x00000000e3f00000, 0x00000000e4000000|  0%| F|  |TAMS 0x00000000e3f00000, 0x00000000e3f00000| Untracked 
|  64|0x00000000e4000000, 0x00000000e4000000, 0x00000000e4100000|  0%| F|  |TAMS 0x00000000e4000000, 0x00000000e4000000| Untracked 
|  65|0x00000000e4100000, 0x00000000e4100000, 0x00000000e4200000|  0%| F|  |TAMS 0x00000000e4100000, 0x00000000e4100000| Untracked 
|  66|0x00000000e4200000, 0x00000000e4200000, 0x00000000e4300000|  0%| F|  |TAMS 0x00000000e4200000, 0x00000000e4200000| Untracked 
|  67|0x00000000e4300000, 0x00000000e4300000, 0x00000000e4400000|  0%| F|  |TAMS 0x00000000e4300000, 0x00000000e4300000| Untracked 
|  68|0x00000000e4400000, 0x00000000e4400000, 0x00000000e4500000|  0%| F|  |TAMS 0x00000000e4400000, 0x00000000e4400000| Untracked 
|  69|0x00000000e4500000, 0x00000000e4500000, 0x00000000e4600000|  0%| F|  |TAMS 0x00000000e4500000, 0x00000000e4500000| Untracked 
|  70|0x00000000e4600000, 0x00000000e4600000, 0x00000000e4700000|  0%| F|  |TAMS 0x00000000e4600000, 0x00000000e4600000| Untracked 
|  71|0x00000000e4700000, 0x00000000e4700000, 0x00000000e4800000|  0%| F|  |TAMS 0x00000000e4700000, 0x00000000e4700000| Untracked 
|  72|0x00000000e4800000, 0x00000000e4800000, 0x00000000e4900000|  0%| F|  |TAMS 0x00000000e4800000, 0x00000000e4800000| Untracked 
|  73|0x00000000e4900000, 0x00000000e4900000, 0x00000000e4a00000|  0%| F|  |TAMS 0x00000000e4900000, 0x00000000e4900000| Untracked 
|  74|0x00000000e4a00000, 0x00000000e4a00000, 0x00000000e4b00000|  0%| F|  |TAMS 0x00000000e4a00000, 0x00000000e4a00000| Untracked 
|  75|0x00000000e4b00000, 0x00000000e4b00000, 0x00000000e4c00000|  0%| F|  |TAMS 0x00000000e4b00000, 0x00000000e4b00000| Untracked 
|  76|0x00000000e4c00000, 0x00000000e4c00000, 0x00000000e4d00000|  0%| F|  |TAMS 0x00000000e4c00000, 0x00000000e4c00000| Untracked 
|  77|0x00000000e4d00000, 0x00000000e4d00000, 0x00000000e4e00000|  0%| F|  |TAMS 0x00000000e4d00000, 0x00000000e4d00000| Untracked 
|  78|0x00000000e4e00000, 0x00000000e4e00000, 0x00000000e4f00000|  0%| F|  |TAMS 0x00000000e4e00000, 0x00000000e4e00000| Untracked 
|  79|0x00000000e4f00000, 0x00000000e4f00000, 0x00000000e5000000|  0%| F|  |TAMS 0x00000000e4f00000, 0x00000000e4f00000| Untracked 
|  80|0x00000000e5000000, 0x00000000e5000000, 0x00000000e5100000|  0%| F|  |TAMS 0x00000000e5000000, 0x00000000e5000000| Untracked 
|  81|0x00000000e5100000, 0x00000000e5100000, 0x00000000e5200000|  0%| F|  |TAMS 0x00000000e5100000, 0x00000000e5100000| Untracked 
|  82|0x00000000e5200000, 0x00000000e5200000, 0x00000000e5300000|  0%| F|  |TAMS 0x00000000e5200000, 0x00000000e5200000| Untracked 
|  83|0x00000000e5300000, 0x00000000e5300000, 0x00000000e5400000|  0%| F|  |TAMS 0x00000000e5300000, 0x00000000e5300000| Untracked 
|  84|0x00000000e5400000, 0x00000000e5400000, 0x00000000e5500000|  0%| F|  |TAMS 0x00000000e5400000, 0x00000000e5400000| Untracked 
|  85|0x00000000e5500000, 0x00000000e5500000, 0x00000000e5600000|  0%| F|  |TAMS 0x00000000e5500000, 0x00000000e5500000| Untracked 
|  86|0x00000000e5600000, 0x00000000e5600000, 0x00000000e5700000|  0%| F|  |TAMS 0x00000000e5600000, 0x00000000e5600000| Untracked 
|  87|0x00000000e5700000, 0x00000000e5700000, 0x00000000e5800000|  0%| F|  |TAMS 0x00000000e5700000, 0x00000000e5700000| Untracked 
|  88|0x00000000e5800000, 0x00000000e5800000, 0x00000000e5900000|  0%| F|  |TAMS 0x00000000e5800000, 0x00000000e5800000| Untracked 
|  89|0x00000000e5900000, 0x00000000e5900000, 0x00000000e5a00000|  0%| F|  |TAMS 0x00000000e5900000, 0x00000000e5900000| Untracked 
|  90|0x00000000e5a00000, 0x00000000e5a00000, 0x00000000e5b00000|  0%| F|  |TAMS 0x00000000e5a00000, 0x00000000e5a00000| Untracked 
|  91|0x00000000e5b00000, 0x00000000e5b00000, 0x00000000e5c00000|  0%| F|  |TAMS 0x00000000e5b00000, 0x00000000e5b00000| Untracked 
|  92|0x00000000e5c00000, 0x00000000e5c00000, 0x00000000e5d00000|  0%| F|  |TAMS 0x00000000e5c00000, 0x00000000e5c00000| Untracked 
|  93|0x00000000e5d00000, 0x00000000e5d00000, 0x00000000e5e00000|  0%| F|  |TAMS 0x00000000e5d00000, 0x00000000e5d00000| Untracked 
|  94|0x00000000e5e00000, 0x00000000e5e00000, 0x00000000e5f00000|  0%| F|  |TAMS 0x00000000e5e00000, 0x00000000e5e00000| Untracked 
|  95|0x00000000e5f00000, 0x00000000e5f00000, 0x00000000e6000000|  0%| F|  |TAMS 0x00000000e5f00000, 0x00000000e5f00000| Untracked 
|  96|0x00000000e6000000, 0x00000000e6000000, 0x00000000e6100000|  0%| F|  |TAMS 0x00000000e6000000, 0x00000000e6000000| Untracked 
|  97|0x00000000e6100000, 0x00000000e6100000, 0x00000000e6200000|  0%| F|  |TAMS 0x00000000e6100000, 0x00000000e6100000| Untracked 
|  98|0x00000000e6200000, 0x00000000e6200000, 0x00000000e6300000|  0%| F|  |TAMS 0x00000000e6200000, 0x00000000e6200000| Untracked 
|  99|0x00000000e6300000, 0x00000000e6300000, 0x00000000e6400000|  0%| F|  |TAMS 0x00000000e6300000, 0x00000000e6300000| Untracked 
| 100|0x00000000e6400000, 0x00000000e64e5600, 0x00000000e6500000| 89%| S|CS|TAMS 0x00000000e6400000, 0x00000000e6400000| Complete 
| 101|0x00000000e6500000, 0x00000000e6600000, 0x00000000e6600000|100%| S|CS|TAMS 0x00000000e6500000, 0x00000000e6500000| Complete 
| 102|0x00000000e6600000, 0x00000000e6700000, 0x00000000e6700000|100%| S|CS|TAMS 0x00000000e6600000, 0x00000000e6600000| Complete 
| 103|0x00000000e6700000, 0x00000000e6800000, 0x00000000e6800000|100%| S|CS|TAMS 0x00000000e6700000, 0x00000000e6700000| Complete 
| 104|0x00000000e6800000, 0x00000000e6900000, 0x00000000e6900000|100%| S|CS|TAMS 0x00000000e6800000, 0x00000000e6800000| Complete 
| 105|0x00000000e6900000, 0x00000000e6a00000, 0x00000000e6a00000|100%| S|CS|TAMS 0x00000000e6900000, 0x00000000e6900000| Complete 
| 106|0x00000000e6a00000, 0x00000000e6b00000, 0x00000000e6b00000|100%| S|CS|TAMS 0x00000000e6a00000, 0x00000000e6a00000| Complete 
| 107|0x00000000e6b00000, 0x00000000e6c00000, 0x00000000e6c00000|100%| S|CS|TAMS 0x00000000e6b00000, 0x00000000e6b00000| Complete 
| 108|0x00000000e6c00000, 0x00000000e6d00000, 0x00000000e6d00000|100%| S|CS|TAMS 0x00000000e6c00000, 0x00000000e6c00000| Complete 
| 109|0x00000000e6d00000, 0x00000000e6e00000, 0x00000000e6e00000|100%| S|CS|TAMS 0x00000000e6d00000, 0x00000000e6d00000| Complete 
| 110|0x00000000e6e00000, 0x00000000e6f00000, 0x00000000e6f00000|100%| S|CS|TAMS 0x00000000e6e00000, 0x00000000e6e00000| Complete 
| 111|0x00000000e6f00000, 0x00000000e7000000, 0x00000000e7000000|100%| S|CS|TAMS 0x00000000e6f00000, 0x00000000e6f00000| Complete 
| 112|0x00000000e7000000, 0x00000000e7100000, 0x00000000e7100000|100%| S|CS|TAMS 0x00000000e7000000, 0x00000000e7000000| Complete 
| 113|0x00000000e7100000, 0x00000000e7200000, 0x00000000e7200000|100%| S|CS|TAMS 0x00000000e7100000, 0x00000000e7100000| Complete 
| 114|0x00000000e7200000, 0x00000000e7300000, 0x00000000e7300000|100%| S|CS|TAMS 0x00000000e7200000, 0x00000000e7200000| Complete 
| 115|0x00000000e7300000, 0x00000000e7400000, 0x00000000e7400000|100%| S|CS|TAMS 0x00000000e7300000, 0x00000000e7300000| Complete 
| 116|0x00000000e7400000, 0x00000000e7400000, 0x00000000e7500000|  0%| F|  |TAMS 0x00000000e7400000, 0x00000000e7400000| Untracked 
| 117|0x00000000e7500000, 0x00000000e7500000, 0x00000000e7600000|  0%| F|  |TAMS 0x00000000e7500000, 0x00000000e7500000| Untracked 
| 118|0x00000000e7600000, 0x00000000e7600000, 0x00000000e7700000|  0%| F|  |TAMS 0x00000000e7600000, 0x00000000e7600000| Untracked 
| 119|0x00000000e7700000, 0x00000000e7700000, 0x00000000e7800000|  0%| F|  |TAMS 0x00000000e7700000, 0x00000000e7700000| Untracked 
| 120|0x00000000e7800000, 0x00000000e7800000, 0x00000000e7900000|  0%| F|  |TAMS 0x00000000e7800000, 0x00000000e7800000| Untracked 
| 121|0x00000000e7900000, 0x00000000e7900000, 0x00000000e7a00000|  0%| F|  |TAMS 0x00000000e7900000, 0x00000000e7900000| Untracked 
| 122|0x00000000e7a00000, 0x00000000e7a00000, 0x00000000e7b00000|  0%| F|  |TAMS 0x00000000e7a00000, 0x00000000e7a00000| Untracked 
| 123|0x00000000e7b00000, 0x00000000e7b00000, 0x00000000e7c00000|  0%| F|  |TAMS 0x00000000e7b00000, 0x00000000e7b00000| Untracked 
| 124|0x00000000e7c00000, 0x00000000e7c00000, 0x00000000e7d00000|  0%| F|  |TAMS 0x00000000e7c00000, 0x00000000e7c00000| Untracked 
| 125|0x00000000e7d00000, 0x00000000e7d00000, 0x00000000e7e00000|  0%| F|  |TAMS 0x00000000e7d00000, 0x00000000e7d00000| Untracked 
| 126|0x00000000e7e00000, 0x00000000e7e00000, 0x00000000e7f00000|  0%| F|  |TAMS 0x00000000e7e00000, 0x00000000e7e00000| Untracked 
| 127|0x00000000e7f00000, 0x00000000e7f00000, 0x00000000e8000000|  0%| F|  |TAMS 0x00000000e7f00000, 0x00000000e7f00000| Untracked 
| 128|0x00000000e8000000, 0x00000000e8000000, 0x00000000e8100000|  0%| F|  |TAMS 0x00000000e8000000, 0x00000000e8000000| Untracked 
| 129|0x00000000e8100000, 0x00000000e8100000, 0x00000000e8200000|  0%| F|  |TAMS 0x00000000e8100000, 0x00000000e8100000| Untracked 
| 130|0x00000000e8200000, 0x00000000e8200000, 0x00000000e8300000|  0%| F|  |TAMS 0x00000000e8200000, 0x00000000e8200000| Untracked 
| 131|0x00000000e8300000, 0x00000000e8300000, 0x00000000e8400000|  0%| F|  |TAMS 0x00000000e8300000, 0x00000000e8300000| Untracked 
| 132|0x00000000e8400000, 0x00000000e8400000, 0x00000000e8500000|  0%| F|  |TAMS 0x00000000e8400000, 0x00000000e8400000| Untracked 
| 133|0x00000000e8500000, 0x00000000e8500000, 0x00000000e8600000|  0%| F|  |TAMS 0x00000000e8500000, 0x00000000e8500000| Untracked 
| 134|0x00000000e8600000, 0x00000000e8600000, 0x00000000e8700000|  0%| F|  |TAMS 0x00000000e8600000, 0x00000000e8600000| Untracked 
| 135|0x00000000e8700000, 0x00000000e8700000, 0x00000000e8800000|  0%| F|  |TAMS 0x00000000e8700000, 0x00000000e8700000| Untracked 
| 136|0x00000000e8800000, 0x00000000e8800000, 0x00000000e8900000|  0%| F|  |TAMS 0x00000000e8800000, 0x00000000e8800000| Untracked 
| 137|0x00000000e8900000, 0x00000000e8900000, 0x00000000e8a00000|  0%| F|  |TAMS 0x00000000e8900000, 0x00000000e8900000| Untracked 
| 138|0x00000000e8a00000, 0x00000000e8a00000, 0x00000000e8b00000|  0%| F|  |TAMS 0x00000000e8a00000, 0x00000000e8a00000| Untracked 
| 139|0x00000000e8b00000, 0x00000000e8b00000, 0x00000000e8c00000|  0%| F|  |TAMS 0x00000000e8b00000, 0x00000000e8b00000| Untracked 
| 140|0x00000000e8c00000, 0x00000000e8c00000, 0x00000000e8d00000|  0%| F|  |TAMS 0x00000000e8c00000, 0x00000000e8c00000| Untracked 
| 141|0x00000000e8d00000, 0x00000000e8d00000, 0x00000000e8e00000|  0%| F|  |TAMS 0x00000000e8d00000, 0x00000000e8d00000| Untracked 
| 142|0x00000000e8e00000, 0x00000000e8e00000, 0x00000000e8f00000|  0%| F|  |TAMS 0x00000000e8e00000, 0x00000000e8e00000| Untracked 
| 143|0x00000000e8f00000, 0x00000000e8f00000, 0x00000000e9000000|  0%| F|  |TAMS 0x00000000e8f00000, 0x00000000e8f00000| Untracked 
| 144|0x00000000e9000000, 0x00000000e9000000, 0x00000000e9100000|  0%| F|  |TAMS 0x00000000e9000000, 0x00000000e9000000| Untracked 
| 145|0x00000000e9100000, 0x00000000e9100000, 0x00000000e9200000|  0%| F|  |TAMS 0x00000000e9100000, 0x00000000e9100000| Untracked 
| 146|0x00000000e9200000, 0x00000000e9200000, 0x00000000e9300000|  0%| F|  |TAMS 0x00000000e9200000, 0x00000000e9200000| Untracked 
| 147|0x00000000e9300000, 0x00000000e9300000, 0x00000000e9400000|  0%| F|  |TAMS 0x00000000e9300000, 0x00000000e9300000| Untracked 
| 148|0x00000000e9400000, 0x00000000e9400000, 0x00000000e9500000|  0%| F|  |TAMS 0x00000000e9400000, 0x00000000e9400000| Untracked 
| 149|0x00000000e9500000, 0x00000000e9500000, 0x00000000e9600000|  0%| F|  |TAMS 0x00000000e9500000, 0x00000000e9500000| Untracked 
| 150|0x00000000e9600000, 0x00000000e9600000, 0x00000000e9700000|  0%| F|  |TAMS 0x00000000e9600000, 0x00000000e9600000| Untracked 
| 151|0x00000000e9700000, 0x00000000e9700000, 0x00000000e9800000|  0%| F|  |TAMS 0x00000000e9700000, 0x00000000e9700000| Untracked 
| 152|0x00000000e9800000, 0x00000000e9800000, 0x00000000e9900000|  0%| F|  |TAMS 0x00000000e9800000, 0x00000000e9800000| Untracked 
| 153|0x00000000e9900000, 0x00000000e9900000, 0x00000000e9a00000|  0%| F|  |TAMS 0x00000000e9900000, 0x00000000e9900000| Untracked 
| 154|0x00000000e9a00000, 0x00000000e9a00000, 0x00000000e9b00000|  0%| F|  |TAMS 0x00000000e9a00000, 0x00000000e9a00000| Untracked 
| 155|0x00000000e9b00000, 0x00000000e9b00000, 0x00000000e9c00000|  0%| F|  |TAMS 0x00000000e9b00000, 0x00000000e9b00000| Untracked 
| 156|0x00000000e9c00000, 0x00000000e9c00000, 0x00000000e9d00000|  0%| F|  |TAMS 0x00000000e9c00000, 0x00000000e9c00000| Untracked 
| 157|0x00000000e9d00000, 0x00000000e9d00000, 0x00000000e9e00000|  0%| F|  |TAMS 0x00000000e9d00000, 0x00000000e9d00000| Untracked 
| 158|0x00000000e9e00000, 0x00000000e9e00000, 0x00000000e9f00000|  0%| F|  |TAMS 0x00000000e9e00000, 0x00000000e9e00000| Untracked 
| 159|0x00000000e9f00000, 0x00000000e9f00000, 0x00000000ea000000|  0%| F|  |TAMS 0x00000000e9f00000, 0x00000000e9f00000| Untracked 
| 160|0x00000000ea000000, 0x00000000ea000000, 0x00000000ea100000|  0%| F|  |TAMS 0x00000000ea000000, 0x00000000ea000000| Untracked 
| 161|0x00000000ea100000, 0x00000000ea100000, 0x00000000ea200000|  0%| F|  |TAMS 0x00000000ea100000, 0x00000000ea100000| Untracked 
| 162|0x00000000ea200000, 0x00000000ea200000, 0x00000000ea300000|  0%| F|  |TAMS 0x00000000ea200000, 0x00000000ea200000| Untracked 
| 163|0x00000000ea300000, 0x00000000ea400000, 0x00000000ea400000|100%| E|  |TAMS 0x00000000ea300000, 0x00000000ea300000| Complete 
| 164|0x00000000ea400000, 0x00000000ea500000, 0x00000000ea500000|100%| E|CS|TAMS 0x00000000ea400000, 0x00000000ea400000| Complete 
| 165|0x00000000ea500000, 0x00000000ea600000, 0x00000000ea600000|100%| E|CS|TAMS 0x00000000ea500000, 0x00000000ea500000| Complete 
| 166|0x00000000ea600000, 0x00000000ea700000, 0x00000000ea700000|100%| E|CS|TAMS 0x00000000ea600000, 0x00000000ea600000| Complete 
| 167|0x00000000ea700000, 0x00000000ea800000, 0x00000000ea800000|100%| E|CS|TAMS 0x00000000ea700000, 0x00000000ea700000| Complete 
| 168|0x00000000ea800000, 0x00000000ea900000, 0x00000000ea900000|100%| E|CS|TAMS 0x00000000ea800000, 0x00000000ea800000| Complete 
| 169|0x00000000ea900000, 0x00000000eaa00000, 0x00000000eaa00000|100%| E|CS|TAMS 0x00000000ea900000, 0x00000000ea900000| Complete 
| 170|0x00000000eaa00000, 0x00000000eab00000, 0x00000000eab00000|100%| E|CS|TAMS 0x00000000eaa00000, 0x00000000eaa00000| Complete 
| 171|0x00000000eab00000, 0x00000000eac00000, 0x00000000eac00000|100%| E|CS|TAMS 0x00000000eab00000, 0x00000000eab00000| Complete 
| 172|0x00000000eac00000, 0x00000000ead00000, 0x00000000ead00000|100%| E|CS|TAMS 0x00000000eac00000, 0x00000000eac00000| Complete 
| 173|0x00000000ead00000, 0x00000000eae00000, 0x00000000eae00000|100%| E|CS|TAMS 0x00000000ead00000, 0x00000000ead00000| Complete 
| 174|0x00000000eae00000, 0x00000000eaf00000, 0x00000000eaf00000|100%| E|CS|TAMS 0x00000000eae00000, 0x00000000eae00000| Complete 
| 175|0x00000000eaf00000, 0x00000000eb000000, 0x00000000eb000000|100%| E|CS|TAMS 0x00000000eaf00000, 0x00000000eaf00000| Complete 
| 176|0x00000000eb000000, 0x00000000eb100000, 0x00000000eb100000|100%| E|CS|TAMS 0x00000000eb000000, 0x00000000eb000000| Complete 
| 177|0x00000000eb100000, 0x00000000eb200000, 0x00000000eb200000|100%| E|CS|TAMS 0x00000000eb100000, 0x00000000eb100000| Complete 
| 178|0x00000000eb200000, 0x00000000eb300000, 0x00000000eb300000|100%| E|CS|TAMS 0x00000000eb200000, 0x00000000eb200000| Complete 
| 179|0x00000000eb300000, 0x00000000eb400000, 0x00000000eb400000|100%| E|CS|TAMS 0x00000000eb300000, 0x00000000eb300000| Complete 
| 180|0x00000000eb400000, 0x00000000eb500000, 0x00000000eb500000|100%| E|CS|TAMS 0x00000000eb400000, 0x00000000eb400000| Complete 
| 181|0x00000000eb500000, 0x00000000eb600000, 0x00000000eb600000|100%| E|CS|TAMS 0x00000000eb500000, 0x00000000eb500000| Complete 
| 182|0x00000000eb600000, 0x00000000eb700000, 0x00000000eb700000|100%| E|CS|TAMS 0x00000000eb600000, 0x00000000eb600000| Complete 
| 183|0x00000000eb700000, 0x00000000eb800000, 0x00000000eb800000|100%| E|CS|TAMS 0x00000000eb700000, 0x00000000eb700000| Complete 
| 184|0x00000000eb800000, 0x00000000eb900000, 0x00000000eb900000|100%| E|CS|TAMS 0x00000000eb800000, 0x00000000eb800000| Complete 
| 185|0x00000000eb900000, 0x00000000eba00000, 0x00000000eba00000|100%| E|CS|TAMS 0x00000000eb900000, 0x00000000eb900000| Complete 
| 186|0x00000000eba00000, 0x00000000ebb00000, 0x00000000ebb00000|100%| E|CS|TAMS 0x00000000eba00000, 0x00000000eba00000| Complete 
| 187|0x00000000ebb00000, 0x00000000ebc00000, 0x00000000ebc00000|100%| E|CS|TAMS 0x00000000ebb00000, 0x00000000ebb00000| Complete 
| 188|0x00000000ebc00000, 0x00000000ebd00000, 0x00000000ebd00000|100%| E|CS|TAMS 0x00000000ebc00000, 0x00000000ebc00000| Complete 
| 189|0x00000000ebd00000, 0x00000000ebe00000, 0x00000000ebe00000|100%| E|CS|TAMS 0x00000000ebd00000, 0x00000000ebd00000| Complete 
| 190|0x00000000ebe00000, 0x00000000ebf00000, 0x00000000ebf00000|100%| E|CS|TAMS 0x00000000ebe00000, 0x00000000ebe00000| Complete 
| 191|0x00000000ebf00000, 0x00000000ec000000, 0x00000000ec000000|100%| E|CS|TAMS 0x00000000ebf00000, 0x00000000ebf00000| Complete 
| 192|0x00000000ec000000, 0x00000000ec100000, 0x00000000ec100000|100%| E|CS|TAMS 0x00000000ec000000, 0x00000000ec000000| Complete 
| 193|0x00000000ec100000, 0x00000000ec200000, 0x00000000ec200000|100%| E|CS|TAMS 0x00000000ec100000, 0x00000000ec100000| Complete 
| 194|0x00000000ec200000, 0x00000000ec300000, 0x00000000ec300000|100%| E|CS|TAMS 0x00000000ec200000, 0x00000000ec200000| Complete 
| 195|0x00000000ec300000, 0x00000000ec400000, 0x00000000ec400000|100%| E|CS|TAMS 0x00000000ec300000, 0x00000000ec300000| Complete 
| 196|0x00000000ec400000, 0x00000000ec500000, 0x00000000ec500000|100%| E|CS|TAMS 0x00000000ec400000, 0x00000000ec400000| Complete 
| 197|0x00000000ec500000, 0x00000000ec600000, 0x00000000ec600000|100%| E|CS|TAMS 0x00000000ec500000, 0x00000000ec500000| Complete 
| 198|0x00000000ec600000, 0x00000000ec700000, 0x00000000ec700000|100%| E|CS|TAMS 0x00000000ec600000, 0x00000000ec600000| Complete 
| 199|0x00000000ec700000, 0x00000000ec800000, 0x00000000ec800000|100%| E|CS|TAMS 0x00000000ec700000, 0x00000000ec700000| Complete 
| 200|0x00000000ec800000, 0x00000000ec900000, 0x00000000ec900000|100%| E|CS|TAMS 0x00000000ec800000, 0x00000000ec800000| Complete 
| 201|0x00000000ec900000, 0x00000000eca00000, 0x00000000eca00000|100%| E|CS|TAMS 0x00000000ec900000, 0x00000000ec900000| Complete 
| 202|0x00000000eca00000, 0x00000000ecb00000, 0x00000000ecb00000|100%| E|CS|TAMS 0x00000000eca00000, 0x00000000eca00000| Complete 
| 203|0x00000000ecb00000, 0x00000000ecc00000, 0x00000000ecc00000|100%| E|CS|TAMS 0x00000000ecb00000, 0x00000000ecb00000| Complete 
| 204|0x00000000ecc00000, 0x00000000ecd00000, 0x00000000ecd00000|100%| E|CS|TAMS 0x00000000ecc00000, 0x00000000ecc00000| Complete 
| 205|0x00000000ecd00000, 0x00000000ece00000, 0x00000000ece00000|100%| E|CS|TAMS 0x00000000ecd00000, 0x00000000ecd00000| Complete 
| 206|0x00000000ece00000, 0x00000000ecf00000, 0x00000000ecf00000|100%| E|CS|TAMS 0x00000000ece00000, 0x00000000ece00000| Complete 
| 207|0x00000000ecf00000, 0x00000000ed000000, 0x00000000ed000000|100%| E|CS|TAMS 0x00000000ecf00000, 0x00000000ecf00000| Complete 
| 208|0x00000000ed000000, 0x00000000ed100000, 0x00000000ed100000|100%| E|CS|TAMS 0x00000000ed000000, 0x00000000ed000000| Complete 
| 209|0x00000000ed100000, 0x00000000ed200000, 0x00000000ed200000|100%| E|CS|TAMS 0x00000000ed100000, 0x00000000ed100000| Complete 
| 210|0x00000000ed200000, 0x00000000ed300000, 0x00000000ed300000|100%| E|CS|TAMS 0x00000000ed200000, 0x00000000ed200000| Complete 
| 211|0x00000000ed300000, 0x00000000ed400000, 0x00000000ed400000|100%| E|CS|TAMS 0x00000000ed300000, 0x00000000ed300000| Complete 
| 212|0x00000000ed400000, 0x00000000ed500000, 0x00000000ed500000|100%| E|CS|TAMS 0x00000000ed400000, 0x00000000ed400000| Complete 
| 213|0x00000000ed500000, 0x00000000ed600000, 0x00000000ed600000|100%| E|CS|TAMS 0x00000000ed500000, 0x00000000ed500000| Complete 
| 214|0x00000000ed600000, 0x00000000ed700000, 0x00000000ed700000|100%| E|CS|TAMS 0x00000000ed600000, 0x00000000ed600000| Complete 
| 215|0x00000000ed700000, 0x00000000ed800000, 0x00000000ed800000|100%| E|  |TAMS 0x00000000ed700000, 0x00000000ed700000| Complete 
| 216|0x00000000ed800000, 0x00000000ed900000, 0x00000000ed900000|100%| E|CS|TAMS 0x00000000ed800000, 0x00000000ed800000| Complete 
| 217|0x00000000ed900000, 0x00000000eda00000, 0x00000000eda00000|100%| E|CS|TAMS 0x00000000ed900000, 0x00000000ed900000| Complete 
| 218|0x00000000eda00000, 0x00000000edb00000, 0x00000000edb00000|100%| E|CS|TAMS 0x00000000eda00000, 0x00000000eda00000| Complete 
| 219|0x00000000edb00000, 0x00000000edc00000, 0x00000000edc00000|100%| E|CS|TAMS 0x00000000edb00000, 0x00000000edb00000| Complete 
| 220|0x00000000edc00000, 0x00000000edd00000, 0x00000000edd00000|100%| E|CS|TAMS 0x00000000edc00000, 0x00000000edc00000| Complete 
| 221|0x00000000edd00000, 0x00000000ede00000, 0x00000000ede00000|100%| E|CS|TAMS 0x00000000edd00000, 0x00000000edd00000| Complete 
| 222|0x00000000ede00000, 0x00000000edf00000, 0x00000000edf00000|100%| E|CS|TAMS 0x00000000ede00000, 0x00000000ede00000| Complete 
| 223|0x00000000edf00000, 0x00000000ee000000, 0x00000000ee000000|100%| E|CS|TAMS 0x00000000edf00000, 0x00000000edf00000| Complete 
| 224|0x00000000ee000000, 0x00000000ee100000, 0x00000000ee100000|100%| E|CS|TAMS 0x00000000ee000000, 0x00000000ee000000| Complete 
| 225|0x00000000ee100000, 0x00000000ee200000, 0x00000000ee200000|100%| E|CS|TAMS 0x00000000ee100000, 0x00000000ee100000| Complete 
| 226|0x00000000ee200000, 0x00000000ee300000, 0x00000000ee300000|100%| E|CS|TAMS 0x00000000ee200000, 0x00000000ee200000| Complete 
| 227|0x00000000ee300000, 0x00000000ee400000, 0x00000000ee400000|100%| E|CS|TAMS 0x00000000ee300000, 0x00000000ee300000| Complete 
| 228|0x00000000ee400000, 0x00000000ee500000, 0x00000000ee500000|100%| E|CS|TAMS 0x00000000ee400000, 0x00000000ee400000| Complete 
| 229|0x00000000ee500000, 0x00000000ee600000, 0x00000000ee600000|100%| E|CS|TAMS 0x00000000ee500000, 0x00000000ee500000| Complete 
| 230|0x00000000ee600000, 0x00000000ee700000, 0x00000000ee700000|100%| E|CS|TAMS 0x00000000ee600000, 0x00000000ee600000| Complete 
| 231|0x00000000ee700000, 0x00000000ee800000, 0x00000000ee800000|100%| E|CS|TAMS 0x00000000ee700000, 0x00000000ee700000| Complete 
| 232|0x00000000ee800000, 0x00000000ee900000, 0x00000000ee900000|100%| E|CS|TAMS 0x00000000ee800000, 0x00000000ee800000| Complete 
| 233|0x00000000ee900000, 0x00000000eea00000, 0x00000000eea00000|100%| E|CS|TAMS 0x00000000ee900000, 0x00000000ee900000| Complete 
| 234|0x00000000eea00000, 0x00000000eeb00000, 0x00000000eeb00000|100%| E|CS|TAMS 0x00000000eea00000, 0x00000000eea00000| Complete 
| 235|0x00000000eeb00000, 0x00000000eec00000, 0x00000000eec00000|100%| E|CS|TAMS 0x00000000eeb00000, 0x00000000eeb00000| Complete 
| 236|0x00000000eec00000, 0x00000000eed00000, 0x00000000eed00000|100%| E|CS|TAMS 0x00000000eec00000, 0x00000000eec00000| Complete 
| 237|0x00000000eed00000, 0x00000000eee00000, 0x00000000eee00000|100%| E|CS|TAMS 0x00000000eed00000, 0x00000000eed00000| Complete 
| 238|0x00000000eee00000, 0x00000000eef00000, 0x00000000eef00000|100%| E|CS|TAMS 0x00000000eee00000, 0x00000000eee00000| Complete 
| 239|0x00000000eef00000, 0x00000000ef000000, 0x00000000ef000000|100%| E|CS|TAMS 0x00000000eef00000, 0x00000000eef00000| Complete 
| 240|0x00000000ef000000, 0x00000000ef100000, 0x00000000ef100000|100%| E|CS|TAMS 0x00000000ef000000, 0x00000000ef000000| Complete 
| 241|0x00000000ef100000, 0x00000000ef200000, 0x00000000ef200000|100%| E|CS|TAMS 0x00000000ef100000, 0x00000000ef100000| Complete 
| 242|0x00000000ef200000, 0x00000000ef300000, 0x00000000ef300000|100%| E|CS|TAMS 0x00000000ef200000, 0x00000000ef200000| Complete 
| 243|0x00000000ef300000, 0x00000000ef400000, 0x00000000ef400000|100%| E|CS|TAMS 0x00000000ef300000, 0x00000000ef300000| Complete 
| 244|0x00000000ef400000, 0x00000000ef500000, 0x00000000ef500000|100%| E|CS|TAMS 0x00000000ef400000, 0x00000000ef400000| Complete 
| 245|0x00000000ef500000, 0x00000000ef600000, 0x00000000ef600000|100%| E|CS|TAMS 0x00000000ef500000, 0x00000000ef500000| Complete 
| 246|0x00000000ef600000, 0x00000000ef700000, 0x00000000ef700000|100%| E|CS|TAMS 0x00000000ef600000, 0x00000000ef600000| Complete 
| 247|0x00000000ef700000, 0x00000000ef800000, 0x00000000ef800000|100%| E|CS|TAMS 0x00000000ef700000, 0x00000000ef700000| Complete 
| 248|0x00000000ef800000, 0x00000000ef900000, 0x00000000ef900000|100%| E|CS|TAMS 0x00000000ef800000, 0x00000000ef800000| Complete 
| 249|0x00000000ef900000, 0x00000000efa00000, 0x00000000efa00000|100%| E|CS|TAMS 0x00000000ef900000, 0x00000000ef900000| Complete 
| 250|0x00000000efa00000, 0x00000000efb00000, 0x00000000efb00000|100%| E|CS|TAMS 0x00000000efa00000, 0x00000000efa00000| Complete 
| 251|0x00000000efb00000, 0x00000000efc00000, 0x00000000efc00000|100%| E|CS|TAMS 0x00000000efb00000, 0x00000000efb00000| Complete 
| 252|0x00000000efc00000, 0x00000000efd00000, 0x00000000efd00000|100%| E|CS|TAMS 0x00000000efc00000, 0x00000000efc00000| Complete 
| 253|0x00000000efd00000, 0x00000000efe00000, 0x00000000efe00000|100%| E|CS|TAMS 0x00000000efd00000, 0x00000000efd00000| Complete 
| 254|0x00000000efe00000, 0x00000000eff00000, 0x00000000eff00000|100%| E|CS|TAMS 0x00000000efe00000, 0x00000000efe00000| Complete 
| 255|0x00000000eff00000, 0x00000000f0000000, 0x00000000f0000000|100%| E|CS|TAMS 0x00000000eff00000, 0x00000000eff00000| Complete 

Card table byte_map: [0x000001a92fac0000,0x000001a92fbc0000] _byte_map_base: 0x000001a92f3c0000

Marking Bits (Prev, Next): (CMBitMap*) 0x000001a918b3af30, (CMBitMap*) 0x000001a918b3af70
 Prev Bits: [0x000001a92fcc0000, 0x000001a9304c0000)
 Next Bits: [0x000001a9304c0000, 0x000001a930cc0000)

Polling page: 0x000001a916900000

Metaspace:

Usage:
  Non-class:     38.16 MB used.
      Class:      6.25 MB used.
       Both:     44.41 MB used.

Virtual space:
  Non-class space:       64.00 MB reserved,      38.44 MB ( 60%) committed,  1 nodes.
      Class space:      320.00 MB reserved,       6.50 MB (  2%) committed,  1 nodes.
             Both:      384.00 MB reserved,      44.94 MB ( 12%) committed. 

Chunk freelists:
   Non-Class:  9.45 MB
       Class:  9.47 MB
        Both:  18.92 MB

MaxMetaspaceSize: 384.00 MB
CompressedClassSpaceSize: 320.00 MB
Initial GC threshold: 21.00 MB
Current GC threshold: 58.88 MB
CDS: on
MetaspaceReclaimPolicy: balanced
 - commit_granule_bytes: 65536.
 - commit_granule_words: 8192.
 - virtual_space_node_default_size: 8388608.
 - enlarge_chunks_in_place: 1.
 - new_chunks_are_fully_committed: 0.
 - uncommit_free_chunks: 1.
 - use_allocation_guard: 0.
 - handle_deallocations: 1.


Internal statistics:

num_allocs_failed_limit: 6.
num_arena_births: 542.
num_arena_deaths: 0.
num_vsnodes_births: 2.
num_vsnodes_deaths: 0.
num_space_committed: 719.
num_space_uncommitted: 0.
num_chunks_returned_to_freelist: 6.
num_chunks_taken_from_freelist: 2376.
num_chunk_merges: 6.
num_chunk_splits: 1543.
num_chunks_enlarged: 1038.
num_inconsistent_stats: 0.

CodeHeap 'non-profiled nmethods': size=120000Kb used=2778Kb max_used=3226Kb free=117221Kb
 bounds [0x000001a928160000, 0x000001a928490000, 0x000001a92f690000]
CodeHeap 'profiled nmethods': size=120000Kb used=8744Kb max_used=9873Kb free=111255Kb
 bounds [0x000001a920690000, 0x000001a921040000, 0x000001a927bc0000]
CodeHeap 'non-nmethods': size=5760Kb used=2329Kb max_used=2377Kb free=3430Kb
 bounds [0x000001a927bc0000, 0x000001a927e30000, 0x000001a928160000]
 total_blobs=5370 nmethods=4528 adapters=754
 compilation: enabled
              stopped_count=0, restarted_count=0
 full_count=0

Compilation events (20 events):
Event: 19.748 Thread 0x000001a933720550 5323       3       com.google.common.collect.ImmutableSet$Builder::build (32 bytes)
Event: 19.749 Thread 0x000001a933720550 nmethod 5323 0x000001a9208ceb10 code [0x000001a9208ced00, 0x000001a9208cf168]
Event: 19.749 Thread 0x000001a933720550 5324       1       org.gradle.internal.component.external.model.AbstractModuleComponentResolveMetadata::getSources (5 bytes)
Event: 19.749 Thread 0x000001a933720550 nmethod 5324 0x000001a92824ed10 code [0x000001a92824eea0, 0x000001a92824ef78]
Event: 19.749 Thread 0x000001a933720550 5325       1       org.gradle.api.internal.artifacts.ivyservice.resolveengine.artifact.DefaultResolvedVariantSet::getCandidates (5 bytes)
Event: 19.749 Thread 0x000001a933720550 nmethod 5325 0x000001a9281ec990 code [0x000001a9281ecb20, 0x000001a9281ecbf8]
Event: 19.749 Thread 0x000001a933720550 5326       1       org.gradle.api.internal.artifacts.ivyservice.resolveengine.artifact.ArtifactBackedResolvedVariant::getAttributes (5 bytes)
Event: 19.749 Thread 0x000001a933720550 nmethod 5326 0x000001a9281ec690 code [0x000001a9281ec820, 0x000001a9281ec8f8]
Event: 19.763 Thread 0x000001a933720550 5327       1       java.nio.DirectByteBuffer::isReadOnly (2 bytes)
Event: 19.763 Thread 0x000001a933720550 nmethod 5327 0x000001a9281ec390 code [0x000001a9281ec520, 0x000001a9281ec5f8]
Event: 19.918 Thread 0x000001a933720550 5328       3       com.google.common.cache.LocalCache$AccessQueue::offer (9 bytes)
Event: 19.918 Thread 0x000001a933720550 nmethod 5328 0x000001a920c2a210 code [0x000001a920c2a3c0, 0x000001a920c2a608]
Event: 19.918 Thread 0x000001a933720550 5329       3       com.google.common.cache.LocalCache$AccessQueue::offer (38 bytes)
Event: 19.918 Thread 0x000001a933720550 nmethod 5329 0x000001a920c29190 code [0x000001a920c293e0, 0x000001a920c29d48]
Event: 20.057 Thread 0x000001a933720550 5330       3       java.util.Spliterators::emptySpliterator (4 bytes)
Event: 20.057 Thread 0x000001a933720550 nmethod 5330 0x000001a920bfd590 code [0x000001a920bfd720, 0x000001a920bfd818]
Event: 20.057 Thread 0x000001a933720550 5331       3       java.util.Spliterators$EmptySpliterator$OfRef::forEachRemaining (6 bytes)
Event: 20.058 Thread 0x000001a933720550 nmethod 5331 0x000001a920792e10 code [0x000001a920792fe0, 0x000001a9207932a8]
Event: 20.058 Thread 0x000001a933720550 5332       3       java.util.Spliterators$EmptySpliterator::forEachRemaining (6 bytes)
Event: 20.058 Thread 0x000001a933720550 nmethod 5332 0x000001a920792910 code [0x000001a920792ac0, 0x000001a920792d28]

GC Heap History (10 events):
Event: 0.971 GC heap before
{Heap before GC invocations=0 (full 0):
 garbage-first heap   total 262144K, used 23552K [0x00000000e0000000, 0x0000000100000000)
  region size 1024K, 23 young (23552K), 0 survivors (0K)
 Metaspace       used 1058K, committed 1216K, reserved 393216K
  class space    used 72K, committed 128K, reserved 327680K
}
Event: 1.003 GC heap after
{Heap after GC invocations=1 (full 0):
 garbage-first heap   total 262144K, used 2175K [0x00000000e0000000, 0x0000000100000000)
  region size 1024K, 3 young (3072K), 3 survivors (3072K)
 Metaspace       used 1058K, committed 1216K, reserved 393216K
  class space    used 72K, committed 128K, reserved 327680K
}
Event: 2.026 GC heap before
{Heap before GC invocations=1 (full 0):
 garbage-first heap   total 262144K, used 40063K [0x00000000e0000000, 0x0000000100000000)
  region size 1024K, 38 young (38912K), 3 survivors (3072K)
 Metaspace       used 4384K, committed 4544K, reserved 393216K
  class space    used 547K, committed 640K, reserved 327680K
}
Event: 2.030 GC heap after
{Heap after GC invocations=2 (full 0):
 garbage-first heap   total 262144K, used 11327K [0x00000000e0000000, 0x0000000100000000)
  region size 1024K, 5 young (5120K), 5 survivors (5120K)
 Metaspace       used 4384K, committed 4544K, reserved 393216K
  class space    used 547K, committed 640K, reserved 327680K
}
Event: 2.820 GC heap before
{Heap before GC invocations=2 (full 0):
 garbage-first heap   total 262144K, used 59455K [0x00000000e0000000, 0x0000000100000000)
  region size 1024K, 50 young (51200K), 5 survivors (5120K)
 Metaspace       used 4710K, committed 4928K, reserved 393216K
  class space    used 599K, committed 704K, reserved 327680K
}
Event: 2.825 GC heap after
{Heap after GC invocations=3 (full 0):
 garbage-first heap   total 262144K, used 16017K [0x00000000e0000000, 0x0000000100000000)
  region size 1024K, 7 young (7168K), 7 survivors (7168K)
 Metaspace       used 4710K, committed 4928K, reserved 393216K
  class space    used 599K, committed 704K, reserved 327680K
}
Event: 9.749 GC heap before
{Heap before GC invocations=3 (full 0):
 garbage-first heap   total 262144K, used 125585K [0x00000000e0000000, 0x0000000100000000)
  region size 1024K, 115 young (117760K), 7 survivors (7168K)
 Metaspace       used 21143K, committed 21504K, reserved 393216K
  class space    used 3068K, committed 3200K, reserved 327680K
}
Event: 9.777 GC heap after
{Heap after GC invocations=4 (full 0):
 garbage-first heap   total 262144K, used 23479K [0x00000000e0000000, 0x0000000100000000)
  region size 1024K, 15 young (15360K), 15 survivors (15360K)
 Metaspace       used 21143K, committed 21504K, reserved 393216K
  class space    used 3068K, committed 3200K, reserved 327680K
}
Event: 15.887 GC heap before
{Heap before GC invocations=5 (full 0):
 garbage-first heap   total 262144K, used 154551K [0x00000000e0000000, 0x0000000100000000)
  region size 1024K, 140 young (143360K), 15 survivors (15360K)
 Metaspace       used 35691K, committed 36096K, reserved 393216K
  class space    used 4976K, committed 5184K, reserved 327680K
}
Event: 15.901 GC heap after
{Heap after GC invocations=6 (full 0):
 garbage-first heap   total 262144K, used 32493K [0x00000000e0000000, 0x0000000100000000)
  region size 1024K, 16 young (16384K), 16 survivors (16384K)
 Metaspace       used 35691K, committed 36096K, reserved 393216K
  class space    used 4976K, committed 5184K, reserved 327680K
}

Dll operation events (15 events):
Event: 0.027 Loaded shared library C:\Users\duoc.nguyen1\.jdks\ms-17.0.20\bin\java.dll
Event: 0.056 Loaded shared library C:\Users\duoc.nguyen1\.jdks\ms-17.0.20\bin\jsvml.dll
Event: 0.125 Loaded shared library C:\Users\duoc.nguyen1\.jdks\ms-17.0.20\bin\zip.dll
Event: 0.128 Loaded shared library C:\Users\duoc.nguyen1\.jdks\ms-17.0.20\bin\instrument.dll
Event: 0.134 Loaded shared library C:\Users\duoc.nguyen1\.jdks\ms-17.0.20\bin\net.dll
Event: 0.136 Loaded shared library C:\Users\duoc.nguyen1\.jdks\ms-17.0.20\bin\nio.dll
Event: 0.138 Loaded shared library C:\Users\duoc.nguyen1\.jdks\ms-17.0.20\bin\zip.dll
Event: 0.670 Loaded shared library C:\Users\duoc.nguyen1\.jdks\ms-17.0.20\bin\jimage.dll
Event: 1.148 Loaded shared library C:\Users\duoc.nguyen1\.jdks\ms-17.0.20\bin\verify.dll
Event: 1.269 Loaded shared library C:\Users\duoc.nguyen1\.gradle\native\1def1411415f61bf3af743bc5b6707747c0891f09f0c88961ee8f79bc544acac\windows-amd64\native-platform.dll
Event: 1.291 Loaded shared library C:\Users\duoc.nguyen1\.gradle\native\0.2.7\x86_64-windows-gnu\gradle-fileevents.dll
Event: 3.014 Loaded shared library C:\Users\duoc.nguyen1\.jdks\ms-17.0.20\bin\management.dll
Event: 3.019 Loaded shared library C:\Users\duoc.nguyen1\.jdks\ms-17.0.20\bin\management_ext.dll
Event: 3.233 Loaded shared library C:\Users\duoc.nguyen1\.jdks\ms-17.0.20\bin\extnet.dll
Event: 3.785 Loaded shared library C:\Users\duoc.nguyen1\.jdks\ms-17.0.20\bin\sunmscapi.dll

Deoptimization events (20 events):
Event: 19.681 Thread 0x000001a94ef70b80 DEOPT PACKING pc=0x000001a92831eed0 sp=0x0000005dbf0fe460
Event: 19.681 Thread 0x000001a94ef70b80 DEOPT UNPACKING pc=0x000001a927c169a3 sp=0x0000005dbf0fe428 mode 2
Event: 19.681 Thread 0x000001a94ef70b80 Uncommon trap: trap_request=0xffffff54 fr.pc=0x000001a928327904 relative=0x0000000000004da4
Event: 19.681 Thread 0x000001a94ef70b80 Uncommon trap: reason=speculate_null_assert action=make_not_entrant pc=0x000001a928327904 method=java.lang.invoke.MethodType$ConcurrentWeakInternSet.add(Ljava/lang/Object;)Ljava/lang/Object; @ 47 c2
Event: 19.681 Thread 0x000001a94ef70b80 DEOPT PACKING pc=0x000001a928327904 sp=0x0000005dbf0fe640
Event: 19.681 Thread 0x000001a94ef70b80 DEOPT UNPACKING pc=0x000001a927c169a3 sp=0x0000005dbf0fe5d8 mode 2
Event: 19.682 Thread 0x000001a94ec0d330 Uncommon trap: trap_request=0xffffff45 fr.pc=0x000001a928224938 relative=0x0000000000000098
Event: 19.682 Thread 0x000001a94ec0d330 Uncommon trap: reason=unstable_if action=reinterpret pc=0x000001a928224938 method=java.util.concurrent.locks.AbstractQueuedSynchronizer.signalNext(Ljava/util/concurrent/locks/AbstractQueuedSynchronizer$Node;)V @ 17 c2
Event: 19.682 Thread 0x000001a94ec0d330 DEOPT PACKING pc=0x000001a928224938 sp=0x0000005dbd8f8a50
Event: 19.682 Thread 0x000001a94ec0d330 DEOPT UNPACKING pc=0x000001a927c169a3 sp=0x0000005dbd8f89e0 mode 2
Event: 19.691 Thread 0x000001a94ef6f740 DEOPT PACKING pc=0x000001a920e17084 sp=0x0000005dbeefd140
Event: 19.691 Thread 0x000001a94ef6f740 DEOPT UNPACKING pc=0x000001a927c17143 sp=0x0000005dbeefc6c0 mode 0
Event: 19.692 Thread 0x000001a94ef6bf90 Uncommon trap: trap_request=0xffffff45 fr.pc=0x000001a928228cbc relative=0x000000000000017c
Event: 19.692 Thread 0x000001a94ef6bf90 Uncommon trap: reason=unstable_if action=reinterpret pc=0x000001a928228cbc method=java.util.concurrent.ConcurrentHashMap.addCount(JI)V @ 34 c2
Event: 19.692 Thread 0x000001a94ef6bf90 DEOPT PACKING pc=0x000001a928228cbc sp=0x0000005dbeffe6c0
Event: 19.692 Thread 0x000001a94ef6bf90 DEOPT UNPACKING pc=0x000001a927c169a3 sp=0x0000005dbeffe600 mode 2
Event: 19.692 Thread 0x000001a94ef6bf90 Uncommon trap: trap_request=0xffffff45 fr.pc=0x000001a92827ce90 relative=0x0000000000000ef0
Event: 19.692 Thread 0x000001a94ef6bf90 Uncommon trap: reason=unstable_if action=reinterpret pc=0x000001a92827ce90 method=java.util.concurrent.ConcurrentHashMap.addCount(JI)V @ 7 c2
Event: 19.692 Thread 0x000001a94ef6bf90 DEOPT PACKING pc=0x000001a92827ce90 sp=0x0000005dbeffe750
Event: 19.692 Thread 0x000001a94ef6bf90 DEOPT UNPACKING pc=0x000001a927c169a3 sp=0x0000005dbeffe610 mode 2

Classes loaded (20 events):
Event: 17.173 Loading class javax/net/ssl/SSLPeerUnverifiedException
Event: 17.173 Loading class javax/net/ssl/SSLPeerUnverifiedException done
Event: 17.173 Loading class javax/naming/NamingException
Event: 17.173 Loading class javax/naming/NamingException done
Event: 17.173 Loading class javax/naming/InvalidNameException
Event: 17.173 Loading class javax/naming/InvalidNameException done
Event: 17.173 Loading class java/security/cert/CertificateParsingException
Event: 17.173 Loading class java/security/cert/CertificateException
Event: 17.173 Loading class java/security/cert/CertificateException done
Event: 17.173 Loading class java/security/cert/CertificateParsingException done
Event: 18.042 Loading class java/io/DeleteOnExitHook
Event: 18.042 Loading class java/io/DeleteOnExitHook done
Event: 18.042 Loading class java/io/DeleteOnExitHook$1
Event: 18.042 Loading class java/io/DeleteOnExitHook$1 done
Event: 19.727 Loading class sun/reflect/ReflectionFactory
Event: 19.727 Loading class sun/reflect/ReflectionFactory done
Event: 19.727 Loading class sun/reflect/ReflectionFactory$1
Event: 19.727 Loading class sun/reflect/ReflectionFactory$1 done
Event: 19.728 Loading class jdk/internal/reflect/SerializationConstructorAccessorImpl
Event: 19.728 Loading class jdk/internal/reflect/SerializationConstructorAccessorImpl done

Classes unloaded (0 events):
No events

Classes redefined (0 events):
No events

Internal exceptions (20 events):
Event: 18.155 Thread 0x000001a94ec0d330 Exception <a 'java/lang/NoSuchMethodError'{0x00000000ec23d6f8}: 'java.lang.Object java.lang.invoke.DirectMethodHandle$Holder.newInvokeSpecial(java.lang.Object, java.lang.Object, java.lang.Object, int)'> (0x00000000ec23d6f8) 
thrown [s\src\hotspot\share\interpreter\linkResolver.cpp, line 759]
Event: 18.159 Thread 0x000001a94ec0d330 Exception <a 'java/lang/NoSuchMethodError'{0x00000000ec242820}: 'java.lang.Object java.lang.invoke.DirectMethodHandle$Holder.invokeSpecial(java.lang.Object, java.lang.Object, java.lang.Object, java.lang.Object, int)'> (0x00000000ec242820) 
thrown [s\src\hotspot\share\interpreter\linkResolver.cpp, line 759]
Event: 18.159 Thread 0x000001a94ec0d330 Exception <a 'java/lang/NoSuchMethodError'{0x00000000ec247130}: 'java.lang.Object java.lang.invoke.Invokers$Holder.linkToTargetMethod(java.lang.Object, java.lang.Object, int, java.lang.Object)'> (0x00000000ec247130) 
thrown [s\src\hotspot\share\interpreter\linkResolver.cpp, line 759]
Event: 18.262 Thread 0x000001a94ec0d330 Exception <a 'java/lang/NoSuchMethodError'{0x00000000ec0d5678}: 'int java.lang.invoke.DirectMethodHandle$Holder.invokeSpecialIFC(java.lang.Object, java.lang.Object, java.lang.Object)'> (0x00000000ec0d5678) 
thrown [s\src\hotspot\share\interpreter\linkResolver.cpp, line 759]
Event: 18.359 Thread 0x000001a94ec0d330 Exception <a 'java/lang/NoSuchMethodError'{0x00000000ebb19560}: 'java.lang.Object java.lang.invoke.DirectMethodHandle$Holder.newInvokeSpecial(java.lang.Object, java.lang.Object, java.lang.Object, java.lang.Object, int)'> (0x00000000ebb19560) 
thrown [s\src\hotspot\share\interpreter\linkResolver.cpp, line 759]
Event: 18.362 Thread 0x000001a94ec0d330 Exception <a 'java/lang/NoSuchMethodError'{0x00000000ebb1e840}: 'java.lang.Object java.lang.invoke.DirectMethodHandle$Holder.invokeSpecial(java.lang.Object, java.lang.Object, java.lang.Object, java.lang.Object, java.lang.Object, int)'> (0x00000000ebb1e840) 
thrown [s\src\hotspot\share\interpreter\linkResolver.cpp, line 759]
Event: 18.363 Thread 0x000001a94ec0d330 Exception <a 'java/lang/NoSuchMethodError'{0x00000000ebb234d0}: 'java.lang.Object java.lang.invoke.Invokers$Holder.linkToTargetMethod(java.lang.Object, java.lang.Object, java.lang.Object, int, java.lang.Object)'> (0x00000000ebb234d0) 
thrown [s\src\hotspot\share\interpreter\linkResolver.cpp, line 759]
Event: 18.379 Thread 0x000001a94ec0d330 Exception <a 'java/lang/NoSuchMethodError'{0x00000000ebb602c0}: 'void java.lang.invoke.DirectMethodHandle$Holder.invokeSpecial(java.lang.Object, java.lang.Object, java.lang.Object, java.lang.Object, java.lang.Object, java.lang.Object)'> (0x00000000ebb602c0) 
thrown [s\src\hotspot\share\interpreter\linkResolver.cpp, line 759]
Event: 18.386 Thread 0x000001a94ec0d330 Exception <a 'java/lang/NoSuchMethodError'{0x00000000ebb9f630}: 'void java.lang.invoke.DirectMethodHandle$Holder.invokeStatic(java.lang.Object, java.lang.Object, java.lang.Object, int, java.lang.Object)'> (0x00000000ebb9f630) 
thrown [s\src\hotspot\share\interpreter\linkResolver.cpp, line 759]
Event: 18.425 Thread 0x000001a94ec0d330 Exception <a 'java/lang/NoSuchMethodError'{0x00000000eb97e820}: 'int java.lang.invoke.DirectMethodHandle$Holder.invokeInterface(java.lang.Object, java.lang.Object, java.lang.Object, java.lang.Object, java.lang.Object)'> (0x00000000eb97e820) 
thrown [s\src\hotspot\share\interpreter\linkResolver.cpp, line 759]
Event: 18.709 Thread 0x000001a94ec0d330 Exception <a 'java/lang/NoSuchMethodError'{0x00000000eb2b07e8}: 'int java.lang.invoke.DirectMethodHandle$Holder.invokeInterface(java.lang.Object, java.lang.Object, java.lang.Object, java.lang.Object)'> (0x00000000eb2b07e8) 
thrown [s\src\hotspot\share\interpreter\linkResolver.cpp, line 759]
Event: 18.806 Thread 0x000001a94ec0d330 Exception <a 'java/lang/NoSuchMethodError'{0x00000000eb095360}: 'java.lang.Object java.lang.invoke.DirectMethodHandle$Holder.invokeStatic(java.lang.Object, long, java.lang.Object)'> (0x00000000eb095360) 
thrown [s\src\hotspot\share\interpreter\linkResolver.cpp, line 759]
Event: 18.814 Thread 0x000001a94ec0d330 Exception <a 'java/lang/NoSuchMethodError'{0x00000000eb09d098}: 'java.lang.Object java.lang.invoke.DirectMethodHandle$Holder.newInvokeSpecial(java.lang.Object, long)'> (0x00000000eb09d098) 
thrown [s\src\hotspot\share\interpreter\linkResolver.cpp, line 759]
Event: 18.836 Thread 0x000001a94ec0d330 Exception <a 'java/lang/NoSuchMethodError'{0x00000000eaf0e958}: 'java.lang.Object java.lang.invoke.Invokers$Holder.linkToTargetMethod(java.lang.Object, java.lang.Object, java.lang.Object, java.lang.Object, long, java.lang.Object, java.lang.Object)'> (0x00000000eaf0e958) 
thrown [s\src\hotspot\share\interpreter\linkResolver.cpp, line 759]
Event: 18.844 Thread 0x000001a94ec0d330 Exception <a 'java/lang/NoSuchMethodError'{0x00000000eaf54e08}: 'java.lang.Object java.lang.invoke.DirectMethodHandle$Holder.newInvokeSpecial(java.lang.Object, java.lang.Object, java.lang.Object, long, java.lang.Object)'> (0x00000000eaf54e08) 
thrown [s\src\hotspot\share\interpreter\linkResolver.cpp, line 759]
Event: 18.844 Thread 0x000001a94ec0d330 Exception <a 'java/lang/NoSuchMethodError'{0x00000000eaf59f38}: 'java.lang.Object java.lang.invoke.DirectMethodHandle$Holder.invokeSpecial(java.lang.Object, java.lang.Object, java.lang.Object, java.lang.Object, long, java.lang.Object)'> (0x00000000eaf59f38) 
thrown [s\src\hotspot\share\interpreter\linkResolver.cpp, line 759]
Event: 18.844 Thread 0x000001a94ec0d330 Exception <a 'java/lang/NoSuchMethodError'{0x00000000eaf5e720}: 'java.lang.Object java.lang.invoke.Invokers$Holder.linkToTargetMethod(java.lang.Object, java.lang.Object, long, java.lang.Object, java.lang.Object)'> (0x00000000eaf5e720) 
thrown [s\src\hotspot\share\interpreter\linkResolver.cpp, line 759]
Event: 18.944 Thread 0x000001a94ec0d330 Exception <a 'java/lang/NoSuchMethodError'{0x00000000eadc8170}: 'java.lang.Object java.lang.invoke.DirectMethodHandle$Holder.invokeSpecial(java.lang.Object, java.lang.Object, long, java.lang.Object, java.lang.Object)'> (0x00000000eadc8170) 
thrown [s\src\hotspot\share\interpreter\linkResolver.cpp, line 759]
Event: 19.731 Thread 0x000001a94ec0d330 Exception <a 'java/lang/NoSuchMethodError'{0x00000000ea429410}: 'java.lang.Object java.lang.invoke.DirectMethodHandle$Holder.newInvokeSpecial(java.lang.Object, java.lang.Object, java.lang.Object, java.lang.Object, int, java.lang.Object)'> (0x00000000ea429410) 
thrown [s\src\hotspot\share\interpreter\linkResolver.cpp, line 759]
Event: 19.731 Thread 0x000001a94ec0d330 Exception <a 'java/lang/NoSuchMethodError'{0x00000000ea431f68}: 'java.lang.Object java.lang.invoke.Invokers$Holder.linkToTargetMethod(java.lang.Object, java.lang.Object, java.lang.Object, int, java.lang.Object, java.lang.Object)'> (0x00000000ea431f68) 
thrown [s\src\hotspot\share\interpreter\linkResolver.cpp, line 759]

VM Operations (20 events):
Event: 17.737 Executing VM operation: HandshakeAllThreads
Event: 17.737 Executing VM operation: HandshakeAllThreads done
Event: 17.746 Executing VM operation: ICBufferFull
Event: 17.746 Executing VM operation: ICBufferFull done
Event: 17.752 Executing VM operation: HandshakeAllThreads
Event: 17.752 Executing VM operation: HandshakeAllThreads done
Event: 17.787 Executing VM operation: HandshakeAllThreads
Event: 17.787 Executing VM operation: HandshakeAllThreads done
Event: 18.707 Executing VM operation: HandshakeAllThreads
Event: 18.708 Executing VM operation: HandshakeAllThreads done
Event: 18.911 Executing VM operation: HandshakeAllThreads
Event: 18.911 Executing VM operation: HandshakeAllThreads done
Event: 18.911 Executing VM operation: Cleanup
Event: 18.912 Executing VM operation: Cleanup done
Event: 18.916 Executing VM operation: HandshakeAllThreads
Event: 18.916 Executing VM operation: HandshakeAllThreads done
Event: 19.708 Executing VM operation: HandshakeAllThreads
Event: 19.708 Executing VM operation: HandshakeAllThreads done
Event: 20.722 Executing VM operation: Cleanup
Event: 20.722 Executing VM operation: Cleanup done

Memory protections (0 events):
No events

Nmethod flushes (20 events):
Event: 17.794 Thread 0x000001a933723a10 flushing  nmethod 0x000001a920e21390
Event: 17.794 Thread 0x000001a933723a10 flushing  nmethod 0x000001a920e22090
Event: 17.794 Thread 0x000001a933723a10 flushing  nmethod 0x000001a920e22710
Event: 17.794 Thread 0x000001a933723a10 flushing  nmethod 0x000001a920e23510
Event: 17.794 Thread 0x000001a933723a10 flushing  nmethod 0x000001a920e23a10
Event: 17.794 Thread 0x000001a933723a10 flushing  nmethod 0x000001a920e25d90
Event: 17.797 Thread 0x000001a933723a10 flushing  nmethod 0x000001a920e55c10
Event: 17.798 Thread 0x000001a933723a10 flushing  nmethod 0x000001a920e76a10
Event: 17.798 Thread 0x000001a933723a10 flushing  nmethod 0x000001a920ef2b10
Event: 17.798 Thread 0x000001a933723a10 flushing  nmethod 0x000001a920f34210
Event: 17.799 Thread 0x000001a933723a10 flushing  nmethod 0x000001a920fb0710
Event: 17.799 Thread 0x000001a933723a10 flushing  nmethod 0x000001a920fb1a10
Event: 17.799 Thread 0x000001a933723a10 flushing  nmethod 0x000001a920fcb810
Event: 17.799 Thread 0x000001a933723a10 flushing  nmethod 0x000001a920fe0f90
Event: 17.799 Thread 0x000001a933723a10 flushing  nmethod 0x000001a920fe1390
Event: 17.799 Thread 0x000001a933723a10 flushing  nmethod 0x000001a920fe1c90
Event: 17.799 Thread 0x000001a933723a10 flushing  nmethod 0x000001a920fe2190
Event: 17.799 Thread 0x000001a933723a10 flushing  nmethod 0x000001a920fe2910
Event: 17.799 Thread 0x000001a933723a10 flushing  nmethod 0x000001a920fe2e10
Event: 17.799 Thread 0x000001a933723a10 flushing  nmethod 0x000001a920fe5590

Events (20 events):
Event: 14.352 Thread 0x000001a94ec0d330 Thread added: 0x000001a94ef6b060
Event: 14.943 Thread 0x000001a94ec0d330 Thread added: 0x000001a94ef6ba80
Event: 14.970 Thread 0x000001a94ec0d330 Thread added: 0x000001a94ef6b570
Event: 15.054 Thread 0x000001a933720550 Thread added: 0x000001a94dffe510
Event: 15.499 Thread 0x000001a94ec0d330 Thread added: 0x000001a94ef6ddf0
Event: 15.565 Thread 0x000001a94ec0d330 Thread added: 0x000001a94ef6e810
Event: 15.807 Thread 0x000001a933720550 Thread added: 0x000001a94e001a30
Event: 16.068 Thread 0x000001a94e001a30 Thread exited: 0x000001a94e001a30
Event: 16.091 Thread 0x000001a94ec0d330 Thread added: 0x000001a94ef6c4a0
Event: 17.520 Thread 0x000001a94dffe510 Thread exited: 0x000001a94dffe510
Event: 17.670 Thread 0x000001a94ec0d330 Thread added: 0x000001a94ef6e300
Event: 17.856 Thread 0x000001a933720550 Thread added: 0x000001a9511e7890
Event: 19.260 Thread 0x000001a9511e7890 Thread exited: 0x000001a9511e7890
Event: 19.679 Thread 0x000001a94ec0d330 Thread added: 0x000001a94ef6f740
Event: 19.680 Thread 0x000001a94ec0d330 Thread added: 0x000001a94ef6bf90
Event: 19.680 Thread 0x000001a94ec0d330 Thread added: 0x000001a94ef70b80
Event: 19.680 Thread 0x000001a94ec0d330 Thread added: 0x000001a94ef70670
Event: 19.681 Thread 0x000001a94ec0d330 Thread added: 0x000001a94ef71090
Event: 19.682 Thread 0x000001a94ec0d330 Thread added: 0x000001a94ef6fc50
Event: 19.682 Thread 0x000001a94ec0d330 Thread added: 0x000001a94ef6d8e0


Dynamic libraries:
0x00007ff668300000 - 0x00007ff66830e000 	C:\Users\duoc.nguyen1\.jdks\ms-17.0.20\bin\java.exe
0x00007ffe46d60000 - 0x00007ffe46fc6000 	C:\WINDOWS\SYSTEM32\ntdll.dll
0x00007ffe46580000 - 0x00007ffe46649000 	C:\WINDOWS\System32\KERNEL32.DLL
0x00007ffe446d0000 - 0x00007ffe44aca000 	C:\WINDOWS\System32\KERNELBASE.dll
0x0000000064be0000 - 0x0000000064c7e000 	C:\ProgramData\Symantec\Symantec Endpoint Protection\14.3.10148.8000.105\Data\Sysfer\x64\sysfer.dll
0x00007ffe44160000 - 0x00007ffe442ac000 	C:\WINDOWS\System32\ucrtbase.dll
0x00007ffdd6fb0000 - 0x00007ffdd6fc8000 	C:\Users\duoc.nguyen1\.jdks\ms-17.0.20\bin\jli.dll
0x00007ffe46650000 - 0x00007ffe46817000 	C:\WINDOWS\System32\USER32.dll
0x00007ffe445f0000 - 0x00007ffe44617000 	C:\WINDOWS\System32\win32u.dll
0x00007ffe45530000 - 0x00007ffe4555b000 	C:\WINDOWS\System32\GDI32.dll
0x00007ffe442b0000 - 0x00007ffe443db000 	C:\WINDOWS\System32\gdi32full.dll
0x00007ffe43ff0000 - 0x00007ffe44093000 	C:\WINDOWS\System32\msvcp_win.dll
0x00007ffe2da90000 - 0x00007ffe2dd22000 	C:\WINDOWS\WinSxS\amd64_microsoft.windows.common-controls_6595b64144ccf1df_6.0.26100.8521_none_3e08b75ce33403b3\COMCTL32.dll
0x00007ffe45380000 - 0x00007ffe45429000 	C:\WINDOWS\System32\msvcrt.dll
0x00007ffe18a30000 - 0x00007ffe18a4e000 	C:\Users\duoc.nguyen1\.jdks\ms-17.0.20\bin\VCRUNTIME140.dll
0x00007ffe463b0000 - 0x00007ffe463e2000 	C:\WINDOWS\System32\IMM32.DLL
0x00007ffe15d10000 - 0x00007ffe15d1c000 	C:\Users\duoc.nguyen1\.jdks\ms-17.0.20\bin\vcruntime140_1.dll
0x00007ffdc04b0000 - 0x00007ffdc0539000 	C:\Users\duoc.nguyen1\.jdks\ms-17.0.20\bin\msvcp140.dll
0x00007ffd5a580000 - 0x00007ffd5b1fb000 	C:\Users\duoc.nguyen1\.jdks\ms-17.0.20\bin\server\jvm.dll
0x00007ffe464c0000 - 0x00007ffe46576000 	C:\WINDOWS\System32\ADVAPI32.dll
0x00007ffe45df0000 - 0x00007ffe45e9a000 	C:\WINDOWS\System32\sechost.dll
0x00007ffe44d90000 - 0x00007ffe44ea8000 	C:\WINDOWS\System32\RPCRT4.dll
0x00007ffe452f0000 - 0x00007ffe45370000 	C:\WINDOWS\System32\WS2_32.dll
0x00007ffe43e50000 - 0x00007ffe43eae000 	C:\WINDOWS\SYSTEM32\POWRPROF.dll
0x00007ffe39fb0000 - 0x00007ffe39fe6000 	C:\WINDOWS\SYSTEM32\WINMM.dll
0x00007ffe2dd30000 - 0x00007ffe2dd3b000 	C:\WINDOWS\SYSTEM32\VERSION.dll
0x00007ffe43e30000 - 0x00007ffe43e44000 	C:\WINDOWS\SYSTEM32\UMPDC.dll
0x00007ffe42d40000 - 0x00007ffe42d5b000 	C:\WINDOWS\SYSTEM32\kernel.appcore.dll
0x00007ffe15cd0000 - 0x00007ffe15cda000 	C:\Users\duoc.nguyen1\.jdks\ms-17.0.20\bin\jimage.dll
0x00007ffe2ddb0000 - 0x00007ffe2dff2000 	C:\WINDOWS\SYSTEM32\DBGHELP.DLL
0x00007ffe45fc0000 - 0x00007ffe46343000 	C:\WINDOWS\System32\combase.dll
0x00007ffe45d00000 - 0x00007ffe45dd9000 	C:\WINDOWS\System32\OLEAUT32.dll
0x00007ffe23540000 - 0x00007ffe2357b000 	C:\WINDOWS\SYSTEM32\dbgcore.DLL
0x00007ffe44620000 - 0x00007ffe446c8000 	C:\WINDOWS\System32\bcryptPrimitives.dll
0x00007ffe0e820000 - 0x00007ffe0e82f000 	C:\Users\duoc.nguyen1\.jdks\ms-17.0.20\bin\instrument.dll
0x00007ffdc2b00000 - 0x00007ffdc2b26000 	C:\Users\duoc.nguyen1\.jdks\ms-17.0.20\bin\java.dll
0x00007ffdc03d0000 - 0x00007ffdc04a6000 	C:\Users\duoc.nguyen1\.jdks\ms-17.0.20\bin\jsvml.dll
0x00007ffe45560000 - 0x00007ffe45ce4000 	C:\WINDOWS\System32\SHELL32.dll
0x00007ffe41980000 - 0x00007ffe42200000 	C:\WINDOWS\SYSTEM32\windows.storage.dll
0x00007ffe45ea0000 - 0x00007ffe45f96000 	C:\WINDOWS\System32\SHCORE.dll
0x00007ffe46cb0000 - 0x00007ffe46d17000 	C:\WINDOWS\System32\shlwapi.dll
0x00007ffe43f10000 - 0x00007ffe43f39000 	C:\WINDOWS\SYSTEM32\profapi.dll
0x00007ffdc0720000 - 0x00007ffdc0738000 	C:\Users\duoc.nguyen1\.jdks\ms-17.0.20\bin\zip.dll
0x00007ffdd6f90000 - 0x00007ffdd6fab000 	C:\Users\duoc.nguyen1\.jdks\ms-17.0.20\bin\net.dll
0x00007ffe3d5e0000 - 0x00007ffe3d709000 	C:\WINDOWS\SYSTEM32\WINHTTP.dll
0x00007ffe43290000 - 0x00007ffe432fc000 	C:\WINDOWS\system32\mswsock.dll
0x00007ffdc0740000 - 0x00007ffdc0756000 	C:\Users\duoc.nguyen1\.jdks\ms-17.0.20\bin\nio.dll
0x00007ffe15c40000 - 0x00007ffe15c50000 	C:\Users\duoc.nguyen1\.jdks\ms-17.0.20\bin\verify.dll
0x00007ffdc06f0000 - 0x00007ffdc0717000 	C:\Users\duoc.nguyen1\.gradle\native\1def1411415f61bf3af743bc5b6707747c0891f09f0c88961ee8f79bc544acac\windows-amd64\native-platform.dll
0x00007ffdbbb60000 - 0x00007ffdbbbd8000 	C:\Users\duoc.nguyen1\.gradle\native\0.2.7\x86_64-windows-gnu\gradle-fileevents.dll
0x00007ffe15690000 - 0x00007ffe1569a000 	C:\Users\duoc.nguyen1\.jdks\ms-17.0.20\bin\management.dll
0x00007ffe15430000 - 0x00007ffe1543c000 	C:\Users\duoc.nguyen1\.jdks\ms-17.0.20\bin\management_ext.dll
0x00007ffe45cf0000 - 0x00007ffe45cf8000 	C:\WINDOWS\System32\PSAPI.DLL
0x00007ffe424b0000 - 0x00007ffe424e3000 	C:\WINDOWS\SYSTEM32\IPHLPAPI.DLL
0x00007ffe45de0000 - 0x00007ffe45dea000 	C:\WINDOWS\System32\NSI.dll
0x00007ffe3d960000 - 0x00007ffe3d97d000 	C:\WINDOWS\SYSTEM32\dhcpcsvc6.DLL
0x00007ffe3d930000 - 0x00007ffe3d955000 	C:\WINDOWS\SYSTEM32\dhcpcsvc.DLL
0x00007ffe424f0000 - 0x00007ffe4263a000 	C:\WINDOWS\SYSTEM32\DNSAPI.dll
0x00007ffe430b0000 - 0x00007ffe430bd000 	C:\WINDOWS\SYSTEM32\DSPARSE.dll
0x00007ffe11510000 - 0x00007ffe11519000 	C:\Users\duoc.nguyen1\.jdks\ms-17.0.20\bin\extnet.dll
0x00007ffe43690000 - 0x00007ffe436ab000 	C:\WINDOWS\SYSTEM32\CRYPTSP.dll
0x00007ffe42ca0000 - 0x00007ffe42cd9000 	C:\WINDOWS\system32\rsaenh.dll
0x00007ffe43340000 - 0x00007ffe43373000 	C:\WINDOWS\SYSTEM32\USERENV.dll
0x00007ffe43ee0000 - 0x00007ffe43f0a000 	C:\WINDOWS\SYSTEM32\bcrypt.dll
0x00007ffe434f0000 - 0x00007ffe434fc000 	C:\WINDOWS\SYSTEM32\CRYPTBASE.dll
0x00007ffe0c9a0000 - 0x00007ffe0c9ae000 	C:\Users\duoc.nguyen1\.jdks\ms-17.0.20\bin\sunmscapi.dll
0x00007ffe443e0000 - 0x00007ffe44558000 	C:\WINDOWS\System32\CRYPT32.dll
0x00007ffe437f0000 - 0x00007ffe43820000 	C:\WINDOWS\SYSTEM32\ncrypt.dll
0x00007ffe437a0000 - 0x00007ffe437df000 	C:\WINDOWS\SYSTEM32\NTASN1.dll
0x00007ffdf9200000 - 0x00007ffdf9208000 	C:\WINDOWS\system32\wshunix.dll

dbghelp: loaded successfully - version: 4.0.5 - missing functions: none
symbol engine: initialized successfully - sym options: 0x614 - pdb path: .;C:\Users\duoc.nguyen1\.jdks\ms-17.0.20\bin;C:\WINDOWS\SYSTEM32;C:\ProgramData\Symantec\Symantec Endpoint Protection\14.3.10148.8000.105\Data\Sysfer\x64;C:\WINDOWS\WinSxS\amd64_microsoft.windows.common-controls_6595b64144ccf1df_6.0.26100.8521_none_3e08b75ce33403b3;C:\Users\duoc.nguyen1\.jdks\ms-17.0.20\bin\server;C:\Users\duoc.nguyen1\.gradle\native\1def1411415f61bf3af743bc5b6707747c0891f09f0c88961ee8f79bc544acac\windows-amd64;C:\Users\duoc.nguyen1\.gradle\native\0.2.7\x86_64-windows-gnu

VM Arguments:
jvm_args: --add-opens=java.base/java.lang=ALL-UNNAMED --add-opens=java.base/java.lang.invoke=ALL-UNNAMED --add-opens=java.base/java.util=ALL-UNNAMED --add-opens=java.prefs/java.util.prefs=ALL-UNNAMED --add-exports=jdk.compiler/com.sun.tools.javac.api=ALL-UNNAMED --add-exports=jdk.compiler/com.sun.tools.javac.util=ALL-UNNAMED --add-opens=java.base/java.util=ALL-UNNAMED --add-opens=java.prefs/java.util.prefs=ALL-UNNAMED --add-opens=java.base/java.nio.charset=ALL-UNNAMED --add-opens=java.base/java.net=ALL-UNNAMED --add-opens=java.base/java.util.concurrent.atomic=ALL-UNNAMED --add-opens=java.xml/javax.xml.namespace=ALL-UNNAMED -XX:MaxMetaspaceSize=384m -XX:+HeapDumpOnOutOfMemoryError -Xms256m -Xmx512m -Dfile.encoding=windows-1252 -Duser.country=US -Duser.language=en -Duser.variant -javaagent:C:\Users\duoc.nguyen1\.gradle\wrapper\dists\gradle-8.13-bin\5xuhj0ry160q40clulazy9h7d\gradle-8.13\lib\agents\gradle-instrumentation-agent-8.13.jar 
java_command: org.gradle.launcher.daemon.bootstrap.GradleDaemon 8.13
java_class_path (initial): C:\Users\duoc.nguyen1\.gradle\wrapper\dists\gradle-8.13-bin\5xuhj0ry160q40clulazy9h7d\gradle-8.13\lib\gradle-daemon-main-8.13.jar
Launcher Type: SUN_STANDARD

[Global flags]
     intx CICompilerCount                          = 4                                         {product} {ergonomic}
   size_t CompressedClassSpaceSize                 = 335544320                                 {product} {ergonomic}
     uint ConcGCThreads                            = 2                                         {product} {ergonomic}
     uint G1ConcRefinementThreads                  = 8                                         {product} {ergonomic}
   size_t G1HeapRegionSize                         = 1048576                                   {product} {ergonomic}
    uintx GCDrainStackTargetSize                   = 64                                        {product} {ergonomic}
     bool HeapDumpOnOutOfMemoryError               = true                                   {manageable} {command line}
   size_t InitialHeapSize                          = 268435456                                 {product} {command line}
   size_t MarkStackSize                            = 4194304                                   {product} {ergonomic}
   size_t MaxHeapSize                              = 536870912                                 {product} {command line}
   size_t MaxMetaspaceSize                         = 402653184                                 {product} {command line}
   size_t MaxNewSize                               = 321912832                                 {product} {ergonomic}
   size_t MinHeapDeltaBytes                        = 1048576                                   {product} {ergonomic}
   size_t MinHeapSize                              = 268435456                                 {product} {command line}
    uintx NonNMethodCodeHeapSize                   = 5839372                                {pd product} {ergonomic}
    uintx NonProfiledCodeHeapSize                  = 122909434                              {pd product} {ergonomic}
    uintx ProfiledCodeHeapSize                     = 122909434                              {pd product} {ergonomic}
    uintx ReservedCodeCacheSize                    = 251658240                              {pd product} {ergonomic}
     bool SegmentedCodeCache                       = true                                      {product} {ergonomic}
   size_t SoftMaxHeapSize                          = 536870912                              {manageable} {ergonomic}
     bool UseCompressedClassPointers               = true                           {product lp64_product} {ergonomic}
     bool UseCompressedOops                        = true                           {product lp64_product} {ergonomic}
     bool UseG1GC                                  = true                                      {product} {ergonomic}
     bool UseLargePagesIndividualAllocation        = false                                  {pd product} {ergonomic}

Logging:
Log output configuration:
 #0: stdout all=warning uptime,level,tags
 #1: stderr all=off uptime,level,tags

Environment Variables:
JAVA_HOME=C:\Users\duoc.nguyen1\.jdks\ms-17.0.20
CLASSPATH=C:\My Project\e-commerce\BE\\gradle\wrapper\gradle-wrapper.jar
PATH=C:\php81;C:\Program Files\Microsoft SDKs\Azure\CLI2\wbin;C:\Users\duoc.nguyen1\.jdks\ms-17.0.20;C:\Python310\Scripts\;C:\Python310\;C:\WINDOWS\system32;C:\WINDOWS;C:\WINDOWS\System32\Wbem;C:\WINDOWS\System32\WindowsPowerShell\v1.0\;C:\WINDOWS\System32\OpenSSH\;C:\Program Files\Git\cmd;C:\ProgramData\chocolatey\bin;C:\ProgramData\nvm;C:\nvm4w\nodejs;C:\php81;C:\composer\bin;C:\Program Files\dotnet\;C:\Program Files (x86)\dotnet\;C:\ProgramData\chocolatey\lib\maven\apache-maven-3.9.15\bin;C:\Program Files\OpenSSL-Win64\bin;C:\Program Files\Docker\Docker\resources\bin;C:\Program Files\PuTTY\;C:\Program Files\MySQL\MySQL Shell 8.0\bin\;C:\Users\duoc.nguyen1\AppData\Local\Microsoft\WindowsApps;C:\Users\duoc.nguyen1\AppData\Local\Programs\Microsoft VS Code\bin;C:\ProgramData\nvm;C:\nvm4w\nodejs;C:\Users\duoc.nguyen1\.dotnet\tools;C:\Users\duoc.nguyen1\AppData\Local\GitHubDesktop\bin
USERNAME=duoc.nguyen1
OS=Windows_NT
PROCESSOR_IDENTIFIER=Intel64 Family 6 Model 191 Stepping 5, GenuineIntel
TMP=C:\Users\DUOC~1.NGU\AppData\Local\Temp
TEMP=C:\Users\DUOC~1.NGU\AppData\Local\Temp



Periodic native trim disabled


---------------  S Y S T E M  ---------------

OS:
 Windows 11 , 64 bit Build 26100 (10.0.26100.8521)
OS uptime: 0 days 5:57 hours
Hyper-V role detected

CPU: total 8 (initial active 8) (4 cores per cpu, 2 threads per core) family 6 model 191 stepping 5 microcode 0x2c, cx8, cmov, fxsr, ht, mmx, 3dnowpref, sse, sse2, sse3, ssse3, sse4.1, sse4.2, popcnt, lzcnt, tsc, tscinvbit, avx, avx2, aes, erms, clmul, bmi1, bmi2, adx, sha, fma, vzeroupper, clflush, clflushopt, clwb, hv
Processor Information for the first 8 processors :
  Max Mhz: 3500, Current Mhz: 3500, Mhz Limit: 3500

Memory: 4k page, system-wide physical 16125M (2326M free)
TotalPageFile size 32509M (AvailPageFile size 35M)
current process WorkingSet (physical memory assigned to process): 326M, peak: 349M
current process commit charge ("private bytes"): 447M, peak: 469M

vm_info: OpenJDK 64-Bit Server VM (17.0.20+8-LTS) for windows-amd64 JRE (17.0.20+8-LTS), built on Jul 14 2026 18:14:29 by "MicrosoftCorporation" with MS VC++ 17.14 (VS2022)

END.
